2026-09-06 12:31:44,803 - INFO - Generating seeds for alphabet size 2
2026-09-06 12:31:45,049 - INFO - Training LSTM C=10 A=2 N=3500 L=2 U=128 D=256 run=1
2026-09-06 12:32:14,514 - INFO - LSTM loss=0.0305 acc=1.000 DL=0.000 JW=0.000
2026-09-06 12:32:14,630 - INFO - Training Transformer C=10 A=2 N=3500 L=2 U=1024 D=256 run=1
2026-09-06 12:32:31,909 - INFO - Transformer loss=0.0116 acc=1.000 DL=0.000 JW=0.000
2026-09-06 12:32:32,070 - INFO - Training LSTM C=10 A=2 N=3500 L=2 U=128 D=256 run=1
2026-09-06 12:32:53,886 - INFO - LSTM loss=0.0394 acc=1.000 DL=0.000 JW=0.000
2026-09-06 12:32:53,996 - INFO - Training Transformer C=10 A=2 N=3500 L=2 U=1024 D=256 run=1
2026-09-06 12:33:42,518 - INFO - Transformer loss=0.0057 acc=1.000 DL=0.000 JW=0.000
2026-09-06 12:33:42,580 - INFO - Training LSTM C=30 A=2 N=3500 L=2 U=128 D=256 run=1
2026-09-06 12:34:38,165 - INFO - LSTM loss=0.0499 acc=1.000 DL=0.000 JW=0.000
2026-09-06 12:34:38,274 - INFO - Training Transformer C=30 A=2 N=3500 L=2 U=1024 D=256 run=1
2026-09-06 12:35:22,301 - INFO - Transformer loss=0.3671 acc=0.839 DL=0.210 JW=0.107
2026-09-06 12:35:22,360 - INFO - Training LSTM C=30 A=2 N=3500 L=2 U=128 D=256 run=1
2026-09-06 12:36:20,010 - INFO - LSTM loss=0.0449 acc=1.000 DL=0.000 JW=0.000
2026-09-06 12:36:20,115 - INFO - Training Transformer C=30 A=2 N=3500 L=2 U=1024 D=256 run=1
2026-09-06 12:36:45,862 - INFO - Transformer loss=0.0114 acc=1.000 DL=0.000 JW=0.000
2026-09-06 12:36:45,922 - INFO - Training LSTM C=50 A=2 N=3500 L=2 U=128 D=256 run=1
2026-09-06 12:37:48,879 - INFO - LSTM loss=0.0500 acc=0.994 DL=0.000 JW=0.000
2026-09-06 12:37:48,988 - INFO - Training Transformer C=50 A=2 N=3500 L=2 U=1024 D=256 run=1
2026-09-06 12:39:03,205 - INFO - Transformer loss=0.6658 acc=0.606 DL=0.370 JW=0.176
2026-09-06 12:39:03,264 - INFO - Training LSTM C=50 A=2 N=3500 L=2 U=128 D=256 run=1
2026-09-06 12:39:37,831 - INFO - LSTM loss=0.6271 acc=0.661 DL=0.390 JW=0.122
2026-09-06 12:39:37,942 - INFO - Training Transformer C=50 A=2 N=3500 L=2 U=1024 D=256 run=1
2026-09-06 12:39:54,832 - INFO - Transformer loss=0.6931 acc=0.491 DL=0.310 JW=0.067
2026-09-06 12:39:54,894 - INFO - Training LSTM C=70 A=2 N=3500 L=2 U=128 D=256 run=1
2026-09-06 12:42:08,440 - INFO - LSTM loss=0.0390 acc=0.997 DL=0.000 JW=0.000
2026-09-06 12:42:08,545 - INFO - Training Transformer C=70 A=2 N=3500 L=2 U=1024 D=256 run=1
2026-09-06 12:42:56,952 - INFO - Transformer loss=0.6932 acc=0.491 DL=0.600 JW=0.400
2026-09-06 12:42:57,014 - INFO - Training LSTM C=70 A=2 N=3500 L=2 U=128 D=256 run=1
2026-09-06 12:44:13,996 - INFO - LSTM loss=0.1982 acc=0.921 DL=0.000 JW=0.000
2026-09-06 12:44:14,105 - INFO - Training Transformer C=70 A=2 N=3500 L=2 U=1024 D=256 run=1
2026-09-06 12:44:35,526 - INFO - Transformer loss=0.6971 acc=0.512 DL=0.410 JW=0.219
2026-09-06 12:44:35,586 - INFO - Training LSTM C=90 A=2 N=3500 L=2 U=128 D=256 run=1
2026-09-06 12:46:14,039 - INFO - LSTM loss=0.5638 acc=0.697 DL=0.280 JW=0.087
2026-09-06 12:46:14,146 - INFO - Training Transformer C=90 A=2 N=3500 L=2 U=1024 D=256 run=1
2026-09-06 12:46:50,472 - INFO - Transformer loss=0.6917 acc=0.527 DL=0.470 JW=0.251
2026-09-06 12:46:50,717 - INFO - Training LSTM C=90 A=2 N=3500 L=2 U=128 D=256 run=1
2026-09-06 12:48:35,120 - INFO - LSTM loss=0.0510 acc=1.000 DL=0.000 JW=0.000
2026-09-06 12:48:35,229 - INFO - Training Transformer C=90 A=2 N=3500 L=2 U=1024 D=256 run=1
2026-09-06 12:49:10,219 - INFO - Transformer loss=0.6928 acc=0.515 DL=0.470 JW=0.313
2026-09-06 12:49:10,255 - INFO - Generating seeds for alphabet size 4
2026-09-06 12:49:10,313 - INFO - Training LSTM C=10 A=4 N=3500 L=2 U=128 D=256 run=1
2026-09-06 12:49:26,844 - INFO - LSTM loss=0.0474 acc=1.000 DL=0.000 JW=0.000
2026-09-06 12:49:26,960 - INFO - Training Transformer C=10 A=4 N=3500 L=2 U=1024 D=256 run=1
2026-09-06 12:49:33,273 - INFO - Transformer loss=0.0074 acc=1.000 DL=0.000 JW=0.000
2026-09-06 12:49:33,331 - INFO - Training LSTM C=10 A=4 N=3500 L=2 U=128 D=256 run=1
2026-09-06 12:49:48,879 - INFO - LSTM loss=0.0350 acc=1.000 DL=0.000 JW=0.000
2026-09-06 12:49:48,986 - INFO - Training Transformer C=10 A=4 N=3500 L=2 U=1024 D=256 run=1
2026-09-06 12:49:56,773 - INFO - Transformer loss=0.0048 acc=1.000 DL=0.000 JW=0.000
2026-09-06 12:49:56,835 - INFO - Training LSTM C=30 A=4 N=3500 L=2 U=128 D=256 run=1
2026-09-06 12:50:47,076 - INFO - LSTM loss=0.0483 acc=1.000 DL=0.000 JW=0.000
2026-09-06 12:50:47,184 - INFO - Training Transformer C=30 A=4 N=3500 L=2 U=1024 D=256 run=1
2026-09-06 12:51:03,949 - INFO - Transformer loss=0.0173 acc=1.000 DL=0.000 JW=0.000
2026-09-06 12:51:04,009 - INFO - Training LSTM C=30 A=4 N=3500 L=2 U=128 D=256 run=1
2026-09-06 12:51:55,359 - INFO - LSTM loss=0.0491 acc=1.000 DL=0.000 JW=0.000
2026-09-06 12:51:55,466 - INFO - Training Transformer C=30 A=4 N=3500 L=2 U=1024 D=256 run=1
2026-09-06 12:52:09,252 - INFO - Transformer loss=0.0482 acc=0.979 DL=0.040 JW=0.022
2026-09-06 12:52:09,311 - INFO - Training LSTM C=50 A=4 N=3500 L=2 U=128 D=256 run=1
2026-09-06 12:53:23,859 - INFO - LSTM loss=0.0506 acc=1.000 DL=0.000 JW=0.000
2026-09-06 12:53:24,005 - INFO - Training Transformer C=50 A=4 N=3500 L=2 U=1024 D=256 run=1
2026-09-06 12:53:46,815 - INFO - Transformer loss=0.0159 acc=1.000 DL=0.000 JW=0.000
2026-09-06 12:53:46,878 - INFO - Training LSTM C=50 A=4 N=3500 L=2 U=128 D=256 run=1
2026-09-06 12:55:21,439 - INFO - LSTM loss=0.0701 acc=1.000 DL=0.000 JW=0.000
2026-09-06 12:55:21,548 - INFO - Training Transformer C=50 A=4 N=3500 L=2 U=1024 D=256 run=1
2026-09-06 12:55:41,353 - INFO - Transformer loss=0.0345 acc=1.000 DL=0.000 JW=0.000
2026-09-06 12:55:41,412 - INFO - Training LSTM C=70 A=4 N=3500 L=2 U=128 D=256 run=1
2026-09-06 12:56:42,174 - INFO - LSTM loss=0.0442 acc=1.000 DL=0.000 JW=0.000
2026-09-06 12:56:42,282 - INFO - Training Transformer C=70 A=4 N=3500 L=2 U=1024 D=256 run=1
2026-09-06 12:57:21,750 - INFO - Transformer loss=0.0313 acc=0.994 DL=0.010 JW=0.006
2026-09-06 12:57:21,808 - INFO - Training LSTM C=70 A=4 N=3500 L=2 U=128 D=256 run=1
2026-09-06 12:58:48,655 - INFO - LSTM loss=0.0431 acc=1.000 DL=0.000 JW=0.000
2026-09-06 12:58:48,761 - INFO - Training Transformer C=70 A=4 N=3500 L=2 U=1024 D=256 run=1
2026-09-06 12:59:22,277 - INFO - Transformer loss=0.0495 acc=0.985 DL=0.010 JW=0.006
2026-09-06 12:59:22,336 - INFO - Training LSTM C=90 A=4 N=3500 L=2 U=128 D=256 run=1
2026-09-06 13:00:30,285 - INFO - LSTM loss=0.4239 acc=0.839 DL=0.240 JW=0.049
2026-09-06 13:00:30,391 - INFO - Training Transformer C=90 A=4 N=3500 L=2 U=1024 D=256 run=1
2026-09-06 13:01:12,974 - INFO - Transformer loss=0.0320 acc=0.991 DL=0.090 JW=0.030
2026-09-06 13:01:13,035 - INFO - Training LSTM C=90 A=4 N=3500 L=2 U=128 D=256 run=1
2026-09-06 13:02:41,286 - INFO - LSTM loss=0.0448 acc=1.000 DL=0.000 JW=0.000
2026-09-06 13:02:41,394 - INFO - Training Transformer C=90 A=4 N=3500 L=2 U=1024 D=256 run=1
2026-09-06 13:03:33,038 - INFO - Transformer loss=0.0480 acc=0.988 DL=0.000 JW=0.000
2026-09-06 13:03:33,073 - INFO - Generating seeds for alphabet size 6
2026-09-06 13:03:33,125 - INFO - Training LSTM C=10 A=6 N=3500 L=2 U=128 D=256 run=1
2026-09-06 13:03:49,663 - INFO - LSTM loss=0.0449 acc=1.000 DL=0.000 JW=0.000
2026-09-06 13:03:49,772 - INFO - Training Transformer C=10 A=6 N=3500 L=2 U=1024 D=256 run=1
2026-09-06 13:03:56,062 - INFO - Transformer loss=0.0045 acc=1.000 DL=0.000 JW=0.000
2026-09-06 13:03:56,122 - INFO - Training LSTM C=10 A=6 N=3500 L=2 U=128 D=256 run=1
2026-09-06 13:04:14,730 - INFO - LSTM loss=0.0473 acc=1.000 DL=0.000 JW=0.000
2026-09-06 13:04:14,839 - INFO - Training Transformer C=10 A=6 N=3500 L=2 U=1024 D=256 run=1
2026-09-06 13:04:24,136 - INFO - Transformer loss=0.0042 acc=1.000 DL=0.000 JW=0.000
2026-09-06 13:04:24,196 - INFO - Training LSTM C=30 A=6 N=3500 L=2 U=128 D=256 run=1
2026-09-06 13:05:17,531 - INFO - LSTM loss=0.0483 acc=1.000 DL=0.000 JW=0.000
2026-09-06 13:05:17,639 - INFO - Training Transformer C=30 A=6 N=3500 L=2 U=1024 D=256 run=1
2026-09-06 13:05:29,920 - INFO - Transformer loss=0.0079 acc=1.000 DL=0.000 JW=0.000
2026-09-06 13:05:29,981 - INFO - Training LSTM C=30 A=6 N=3500 L=2 U=128 D=256 run=1
2026-09-06 13:06:08,657 - INFO - LSTM loss=0.0501 acc=1.000 DL=0.000 JW=0.000
2026-09-06 13:06:08,766 - INFO - Training Transformer C=30 A=6 N=3500 L=2 U=1024 D=256 run=1
2026-09-06 13:06:19,540 - INFO - Transformer loss=0.0420 acc=1.000 DL=0.000 JW=0.000
2026-09-06 13:06:19,602 - INFO - Training LSTM C=50 A=6 N=3500 L=2 U=128 D=256 run=1
2026-09-06 13:07:53,138 - INFO - LSTM loss=0.0782 acc=1.000 DL=0.000 JW=0.000
2026-09-06 13:07:53,247 - INFO - Training Transformer C=50 A=6 N=3500 L=2 U=1024 D=256 run=1
2026-09-06 13:08:08,534 - INFO - Transformer loss=0.0430 acc=1.000 DL=0.000 JW=0.000
2026-09-06 13:08:08,594 - INFO - Training LSTM C=50 A=6 N=3500 L=2 U=128 D=256 run=1
2026-09-06 13:10:22,769 - INFO - LSTM loss=0.0414 acc=1.000 DL=0.000 JW=0.000
2026-09-06 13:10:23,043 - INFO - Training Transformer C=50 A=6 N=3500 L=2 U=1024 D=256 run=1
2026-09-06 13:10:39,815 - INFO - Transformer loss=0.0269 acc=1.000 DL=0.000 JW=0.000
2026-09-06 13:10:39,892 - INFO - Training LSTM C=70 A=6 N=3500 L=2 U=128 D=256 run=1
2026-09-06 13:11:44,986 - INFO - LSTM loss=0.0475 acc=1.000 DL=0.000 JW=0.000
2026-09-06 13:11:45,094 - INFO - Training Transformer C=70 A=6 N=3500 L=2 U=1024 D=256 run=1
2026-09-06 13:12:12,402 - INFO - Transformer loss=0.0432 acc=1.000 DL=0.000 JW=0.000
2026-09-06 13:12:12,462 - INFO - Training LSTM C=70 A=6 N=3500 L=2 U=128 D=256 run=1
2026-09-06 13:13:27,040 - INFO - LSTM loss=0.0482 acc=1.000 DL=0.000 JW=0.000
2026-09-06 13:13:27,151 - INFO - Training Transformer C=70 A=6 N=3500 L=2 U=1024 D=256 run=1
2026-09-06 13:13:51,481 - INFO - Transformer loss=0.0262 acc=0.991 DL=0.010 JW=0.007
2026-09-06 13:13:51,542 - INFO - Training LSTM C=90 A=6 N=3500 L=2 U=128 D=256 run=1
2026-09-06 13:15:15,812 - INFO - LSTM loss=0.2980 acc=0.958 DL=0.130 JW=0.077
2026-09-06 13:15:15,922 - INFO - Training Transformer C=90 A=6 N=3500 L=2 U=1024 D=256 run=1
2026-09-06 13:15:43,219 - INFO - Transformer loss=0.0276 acc=1.000 DL=0.000 JW=0.000
2026-09-06 13:15:43,280 - INFO - Training LSTM C=90 A=6 N=3500 L=2 U=128 D=256 run=1
2026-09-06 13:17:15,736 - INFO - LSTM loss=0.0464 acc=1.000 DL=0.000 JW=0.000
2026-09-06 13:17:15,848 - INFO - Training Transformer C=90 A=6 N=3500 L=2 U=1024 D=256 run=1
2026-09-06 13:17:41,711 - INFO - Transformer loss=0.0240 acc=1.000 DL=0.000 JW=0.000
2026-09-06 13:17:41,746 - INFO - Generating seeds for alphabet size 8
2026-09-06 13:17:41,796 - INFO - Training LSTM C=10 A=8 N=3500 L=2 U=128 D=256 run=1
2026-09-06 13:17:59,379 - INFO - LSTM loss=0.0442 acc=1.000 DL=0.000 JW=0.000
2026-09-06 13:17:59,487 - INFO - Training Transformer C=10 A=8 N=3500 L=2 U=1024 D=256 run=1
2026-09-06 13:18:05,778 - INFO - Transformer loss=0.0082 acc=1.000 DL=0.000 JW=0.000
2026-09-06 13:18:05,843 - INFO - Training LSTM C=10 A=8 N=3500 L=2 U=128 D=256 run=1
2026-09-06 13:18:26,612 - INFO - LSTM loss=0.0467 acc=1.000 DL=0.000 JW=0.000
2026-09-06 13:18:26,720 - INFO - Training Transformer C=10 A=8 N=3500 L=2 U=1024 D=256 run=1
2026-09-06 13:18:33,011 - INFO - Transformer loss=0.0077 acc=1.000 DL=0.000 JW=0.000
2026-09-06 13:18:33,072 - INFO - Training LSTM C=30 A=8 N=3500 L=2 U=128 D=256 run=1
2026-09-06 13:19:02,382 - INFO - LSTM loss=1.2701 acc=0.530 DL=0.600 JW=0.307
2026-09-06 13:19:02,490 - INFO - Training Transformer C=30 A=8 N=3500 L=2 U=1024 D=256 run=1
2026-09-06 13:19:14,838 - INFO - Transformer loss=0.0126 acc=1.000 DL=0.000 JW=0.000
2026-09-06 13:19:14,901 - INFO - Training LSTM C=30 A=8 N=3500 L=2 U=128 D=256 run=1
2026-09-06 13:19:59,675 - INFO - LSTM loss=0.0471 acc=1.000 DL=0.000 JW=0.000
2026-09-06 13:19:59,784 - INFO - Training Transformer C=30 A=8 N=3500 L=2 U=1024 D=256 run=1
2026-09-06 13:20:12,106 - INFO - Transformer loss=0.0294 acc=1.000 DL=0.000 JW=0.000
2026-09-06 13:20:12,167 - INFO - Training LSTM C=50 A=8 N=3500 L=2 U=128 D=256 run=1
2026-09-06 13:21:44,239 - INFO - LSTM loss=0.0490 acc=1.000 DL=0.000 JW=0.000
2026-09-06 13:21:44,348 - INFO - Training Transformer C=50 A=8 N=3500 L=2 U=1024 D=256 run=1
2026-09-06 13:21:58,261 - INFO - Transformer loss=0.0362 acc=0.985 DL=0.060 JW=0.024
2026-09-06 13:21:58,322 - INFO - Training LSTM C=50 A=8 N=3500 L=2 U=128 D=256 run=1
2026-09-06 13:24:35,323 - INFO - LSTM loss=0.0490 acc=1.000 DL=0.000 JW=0.000
2026-09-06 13:24:35,432 - INFO - Training Transformer C=50 A=8 N=3500 L=2 U=1024 D=256 run=1
2026-09-06 13:24:47,721 - INFO - Transformer loss=0.0396 acc=0.985 DL=0.070 JW=0.024
2026-09-06 13:24:47,782 - INFO - Training LSTM C=70 A=8 N=3500 L=2 U=128 D=256 run=1
2026-09-06 13:28:18,745 - INFO - LSTM loss=0.0522 acc=1.000 DL=0.000 JW=0.000
2026-09-06 13:28:18,894 - INFO - Training Transformer C=70 A=8 N=3500 L=2 U=1024 D=256 run=1
2026-09-06 13:28:35,726 - INFO - Transformer loss=0.0361 acc=0.982 DL=0.070 JW=0.039
2026-09-06 13:28:35,789 - INFO - Training LSTM C=70 A=8 N=3500 L=2 U=128 D=256 run=1
2026-09-06 13:29:35,814 - INFO - LSTM loss=0.4739 acc=0.921 DL=0.420 JW=0.087
2026-09-06 13:29:35,925 - INFO - Training Transformer C=70 A=8 N=3500 L=2 U=1024 D=256 run=1
2026-09-06 13:29:51,345 - INFO - Transformer loss=0.0353 acc=1.000 DL=0.000 JW=0.000
2026-09-06 13:29:51,406 - INFO - Training LSTM C=90 A=8 N=3500 L=2 U=128 D=256 run=1
2026-09-06 13:31:27,096 - INFO - LSTM loss=0.1622 acc=1.000 DL=0.000 JW=0.000
2026-09-06 13:31:27,204 - INFO - Training Transformer C=90 A=8 N=3500 L=2 U=1024 D=256 run=1
2026-09-06 13:31:51,689 - INFO - Transformer loss=0.0286 acc=0.994 DL=0.050 JW=0.031
2026-09-06 13:31:51,750 - INFO - Training LSTM C=90 A=8 N=3500 L=2 U=128 D=256 run=1
2026-09-06 13:33:36,605 - INFO - LSTM loss=0.0909 acc=1.000 DL=0.000 JW=0.000
2026-09-06 13:33:36,712 - INFO - Training Transformer C=90 A=8 N=3500 L=2 U=1024 D=256 run=1
2026-09-06 13:33:56,580 - INFO - Transformer loss=0.0424 acc=1.000 DL=0.000 JW=0.000
2026-09-06 13:33:56,615 - INFO - Selected 80/640 configurations for this task
