2026-09-04 04:38:16,713 - INFO - Generating seeds for alphabet size 2
2026-09-04 04:38:16,950 - INFO - Training GRU C=10 A=2 N=3500 L=2 U=128 D=256 run=1
2026-09-04 04:38:38,153 - INFO - GRU loss=0.0379 acc=1.000 DL=0.000 JW=0.000
2026-09-04 04:38:38,293 - INFO - Training LinearAttention C=10 A=2 N=3500 L=2 U=1024 D=256 run=1
2026-09-04 04:38:47,211 - INFO - LinearAttention loss=0.0000 acc=1.000 DL=0.000 JW=0.000
2026-09-04 04:38:47,394 - INFO - Training GRU C=10 A=2 N=3500 L=2 U=128 D=256 run=1
2026-09-04 04:39:03,980 - INFO - GRU loss=0.0412 acc=1.000 DL=0.000 JW=0.000
2026-09-04 04:39:04,081 - INFO - Training LinearAttention C=10 A=2 N=3500 L=2 U=1024 D=256 run=1
2026-09-04 04:39:13,070 - INFO - LinearAttention loss=0.0065 acc=1.000 DL=0.000 JW=0.000
2026-09-04 04:39:13,130 - INFO - Training GRU C=30 A=2 N=3500 L=2 U=128 D=256 run=1
2026-09-04 04:40:16,039 - INFO - GRU loss=0.0488 acc=1.000 DL=0.000 JW=0.000
2026-09-04 04:40:16,125 - INFO - Training LinearAttention C=30 A=2 N=3500 L=2 U=1024 D=256 run=1
2026-09-04 04:40:23,805 - INFO - LinearAttention loss=0.0000 acc=1.000 DL=0.000 JW=0.000
2026-09-04 04:40:23,855 - INFO - Training GRU C=30 A=2 N=3500 L=2 U=128 D=256 run=1
2026-09-04 04:41:05,380 - INFO - GRU loss=0.0445 acc=1.000 DL=0.000 JW=0.000
2026-09-04 04:41:05,468 - INFO - Training LinearAttention C=30 A=2 N=3500 L=2 U=1024 D=256 run=1
2026-09-04 04:41:14,350 - INFO - LinearAttention loss=0.0093 acc=1.000 DL=0.000 JW=0.000
2026-09-04 04:41:14,401 - INFO - Training GRU C=50 A=2 N=3500 L=2 U=128 D=256 run=1
2026-09-04 04:42:19,640 - INFO - GRU loss=0.0483 acc=0.994 DL=0.080 JW=0.016
2026-09-04 04:42:19,733 - INFO - Training LinearAttention C=50 A=2 N=3500 L=2 U=1024 D=256 run=1
2026-09-04 04:42:43,413 - INFO - LinearAttention loss=0.0317 acc=0.994 DL=0.000 JW=0.000
2026-09-04 04:42:43,463 - INFO - Training GRU C=50 A=2 N=3500 L=2 U=128 D=256 run=1
2026-09-04 04:43:45,309 - INFO - GRU loss=0.0470 acc=1.000 DL=0.000 JW=0.000
2026-09-04 04:43:45,396 - INFO - Training LinearAttention C=50 A=2 N=3500 L=2 U=1024 D=256 run=1
2026-09-04 04:44:10,442 - INFO - LinearAttention loss=0.0245 acc=0.994 DL=0.020 JW=0.004
2026-09-04 04:44:10,500 - INFO - Training GRU C=70 A=2 N=3500 L=2 U=128 D=256 run=1
2026-09-04 04:45:54,458 - INFO - GRU loss=0.0489 acc=1.000 DL=0.000 JW=0.000
2026-09-04 04:45:54,548 - INFO - Training LinearAttention C=70 A=2 N=3500 L=2 U=1024 D=256 run=1
2026-09-04 04:46:29,641 - INFO - LinearAttention loss=0.0112 acc=0.994 DL=0.000 JW=0.000
2026-09-04 04:46:29,906 - INFO - Training GRU C=70 A=2 N=3500 L=2 U=128 D=256 run=1
2026-09-04 04:48:02,122 - INFO - GRU loss=0.0619 acc=0.997 DL=0.000 JW=0.000
2026-09-04 04:48:02,207 - INFO - Training LinearAttention C=70 A=2 N=3500 L=2 U=1024 D=256 run=1
2026-09-04 04:48:32,411 - INFO - LinearAttention loss=0.0367 acc=0.991 DL=0.020 JW=0.004
2026-09-04 04:48:32,463 - INFO - Training GRU C=90 A=2 N=3500 L=2 U=128 D=256 run=1
2026-09-04 04:51:30,729 - INFO - GRU loss=0.0513 acc=0.991 DL=0.020 JW=0.006
2026-09-04 04:51:30,819 - INFO - Training LinearAttention C=90 A=2 N=3500 L=2 U=1024 D=256 run=1
2026-09-04 04:52:15,716 - INFO - LinearAttention loss=0.0475 acc=0.991 DL=0.020 JW=0.008
2026-09-04 04:52:15,765 - INFO - Training GRU C=90 A=2 N=3500 L=2 U=128 D=256 run=1
2026-09-04 04:53:42,397 - INFO - GRU loss=0.0544 acc=0.991 DL=0.110 JW=0.031
2026-09-04 04:53:42,488 - INFO - Training LinearAttention C=90 A=2 N=3500 L=2 U=1024 D=256 run=1
2026-09-04 04:54:25,650 - INFO - LinearAttention loss=0.0132 acc=0.997 DL=0.000 JW=0.000
2026-09-04 04:54:25,676 - INFO - Generating seeds for alphabet size 4
2026-09-04 04:54:25,738 - INFO - Training GRU C=10 A=4 N=3500 L=2 U=128 D=256 run=1
2026-09-04 04:54:39,062 - INFO - GRU loss=0.0446 acc=1.000 DL=0.000 JW=0.000
2026-09-04 04:54:39,151 - INFO - Training LinearAttention C=10 A=4 N=3500 L=2 U=1024 D=256 run=1
2026-09-04 04:54:45,566 - INFO - LinearAttention loss=0.0007 acc=1.000 DL=0.000 JW=0.000
2026-09-04 04:54:45,621 - INFO - Training GRU C=10 A=4 N=3500 L=2 U=128 D=256 run=1
2026-09-04 04:54:58,744 - INFO - GRU loss=0.0343 acc=1.000 DL=0.000 JW=0.000
2026-09-04 04:54:58,829 - INFO - Training LinearAttention C=10 A=4 N=3500 L=2 U=1024 D=256 run=1
2026-09-04 04:55:04,068 - INFO - LinearAttention loss=0.0140 acc=1.000 DL=0.000 JW=0.000
2026-09-04 04:55:04,117 - INFO - Training GRU C=30 A=4 N=3500 L=2 U=128 D=256 run=1
2026-09-04 04:55:38,873 - INFO - GRU loss=0.0456 acc=1.000 DL=0.000 JW=0.000
2026-09-04 04:55:38,957 - INFO - Training LinearAttention C=30 A=4 N=3500 L=2 U=1024 D=256 run=1
2026-09-04 04:55:45,387 - INFO - LinearAttention loss=0.0056 acc=1.000 DL=0.000 JW=0.000
2026-09-04 04:55:45,435 - INFO - Training GRU C=30 A=4 N=3500 L=2 U=128 D=256 run=1
2026-09-04 04:56:21,050 - INFO - GRU loss=0.0480 acc=1.000 DL=0.000 JW=0.000
2026-09-04 04:56:21,135 - INFO - Training LinearAttention C=30 A=4 N=3500 L=2 U=1024 D=256 run=1
2026-09-04 04:56:26,319 - INFO - LinearAttention loss=0.0005 acc=1.000 DL=0.000 JW=0.000
2026-09-04 04:56:26,369 - INFO - Training GRU C=50 A=4 N=3500 L=2 U=128 D=256 run=1
2026-09-04 04:57:09,981 - INFO - GRU loss=0.0454 acc=1.000 DL=0.000 JW=0.000
2026-09-04 04:57:10,067 - INFO - Training LinearAttention C=50 A=4 N=3500 L=2 U=1024 D=256 run=1
2026-09-04 04:57:16,544 - INFO - LinearAttention loss=0.0014 acc=1.000 DL=0.000 JW=0.000
2026-09-04 04:57:16,633 - INFO - Training GRU C=50 A=4 N=3500 L=2 U=128 D=256 run=1
2026-09-04 04:58:23,093 - INFO - GRU loss=0.0444 acc=1.000 DL=0.000 JW=0.000
2026-09-04 04:58:23,177 - INFO - Training LinearAttention C=50 A=4 N=3500 L=2 U=1024 D=256 run=1
2026-09-04 04:58:28,360 - INFO - LinearAttention loss=0.0428 acc=1.000 DL=0.000 JW=0.000
2026-09-04 04:58:28,414 - INFO - Training GRU C=70 A=4 N=3500 L=2 U=128 D=256 run=1
2026-09-04 04:59:29,304 - INFO - GRU loss=0.0461 acc=1.000 DL=0.000 JW=0.000
2026-09-04 04:59:29,393 - INFO - Training LinearAttention C=70 A=4 N=3500 L=2 U=1024 D=256 run=1
2026-09-04 04:59:44,459 - INFO - LinearAttention loss=0.0375 acc=1.000 DL=0.000 JW=0.000
2026-09-04 04:59:44,510 - INFO - Training GRU C=70 A=4 N=3500 L=2 U=128 D=256 run=1
2026-09-04 05:00:52,472 - INFO - GRU loss=0.0462 acc=1.000 DL=0.000 JW=0.000
2026-09-04 05:00:52,565 - INFO - Training LinearAttention C=70 A=4 N=3500 L=2 U=1024 D=256 run=1
2026-09-04 05:01:05,160 - INFO - LinearAttention loss=0.0348 acc=1.000 DL=0.000 JW=0.000
2026-09-04 05:01:05,214 - INFO - Training GRU C=90 A=4 N=3500 L=2 U=128 D=256 run=1
2026-09-04 05:02:14,918 - INFO - GRU loss=0.0507 acc=1.000 DL=0.000 JW=0.000
2026-09-04 05:02:15,005 - INFO - Training LinearAttention C=90 A=4 N=3500 L=2 U=1024 D=256 run=1
2026-09-04 05:02:31,322 - INFO - LinearAttention loss=0.0329 acc=1.000 DL=0.000 JW=0.000
2026-09-04 05:02:31,372 - INFO - Training GRU C=90 A=4 N=3500 L=2 U=128 D=256 run=1
2026-09-04 05:03:57,508 - INFO - GRU loss=0.0459 acc=1.000 DL=0.000 JW=0.000
2026-09-04 05:03:57,599 - INFO - Training LinearAttention C=90 A=4 N=3500 L=2 U=1024 D=256 run=1
2026-09-04 05:04:12,804 - INFO - LinearAttention loss=0.0171 acc=1.000 DL=0.000 JW=0.000
2026-09-04 05:04:12,829 - INFO - Generating seeds for alphabet size 6
2026-09-04 05:04:12,883 - INFO - Training GRU C=10 A=6 N=3500 L=2 U=128 D=256 run=1
2026-09-04 05:04:26,083 - INFO - GRU loss=0.0411 acc=1.000 DL=0.000 JW=0.000
2026-09-04 05:04:26,171 - INFO - Training LinearAttention C=10 A=6 N=3500 L=2 U=1024 D=256 run=1
2026-09-04 05:04:31,414 - INFO - LinearAttention loss=0.0047 acc=1.000 DL=0.000 JW=0.000
2026-09-04 05:04:31,467 - INFO - Training GRU C=10 A=6 N=3500 L=2 U=128 D=256 run=1
2026-09-04 05:04:45,652 - INFO - GRU loss=0.0467 acc=1.000 DL=0.000 JW=0.000
2026-09-04 05:04:45,736 - INFO - Training LinearAttention C=10 A=6 N=3500 L=2 U=1024 D=256 run=1
2026-09-04 05:04:50,938 - INFO - LinearAttention loss=0.0047 acc=1.000 DL=0.000 JW=0.000
2026-09-04 05:04:50,987 - INFO - Training GRU C=30 A=6 N=3500 L=2 U=128 D=256 run=1
2026-09-04 05:05:16,438 - INFO - GRU loss=0.0498 acc=1.000 DL=0.000 JW=0.000
2026-09-04 05:05:16,523 - INFO - Training LinearAttention C=30 A=6 N=3500 L=2 U=1024 D=256 run=1
2026-09-04 05:05:24,172 - INFO - LinearAttention loss=0.0022 acc=1.000 DL=0.000 JW=0.000
2026-09-04 05:05:24,221 - INFO - Training GRU C=30 A=6 N=3500 L=2 U=128 D=256 run=1
2026-09-04 05:05:47,478 - INFO - GRU loss=0.0490 acc=1.000 DL=0.000 JW=0.000
2026-09-04 05:05:47,566 - INFO - Training LinearAttention C=30 A=6 N=3500 L=2 U=1024 D=256 run=1
2026-09-04 05:05:55,216 - INFO - LinearAttention loss=0.0068 acc=1.000 DL=0.000 JW=0.000
2026-09-04 05:05:55,269 - INFO - Training GRU C=50 A=6 N=3500 L=2 U=128 D=256 run=1
2026-09-04 05:06:43,155 - INFO - GRU loss=0.0504 acc=1.000 DL=0.000 JW=0.000
2026-09-04 05:06:43,240 - INFO - Training LinearAttention C=50 A=6 N=3500 L=2 U=1024 D=256 run=1
2026-09-04 05:06:52,227 - INFO - LinearAttention loss=0.0075 acc=1.000 DL=0.000 JW=0.000
2026-09-04 05:06:52,276 - INFO - Training GRU C=50 A=6 N=3500 L=2 U=128 D=256 run=1
2026-09-04 05:07:35,169 - INFO - GRU loss=0.0461 acc=1.000 DL=0.000 JW=0.000
2026-09-04 05:07:35,259 - INFO - Training LinearAttention C=50 A=6 N=3500 L=2 U=1024 D=256 run=1
2026-09-04 05:07:44,344 - INFO - LinearAttention loss=0.0020 acc=1.000 DL=0.000 JW=0.000
2026-09-04 05:07:44,396 - INFO - Training GRU C=70 A=6 N=3500 L=2 U=128 D=256 run=1
2026-09-04 05:08:52,495 - INFO - GRU loss=0.0457 acc=1.000 DL=0.000 JW=0.000
2026-09-04 05:08:52,581 - INFO - Training LinearAttention C=70 A=6 N=3500 L=2 U=1024 D=256 run=1
2026-09-04 05:09:03,934 - INFO - LinearAttention loss=0.0220 acc=1.000 DL=0.000 JW=0.000
2026-09-04 05:09:04,165 - INFO - Training GRU C=70 A=6 N=3500 L=2 U=128 D=256 run=1
2026-09-04 05:09:51,157 - INFO - GRU loss=0.0483 acc=1.000 DL=0.000 JW=0.000
2026-09-04 05:09:51,245 - INFO - Training LinearAttention C=70 A=6 N=3500 L=2 U=1024 D=256 run=1
2026-09-04 05:10:02,716 - INFO - LinearAttention loss=0.0123 acc=1.000 DL=0.000 JW=0.000
2026-09-04 05:10:02,770 - INFO - Training GRU C=90 A=6 N=3500 L=2 U=128 D=256 run=1
2026-09-04 05:11:24,622 - INFO - GRU loss=0.0470 acc=1.000 DL=0.000 JW=0.000
2026-09-04 05:11:24,708 - INFO - Training LinearAttention C=90 A=6 N=3500 L=2 U=1024 D=256 run=1
2026-09-04 05:11:36,089 - INFO - LinearAttention loss=0.0261 acc=1.000 DL=0.000 JW=0.000
2026-09-04 05:11:36,138 - INFO - Training GRU C=90 A=6 N=3500 L=2 U=128 D=256 run=1
2026-09-04 05:12:47,343 - INFO - GRU loss=0.0473 acc=1.000 DL=0.000 JW=0.000
2026-09-04 05:12:47,435 - INFO - Training LinearAttention C=90 A=6 N=3500 L=2 U=1024 D=256 run=1
2026-09-04 05:13:00,101 - INFO - LinearAttention loss=0.0305 acc=0.994 DL=0.010 JW=0.006
2026-09-04 05:13:00,126 - INFO - Generating seeds for alphabet size 8
2026-09-04 05:13:00,177 - INFO - Training GRU C=10 A=8 N=3500 L=2 U=128 D=256 run=1
2026-09-04 05:13:14,691 - INFO - GRU loss=0.0423 acc=1.000 DL=0.000 JW=0.000
2026-09-04 05:13:14,776 - INFO - Training LinearAttention C=10 A=8 N=3500 L=2 U=1024 D=256 run=1
2026-09-04 05:13:19,965 - INFO - LinearAttention loss=0.0035 acc=1.000 DL=0.000 JW=0.000
2026-09-04 05:13:20,017 - INFO - Training GRU C=10 A=8 N=3500 L=2 U=128 D=256 run=1
2026-09-04 05:13:35,589 - INFO - GRU loss=0.0476 acc=1.000 DL=0.000 JW=0.000
2026-09-04 05:13:35,680 - INFO - Training LinearAttention C=10 A=8 N=3500 L=2 U=1024 D=256 run=1
2026-09-04 05:13:40,859 - INFO - LinearAttention loss=0.0052 acc=1.000 DL=0.000 JW=0.000
2026-09-04 05:13:40,910 - INFO - Training GRU C=30 A=8 N=3500 L=2 U=128 D=256 run=1
2026-09-04 05:14:05,294 - INFO - GRU loss=0.0451 acc=1.000 DL=0.000 JW=0.000
2026-09-04 05:14:05,384 - INFO - Training LinearAttention C=30 A=8 N=3500 L=2 U=1024 D=256 run=1
2026-09-04 05:14:11,824 - INFO - LinearAttention loss=0.0210 acc=1.000 DL=0.000 JW=0.000
2026-09-04 05:14:11,874 - INFO - Training GRU C=30 A=8 N=3500 L=2 U=128 D=256 run=1
2026-09-04 05:14:40,550 - INFO - GRU loss=0.0455 acc=1.000 DL=0.000 JW=0.000
2026-09-04 05:14:40,850 - INFO - Training LinearAttention C=30 A=8 N=3500 L=2 U=1024 D=256 run=1
2026-09-04 05:14:47,628 - INFO - LinearAttention loss=0.0070 acc=1.000 DL=0.000 JW=0.000
2026-09-04 05:14:47,797 - INFO - Training GRU C=50 A=8 N=3500 L=2 U=128 D=256 run=1
2026-09-04 05:15:44,112 - INFO - GRU loss=0.0474 acc=1.000 DL=0.000 JW=0.000
2026-09-04 05:15:44,370 - INFO - Training LinearAttention C=50 A=8 N=3500 L=2 U=1024 D=256 run=1
2026-09-04 05:15:52,319 - INFO - LinearAttention loss=0.0447 acc=1.000 DL=0.000 JW=0.000
2026-09-04 05:15:52,437 - INFO - Training GRU C=50 A=8 N=3500 L=2 U=128 D=256 run=1
2026-09-04 05:16:34,744 - INFO - GRU loss=0.0454 acc=1.000 DL=0.000 JW=0.000
2026-09-04 05:16:34,984 - INFO - Training LinearAttention C=50 A=8 N=3500 L=2 U=1024 D=256 run=1
2026-09-04 05:16:42,981 - INFO - LinearAttention loss=0.0179 acc=1.000 DL=0.000 JW=0.000
2026-09-04 05:16:43,084 - INFO - Training GRU C=70 A=8 N=3500 L=2 U=128 D=256 run=1
2026-09-04 05:17:34,186 - INFO - GRU loss=0.0489 acc=1.000 DL=0.000 JW=0.000
2026-09-04 05:17:34,410 - INFO - Training LinearAttention C=70 A=8 N=3500 L=2 U=1024 D=256 run=1
2026-09-04 05:17:44,705 - INFO - LinearAttention loss=0.0281 acc=1.000 DL=0.000 JW=0.000
2026-09-04 05:17:44,761 - INFO - Training GRU C=70 A=8 N=3500 L=2 U=128 D=256 run=1
2026-09-04 05:18:31,855 - INFO - GRU loss=0.0479 acc=1.000 DL=0.000 JW=0.000
2026-09-04 05:18:31,940 - INFO - Training LinearAttention C=70 A=8 N=3500 L=2 U=1024 D=256 run=1
2026-09-04 05:18:38,365 - INFO - LinearAttention loss=0.0047 acc=1.000 DL=0.000 JW=0.000
2026-09-04 05:18:38,419 - INFO - Training GRU C=90 A=8 N=3500 L=2 U=128 D=256 run=1
2026-09-04 05:19:42,424 - INFO - GRU loss=0.0513 acc=1.000 DL=0.000 JW=0.000
2026-09-04 05:19:42,513 - INFO - Training LinearAttention C=90 A=8 N=3500 L=2 U=1024 D=256 run=1
2026-09-04 05:19:53,854 - INFO - LinearAttention loss=0.0259 acc=1.000 DL=0.000 JW=0.000
2026-09-04 05:19:53,904 - INFO - Training GRU C=90 A=8 N=3500 L=2 U=128 D=256 run=1
2026-09-04 05:21:03,582 - INFO - GRU loss=0.0457 acc=1.000 DL=0.000 JW=0.000
2026-09-04 05:21:03,671 - INFO - Training LinearAttention C=90 A=8 N=3500 L=2 U=1024 D=256 run=1
2026-09-04 05:21:15,121 - INFO - LinearAttention loss=0.0119 acc=1.000 DL=0.000 JW=0.000
2026-09-04 05:21:15,147 - INFO - Selected 80/640 configurations for this task
