2026-09-21 11:17:09,986 - INFO - Matched configs:
          model  symbols  layers  matched_target_size_m  units  d_model  model_params  model_size_m  matched_param_abs_error_m  matched_param_rel_error
           LSTM        4       2                    0.2    128        0        201220      0.201220                   0.001220                  0.00610
            GRU        4       2                    0.2    160        0        234884      0.234884                   0.034884                  0.17442
    Transformer        4       2                    0.2    256       64        234308      0.234308                   0.034308                  0.17154
LinearAttention        4       2                    0.2    384       96        223972      0.223972                   0.023972                  0.11986
      Performer        4       2                    0.2    320       80        187412      0.187412                   0.012588                  0.06294
           RWKV        4       2                    0.2    384       96        225508      0.225508                   0.025508                  0.12754
           LSTM        8       2                    0.2    128        0        203784      0.203784                   0.003784                  0.01892
            GRU        8       2                    0.2    160        0        237448      0.237448                   0.037448                  0.18724
    Transformer        8       2                    0.2    256       64        234824      0.234824                   0.034824                  0.17412
LinearAttention        8       2                    0.2    384       96        224744      0.224744                   0.024744                  0.12372
      Performer        8       2                    0.2    320       80        188056      0.188056                   0.011944                  0.05972
           RWKV        8       2                    0.2    384       96        226280      0.226280                   0.026280                  0.13140
2026-09-21 11:17:09,987 - INFO - Generating seeds for alphabet size 4
2026-09-21 11:17:10,177 - INFO - Training Transformer target=0.200M params=0.234M C=90 A=4 N=3500 L=2 U=256 D=64 run=1
2026-09-21 11:17:27,235 - INFO - Transformer loss=0.0514 acc=0.994 DL=0.000 JW=0.000
2026-09-21 11:17:27,265 - INFO - Training RWKV target=0.200M params=0.226M C=90 A=4 N=3500 L=2 U=384 D=96 run=1
2026-09-21 11:18:03,987 - INFO - RWKV loss=0.0415 acc=0.988 DL=0.430 JW=0.079
2026-09-21 11:18:04,023 - INFO - Training Transformer target=0.200M params=0.234M C=90 A=4 N=3500 L=2 U=256 D=64 run=1
2026-09-21 11:18:20,900 - INFO - Transformer loss=0.0202 acc=1.000 DL=0.000 JW=0.000
2026-09-21 11:18:20,925 - INFO - Training RWKV target=0.200M params=0.226M C=90 A=4 N=3500 L=2 U=384 D=96 run=1
2026-09-21 11:19:04,616 - INFO - RWKV loss=0.0383 acc=0.991 DL=0.210 JW=0.058
2026-09-21 11:19:04,616 - INFO - Generating seeds for alphabet size 8
2026-09-21 11:19:04,663 - INFO - Training Transformer target=0.200M params=0.235M C=90 A=8 N=3500 L=2 U=256 D=64 run=1
2026-09-21 11:19:14,124 - INFO - Transformer loss=0.0416 acc=1.000 DL=0.000 JW=0.000
2026-09-21 11:19:14,149 - INFO - Training RWKV target=0.200M params=0.226M C=90 A=8 N=3500 L=2 U=384 D=96 run=1
2026-09-21 11:19:24,809 - INFO - RWKV loss=0.0496 acc=1.000 DL=0.000 JW=0.000
2026-09-21 11:19:24,843 - INFO - Training Transformer target=0.200M params=0.235M C=90 A=8 N=3500 L=2 U=256 D=64 run=1
2026-09-21 11:19:33,848 - INFO - Transformer loss=0.0429 acc=1.000 DL=0.000 JW=0.000
2026-09-21 11:19:33,874 - INFO - Training RWKV target=0.200M params=0.226M C=90 A=8 N=3500 L=2 U=384 D=96 run=1
2026-09-21 11:19:45,902 - INFO - RWKV loss=0.0417 acc=1.000 DL=0.000 JW=0.000
2026-09-21 11:19:45,902 - INFO - Selected 8/48 configurations for this task
