2026-09-04 05:21:44,104 - INFO - Generating seeds for alphabet size 2
2026-09-04 05:21:44,355 - INFO - Training minGRU C=10 A=2 N=3500 L=2 U=128 D=256 run=1
2026-09-04 05:21:52,607 - INFO - minGRU loss=0.0480 acc=1.000 DL=0.000 JW=0.000
2026-09-04 05:21:52,822 - INFO - Training Performer C=10 A=2 N=3500 L=2 U=1024 D=256 run=1
2026-09-04 05:22:30,488 - INFO - Performer loss=0.0258 acc=1.000 DL=0.000 JW=0.000
2026-09-04 05:22:30,527 - INFO - Training minGRU C=10 A=2 N=3500 L=2 U=128 D=256 run=1
2026-09-04 05:22:39,510 - INFO - minGRU loss=0.0435 acc=1.000 DL=0.000 JW=0.000
2026-09-04 05:22:39,626 - INFO - Training Performer C=10 A=2 N=3500 L=2 U=1024 D=256 run=1
2026-09-04 05:23:15,878 - INFO - Performer loss=0.0005 acc=1.000 DL=0.000 JW=0.000
2026-09-04 05:23:15,918 - INFO - Training minGRU C=30 A=2 N=3500 L=2 U=128 D=256 run=1
2026-09-04 05:23:33,911 - INFO - minGRU loss=0.2376 acc=0.900 DL=0.220 JW=0.061
2026-09-04 05:23:34,027 - INFO - Training Performer C=30 A=2 N=3500 L=2 U=1024 D=256 run=1
2026-09-04 05:24:14,885 - INFO - Performer loss=0.0157 acc=1.000 DL=0.000 JW=0.000
2026-09-04 05:24:14,922 - INFO - Training minGRU C=30 A=2 N=3500 L=2 U=128 D=256 run=1
2026-09-04 05:24:36,220 - INFO - minGRU loss=0.3210 acc=0.909 DL=0.220 JW=0.102
2026-09-04 05:24:36,335 - INFO - Training Performer C=30 A=2 N=3500 L=2 U=1024 D=256 run=1
2026-09-04 05:25:06,265 - INFO - Performer loss=0.0001 acc=1.000 DL=0.000 JW=0.000
2026-09-04 05:25:06,304 - INFO - Training minGRU C=50 A=2 N=3500 L=2 U=128 D=256 run=1
2026-09-04 05:25:27,804 - INFO - minGRU loss=0.4581 acc=0.806 DL=0.340 JW=0.100
2026-09-04 05:25:27,923 - INFO - Training Performer C=50 A=2 N=3500 L=2 U=1024 D=256 run=1
2026-09-04 05:27:30,137 - INFO - Performer loss=0.4562 acc=0.803 DL=0.250 JW=0.050
2026-09-04 05:27:30,175 - INFO - Training minGRU C=50 A=2 N=3500 L=2 U=128 D=256 run=1
2026-09-04 05:27:42,884 - INFO - minGRU loss=0.5756 acc=0.682 DL=0.270 JW=0.090
2026-09-04 05:27:42,998 - INFO - Training Performer C=50 A=2 N=3500 L=2 U=1024 D=256 run=1
2026-09-04 05:29:38,478 - INFO - Performer loss=0.4411 acc=0.779 DL=0.240 JW=0.059
2026-09-04 05:29:38,517 - INFO - Training minGRU C=70 A=2 N=3500 L=2 U=128 D=256 run=1
2026-09-04 05:29:59,839 - INFO - minGRU loss=0.6104 acc=0.655 DL=0.330 JW=0.189
2026-09-04 05:29:59,952 - INFO - Training Performer C=70 A=2 N=3500 L=2 U=1024 D=256 run=1
2026-09-04 05:34:10,731 - INFO - Performer loss=0.4964 acc=0.761 DL=0.220 JW=0.058
2026-09-04 05:34:10,768 - INFO - Training minGRU C=70 A=2 N=3500 L=2 U=128 D=256 run=1
2026-09-04 05:34:31,925 - INFO - minGRU loss=0.5481 acc=0.727 DL=0.400 JW=0.233
2026-09-04 05:34:32,032 - INFO - Training Performer C=70 A=2 N=3500 L=2 U=1024 D=256 run=1
2026-09-04 05:36:30,659 - INFO - Performer loss=0.5776 acc=0.733 DL=0.260 JW=0.074
2026-09-04 05:36:30,697 - INFO - Training minGRU C=90 A=2 N=3500 L=2 U=128 D=256 run=1
2026-09-04 05:36:38,806 - INFO - minGRU loss=0.6816 acc=0.545 DL=0.330 JW=0.065
2026-09-04 05:36:38,913 - INFO - Training Performer C=90 A=2 N=3500 L=2 U=1024 D=256 run=1
2026-09-04 05:38:44,825 - INFO - Performer loss=0.6076 acc=0.676 DL=0.310 JW=0.070
2026-09-04 05:38:44,861 - INFO - Training minGRU C=90 A=2 N=3500 L=2 U=128 D=256 run=1
2026-09-04 05:39:06,149 - INFO - minGRU loss=0.6561 acc=0.621 DL=0.300 JW=0.098
2026-09-04 05:39:06,257 - INFO - Training Performer C=90 A=2 N=3500 L=2 U=1024 D=256 run=1
2026-09-04 05:41:37,569 - INFO - Performer loss=0.6120 acc=0.667 DL=0.280 JW=0.100
2026-09-04 05:41:37,579 - INFO - Generating seeds for alphabet size 4
2026-09-04 05:41:37,641 - INFO - Training minGRU C=10 A=4 N=3500 L=2 U=128 D=256 run=1
2026-09-04 05:41:38,679 - INFO - minGRU loss=0.0284 acc=1.000 DL=0.000 JW=0.000
2026-09-04 05:41:38,787 - INFO - Training Performer C=10 A=4 N=3500 L=2 U=1024 D=256 run=1
2026-09-04 05:41:56,769 - INFO - Performer loss=0.0283 acc=1.000 DL=0.000 JW=0.000
2026-09-04 05:41:56,807 - INFO - Training minGRU C=10 A=4 N=3500 L=2 U=128 D=256 run=1
2026-09-04 05:41:57,752 - INFO - minGRU loss=0.0473 acc=1.000 DL=0.000 JW=0.000
2026-09-04 05:41:57,860 - INFO - Training Performer C=10 A=4 N=3500 L=2 U=1024 D=256 run=1
2026-09-04 05:42:21,830 - INFO - Performer loss=0.0123 acc=1.000 DL=0.000 JW=0.000
2026-09-04 05:42:21,871 - INFO - Training minGRU C=30 A=4 N=3500 L=2 U=128 D=256 run=1
2026-09-04 05:42:26,209 - INFO - minGRU loss=0.0470 acc=1.000 DL=0.000 JW=0.000
2026-09-04 05:42:26,317 - INFO - Training Performer C=30 A=4 N=3500 L=2 U=1024 D=256 run=1
2026-09-04 05:43:23,345 - INFO - Performer loss=0.0467 acc=1.000 DL=0.000 JW=0.000
2026-09-04 05:43:23,384 - INFO - Training minGRU C=30 A=4 N=3500 L=2 U=128 D=256 run=1
2026-09-04 05:43:28,433 - INFO - minGRU loss=0.0460 acc=1.000 DL=0.000 JW=0.000
2026-09-04 05:43:28,548 - INFO - Training Performer C=30 A=4 N=3500 L=2 U=1024 D=256 run=1
2026-09-04 05:44:00,231 - INFO - Performer loss=0.0120 acc=1.000 DL=0.000 JW=0.000
2026-09-04 05:44:00,269 - INFO - Training minGRU C=50 A=4 N=3500 L=2 U=128 D=256 run=1
2026-09-04 05:44:08,890 - INFO - minGRU loss=0.0483 acc=1.000 DL=0.000 JW=0.000
2026-09-04 05:44:08,999 - INFO - Training Performer C=50 A=4 N=3500 L=2 U=1024 D=256 run=1
2026-09-04 05:44:55,769 - INFO - Performer loss=0.0064 acc=1.000 DL=0.000 JW=0.000
2026-09-04 05:44:55,805 - INFO - Training minGRU C=50 A=4 N=3500 L=2 U=128 D=256 run=1
2026-09-04 05:45:04,665 - INFO - minGRU loss=0.0428 acc=1.000 DL=0.000 JW=0.000
2026-09-04 05:45:04,911 - INFO - Training Performer C=50 A=4 N=3500 L=2 U=1024 D=256 run=1
2026-09-04 05:47:11,392 - INFO - Performer loss=0.0572 acc=0.991 DL=0.020 JW=0.013
2026-09-04 05:47:11,430 - INFO - Training minGRU C=70 A=4 N=3500 L=2 U=128 D=256 run=1
2026-09-04 05:47:24,648 - INFO - minGRU loss=0.0510 acc=1.000 DL=0.000 JW=0.000
2026-09-04 05:47:24,756 - INFO - Training Performer C=70 A=4 N=3500 L=2 U=1024 D=256 run=1
2026-09-04 05:49:05,986 - INFO - Performer loss=0.9620 acc=0.585 DL=0.440 JW=0.139
2026-09-04 05:49:06,030 - INFO - Training minGRU C=70 A=4 N=3500 L=2 U=128 D=256 run=1
2026-09-04 05:49:18,809 - INFO - minGRU loss=0.0483 acc=1.000 DL=0.000 JW=0.000
2026-09-04 05:49:18,920 - INFO - Training Performer C=70 A=4 N=3500 L=2 U=1024 D=256 run=1
2026-09-04 05:50:52,338 - INFO - Performer loss=0.7934 acc=0.645 DL=0.440 JW=0.270
2026-09-04 05:50:52,568 - INFO - Training minGRU C=90 A=4 N=3500 L=2 U=128 D=256 run=1
2026-09-04 05:51:11,628 - INFO - minGRU loss=0.0472 acc=1.000 DL=0.000 JW=0.000
2026-09-04 05:51:11,739 - INFO - Training Performer C=90 A=4 N=3500 L=2 U=1024 D=256 run=1
2026-09-04 05:52:46,138 - INFO - Performer loss=0.9440 acc=0.615 DL=0.510 JW=0.200
2026-09-04 05:52:46,177 - INFO - Training minGRU C=90 A=4 N=3500 L=2 U=128 D=256 run=1
2026-09-04 05:53:07,082 - INFO - minGRU loss=0.0485 acc=1.000 DL=0.000 JW=0.000
2026-09-04 05:53:07,192 - INFO - Training Performer C=90 A=4 N=3500 L=2 U=1024 D=256 run=1
2026-09-04 05:54:52,137 - INFO - Performer loss=0.9811 acc=0.573 DL=0.390 JW=0.124
2026-09-04 05:54:52,146 - INFO - Generating seeds for alphabet size 6
2026-09-04 05:54:52,202 - INFO - Training minGRU C=10 A=6 N=3500 L=2 U=128 D=256 run=1
2026-09-04 05:54:52,876 - INFO - minGRU loss=0.0373 acc=1.000 DL=0.000 JW=0.000
2026-09-04 05:54:52,985 - INFO - Training Performer C=10 A=6 N=3500 L=2 U=1024 D=256 run=1
2026-09-04 05:55:11,218 - INFO - Performer loss=0.0158 acc=1.000 DL=0.000 JW=0.000
2026-09-04 05:55:11,257 - INFO - Training minGRU C=10 A=6 N=3500 L=2 U=128 D=256 run=1
2026-09-04 05:55:12,144 - INFO - minGRU loss=0.0457 acc=1.000 DL=0.000 JW=0.000
2026-09-04 05:55:12,254 - INFO - Training Performer C=10 A=6 N=3500 L=2 U=1024 D=256 run=1
2026-09-04 05:55:30,371 - INFO - Performer loss=0.0170 acc=1.000 DL=0.000 JW=0.000
2026-09-04 05:55:30,410 - INFO - Training minGRU C=30 A=6 N=3500 L=2 U=128 D=256 run=1
2026-09-04 05:55:32,980 - INFO - minGRU loss=0.0481 acc=1.000 DL=0.000 JW=0.000
2026-09-04 05:55:33,091 - INFO - Training Performer C=30 A=6 N=3500 L=2 U=1024 D=256 run=1
2026-09-04 05:57:02,788 - INFO - Performer loss=0.0346 acc=1.000 DL=0.000 JW=0.000
2026-09-04 05:57:02,826 - INFO - Training minGRU C=30 A=6 N=3500 L=2 U=128 D=256 run=1
2026-09-04 05:57:05,708 - INFO - minGRU loss=0.0472 acc=1.000 DL=0.000 JW=0.000
2026-09-04 05:57:05,820 - INFO - Training Performer C=30 A=6 N=3500 L=2 U=1024 D=256 run=1
2026-09-04 05:58:29,535 - INFO - Performer loss=0.2664 acc=0.945 DL=0.070 JW=0.049
2026-09-04 05:58:29,576 - INFO - Training minGRU C=50 A=6 N=3500 L=2 U=128 D=256 run=1
2026-09-04 05:58:34,939 - INFO - minGRU loss=0.0480 acc=1.000 DL=0.000 JW=0.000
2026-09-04 05:58:35,049 - INFO - Training Performer C=50 A=6 N=3500 L=2 U=1024 D=256 run=1
2026-09-04 06:00:58,537 - INFO - Performer loss=0.0341 acc=1.000 DL=0.000 JW=0.000
2026-09-04 06:00:58,577 - INFO - Training minGRU C=50 A=6 N=3500 L=2 U=128 D=256 run=1
2026-09-04 06:01:02,982 - INFO - minGRU loss=0.0488 acc=1.000 DL=0.000 JW=0.000
2026-09-04 06:01:03,232 - INFO - Training Performer C=50 A=6 N=3500 L=2 U=1024 D=256 run=1
2026-09-04 06:02:24,863 - INFO - Performer loss=0.8324 acc=0.691 DL=0.470 JW=0.178
2026-09-04 06:02:24,902 - INFO - Training minGRU C=70 A=6 N=3500 L=2 U=128 D=256 run=1
2026-09-04 06:02:31,674 - INFO - minGRU loss=0.0480 acc=1.000 DL=0.000 JW=0.000
2026-09-04 06:02:31,786 - INFO - Training Performer C=70 A=6 N=3500 L=2 U=1024 D=256 run=1
2026-09-04 06:05:34,529 - INFO - Performer loss=0.0315 acc=1.000 DL=0.000 JW=0.000
2026-09-04 06:05:34,566 - INFO - Training minGRU C=70 A=6 N=3500 L=2 U=128 D=256 run=1
2026-09-04 06:05:40,923 - INFO - minGRU loss=0.0473 acc=1.000 DL=0.000 JW=0.000
2026-09-04 06:05:41,032 - INFO - Training Performer C=70 A=6 N=3500 L=2 U=1024 D=256 run=1
2026-09-04 06:08:05,698 - INFO - Performer loss=0.0387 acc=1.000 DL=0.000 JW=0.000
2026-09-04 06:08:05,741 - INFO - Training minGRU C=90 A=6 N=3500 L=2 U=128 D=256 run=1
2026-09-04 06:08:14,250 - INFO - minGRU loss=0.0454 acc=1.000 DL=0.000 JW=0.000
2026-09-04 06:08:14,362 - INFO - Training Performer C=90 A=6 N=3500 L=2 U=1024 D=256 run=1
2026-09-04 06:10:07,041 - INFO - Performer loss=0.7365 acc=0.706 DL=0.480 JW=0.274
2026-09-04 06:10:07,081 - INFO - Training minGRU C=90 A=6 N=3500 L=2 U=128 D=256 run=1
2026-09-04 06:10:15,278 - INFO - minGRU loss=0.0490 acc=1.000 DL=0.000 JW=0.000
2026-09-04 06:10:15,387 - INFO - Training Performer C=90 A=6 N=3500 L=2 U=1024 D=256 run=1
2026-09-04 06:13:35,613 - INFO - Performer loss=0.0400 acc=0.994 DL=0.000 JW=0.000
2026-09-04 06:13:35,622 - INFO - Generating seeds for alphabet size 8
2026-09-04 06:13:35,674 - INFO - Training minGRU C=10 A=8 N=3500 L=2 U=128 D=256 run=1
2026-09-04 06:13:36,413 - INFO - minGRU loss=0.0327 acc=1.000 DL=0.000 JW=0.000
2026-09-04 06:13:36,526 - INFO - Training Performer C=10 A=8 N=3500 L=2 U=1024 D=256 run=1
2026-09-04 06:13:54,656 - INFO - Performer loss=0.0027 acc=1.000 DL=0.000 JW=0.000
2026-09-04 06:13:54,696 - INFO - Training minGRU C=10 A=8 N=3500 L=2 U=128 D=256 run=1
2026-09-04 06:13:55,376 - INFO - minGRU loss=0.0353 acc=1.000 DL=0.000 JW=0.000
2026-09-04 06:13:55,488 - INFO - Training Performer C=10 A=8 N=3500 L=2 U=1024 D=256 run=1
2026-09-04 06:14:14,531 - INFO - Performer loss=0.0024 acc=1.000 DL=0.000 JW=0.000
2026-09-04 06:14:14,570 - INFO - Training minGRU C=30 A=8 N=3500 L=2 U=128 D=256 run=1
2026-09-04 06:14:16,955 - INFO - minGRU loss=0.0476 acc=1.000 DL=0.000 JW=0.000
2026-09-04 06:14:17,212 - INFO - Training Performer C=30 A=8 N=3500 L=2 U=1024 D=256 run=1
2026-09-04 06:15:59,186 - INFO - Performer loss=0.0123 acc=1.000 DL=0.000 JW=0.000
2026-09-04 06:15:59,226 - INFO - Training minGRU C=30 A=8 N=3500 L=2 U=128 D=256 run=1
2026-09-04 06:16:01,297 - INFO - minGRU loss=0.0448 acc=1.000 DL=0.000 JW=0.000
2026-09-04 06:16:01,406 - INFO - Training Performer C=30 A=8 N=3500 L=2 U=1024 D=256 run=1
2026-09-04 06:16:31,037 - INFO - Performer loss=0.0115 acc=1.000 DL=0.000 JW=0.000
2026-09-04 06:16:31,076 - INFO - Training minGRU C=50 A=8 N=3500 L=2 U=128 D=256 run=1
2026-09-04 06:16:36,088 - INFO - minGRU loss=0.0461 acc=1.000 DL=0.000 JW=0.000
2026-09-04 06:16:36,199 - INFO - Training Performer C=50 A=8 N=3500 L=2 U=1024 D=256 run=1
2026-09-04 06:17:23,929 - INFO - Performer loss=0.0282 acc=1.000 DL=0.000 JW=0.000
2026-09-04 06:17:23,969 - INFO - Training minGRU C=50 A=8 N=3500 L=2 U=128 D=256 run=1
2026-09-04 06:17:27,920 - INFO - minGRU loss=0.0444 acc=1.000 DL=0.000 JW=0.000
2026-09-04 06:17:28,032 - INFO - Training Performer C=50 A=8 N=3500 L=2 U=1024 D=256 run=1
2026-09-04 06:19:35,736 - INFO - Performer loss=0.0338 acc=1.000 DL=0.000 JW=0.000
2026-09-04 06:19:35,778 - INFO - Training minGRU C=70 A=8 N=3500 L=2 U=128 D=256 run=1
2026-09-04 06:19:41,209 - INFO - minGRU loss=0.0493 acc=1.000 DL=0.000 JW=0.000
2026-09-04 06:19:41,320 - INFO - Training Performer C=70 A=8 N=3500 L=2 U=1024 D=256 run=1
2026-09-04 06:21:17,151 - INFO - Performer loss=0.3225 acc=0.918 DL=0.310 JW=0.098
2026-09-04 06:21:17,192 - INFO - Training minGRU C=70 A=8 N=3500 L=2 U=128 D=256 run=1
2026-09-04 06:21:22,658 - INFO - minGRU loss=0.0437 acc=1.000 DL=0.000 JW=0.000
2026-09-04 06:21:22,769 - INFO - Training Performer C=70 A=8 N=3500 L=2 U=1024 D=256 run=1
2026-09-04 06:22:58,706 - INFO - Performer loss=0.6492 acc=0.733 DL=0.430 JW=0.253
2026-09-04 06:22:58,749 - INFO - Training minGRU C=90 A=8 N=3500 L=2 U=128 D=256 run=1
2026-09-04 06:23:05,288 - INFO - minGRU loss=0.0486 acc=1.000 DL=0.000 JW=0.000
2026-09-04 06:23:05,399 - INFO - Training Performer C=90 A=8 N=3500 L=2 U=1024 D=256 run=1
2026-09-04 06:26:04,333 - INFO - Performer loss=0.0248 acc=1.000 DL=0.000 JW=0.000
2026-09-04 06:26:04,374 - INFO - Training minGRU C=90 A=8 N=3500 L=2 U=128 D=256 run=1
2026-09-04 06:26:10,782 - INFO - minGRU loss=0.0470 acc=1.000 DL=0.000 JW=0.000
2026-09-04 06:26:10,893 - INFO - Training Performer C=90 A=8 N=3500 L=2 U=1024 D=256 run=1
2026-09-04 06:28:19,825 - INFO - Performer loss=0.0435 acc=1.000 DL=0.000 JW=0.000
2026-09-04 06:28:19,834 - INFO - Selected 80/640 configurations for this task
