2026-09-06 13:34:03,023 - INFO - Generating seeds for alphabet size 2
2026-09-06 13:34:03,260 - INFO - Training minLSTM C=10 A=2 N=3500 L=2 U=128 D=256 run=0
2026-09-06 13:35:51,060 - INFO - minLSTM loss=0.0451 acc=1.000 DL=0.000 JW=0.000
2026-09-06 13:35:51,274 - INFO - Training RWKV C=10 A=2 N=3500 L=2 U=1024 D=256 run=0
2026-09-06 13:36:06,906 - INFO - RWKV loss=0.0482 acc=1.000 DL=0.000 JW=0.000
2026-09-06 13:36:06,936 - INFO - Training minLSTM C=10 A=2 N=3500 L=2 U=128 D=256 run=0
2026-09-06 13:38:29,341 - INFO - minLSTM loss=0.1248 acc=0.939 DL=0.130 JW=0.039
2026-09-06 13:38:29,451 - INFO - Training RWKV C=10 A=2 N=3500 L=2 U=1024 D=256 run=0
2026-09-06 13:38:49,399 - INFO - RWKV loss=0.0255 acc=1.000 DL=0.000 JW=0.000
2026-09-06 13:38:49,427 - INFO - Training minLSTM C=30 A=2 N=3500 L=2 U=128 D=256 run=0
2026-09-06 13:47:28,541 - INFO - minLSTM loss=0.1996 acc=0.936 DL=0.170 JW=0.052
2026-09-06 13:47:28,650 - INFO - Training RWKV C=30 A=2 N=3500 L=2 U=1024 D=256 run=0
2026-09-06 13:49:11,023 - INFO - RWKV loss=0.0472 acc=0.985 DL=0.060 JW=0.014
2026-09-06 13:49:11,052 - INFO - Training minLSTM C=30 A=2 N=3500 L=2 U=128 D=256 run=0
2026-09-06 13:57:50,399 - INFO - minLSTM loss=0.3006 acc=0.870 DL=0.220 JW=0.068
2026-09-06 13:57:50,509 - INFO - Training RWKV C=30 A=2 N=3500 L=2 U=1024 D=256 run=0
2026-09-06 13:58:49,388 - INFO - RWKV loss=0.0450 acc=0.988 DL=0.190 JW=0.080
2026-09-06 13:58:49,549 - INFO - Training minLSTM C=50 A=2 N=3500 L=2 U=128 D=256 run=0
2026-09-06 14:07:28,759 - INFO - minLSTM loss=0.4140 acc=0.827 DL=0.320 JW=0.171
2026-09-06 14:07:28,926 - INFO - Training RWKV C=50 A=2 N=3500 L=2 U=1024 D=256 run=0
2026-09-06 14:09:51,608 - INFO - RWKV loss=0.0514 acc=0.982 DL=0.320 JW=0.055
2026-09-06 14:09:51,854 - INFO - Training minLSTM C=50 A=2 N=3500 L=2 U=128 D=256 run=0
2026-09-06 14:18:31,633 - INFO - minLSTM loss=0.5694 acc=0.676 DL=0.300 JW=0.068
2026-09-06 14:18:31,745 - INFO - Training RWKV C=50 A=2 N=3500 L=2 U=1024 D=256 run=0
2026-09-06 14:21:06,477 - INFO - RWKV loss=0.0522 acc=0.985 DL=0.000 JW=0.000
2026-09-06 14:21:06,506 - INFO - Training minLSTM C=70 A=2 N=3500 L=2 U=128 D=256 run=0
2026-09-06 14:22:46,992 - INFO - minLSTM loss=0.6648 acc=0.561 DL=0.270 JW=0.103
2026-09-06 14:22:47,100 - INFO - Training RWKV C=70 A=2 N=3500 L=2 U=1024 D=256 run=0
2026-09-06 14:25:57,620 - INFO - RWKV loss=0.0597 acc=0.964 DL=0.230 JW=0.037
2026-09-06 14:25:57,656 - INFO - Training minLSTM C=70 A=2 N=3500 L=2 U=128 D=256 run=0
2026-09-06 14:26:30,973 - INFO - minLSTM loss=0.6959 acc=0.512 DL=0.410 JW=0.219
2026-09-06 14:26:31,081 - INFO - Training RWKV C=70 A=2 N=3500 L=2 U=1024 D=256 run=0
2026-09-06 14:29:53,545 - INFO - RWKV loss=0.0666 acc=0.967 DL=0.180 JW=0.064
2026-09-06 14:29:53,575 - INFO - Training minLSTM C=90 A=2 N=3500 L=2 U=128 D=256 run=0
2026-09-06 14:38:33,150 - INFO - minLSTM loss=0.6411 acc=0.585 DL=0.300 JW=0.067
2026-09-06 14:38:33,261 - INFO - Training RWKV C=90 A=2 N=3500 L=2 U=1024 D=256 run=0
2026-09-06 14:43:02,074 - INFO - RWKV loss=0.0510 acc=0.979 DL=0.200 JW=0.034
2026-09-06 14:43:02,102 - INFO - Training minLSTM C=90 A=2 N=3500 L=2 U=128 D=256 run=0
2026-09-06 14:51:43,947 - INFO - minLSTM loss=0.6435 acc=0.582 DL=0.280 JW=0.096
2026-09-06 14:51:44,054 - INFO - Training RWKV C=90 A=2 N=3500 L=2 U=1024 D=256 run=0
2026-09-06 14:52:57,940 - INFO - RWKV loss=0.6265 acc=0.618 DL=0.270 JW=0.071
2026-09-06 14:52:57,940 - INFO - Generating seeds for alphabet size 4
2026-09-06 14:52:58,001 - INFO - Training minLSTM C=10 A=4 N=3500 L=2 U=128 D=256 run=0
2026-09-06 14:53:15,825 - INFO - minLSTM loss=0.0306 acc=1.000 DL=0.000 JW=0.000
2026-09-06 14:53:15,931 - INFO - Training RWKV C=10 A=4 N=3500 L=2 U=1024 D=256 run=0
2026-09-06 14:53:19,980 - INFO - RWKV loss=0.0064 acc=1.000 DL=0.000 JW=0.000
2026-09-06 14:53:20,007 - INFO - Training minLSTM C=10 A=4 N=3500 L=2 U=128 D=256 run=0
2026-09-06 14:53:40,454 - INFO - minLSTM loss=0.0379 acc=1.000 DL=0.000 JW=0.000
2026-09-06 14:53:40,561 - INFO - Training RWKV C=10 A=4 N=3500 L=2 U=1024 D=256 run=0
2026-09-06 14:53:44,633 - INFO - RWKV loss=0.0296 acc=1.000 DL=0.000 JW=0.000
2026-09-06 14:53:44,662 - INFO - Training minLSTM C=30 A=4 N=3500 L=2 U=128 D=256 run=0
2026-09-06 14:55:18,567 - INFO - minLSTM loss=0.0441 acc=1.000 DL=0.000 JW=0.000
2026-09-06 14:55:18,675 - INFO - Training RWKV C=30 A=4 N=3500 L=2 U=1024 D=256 run=0
2026-09-06 14:55:27,182 - INFO - RWKV loss=0.0243 acc=1.000 DL=0.000 JW=0.000
2026-09-06 14:55:27,210 - INFO - Training minLSTM C=30 A=4 N=3500 L=2 U=128 D=256 run=0
2026-09-06 14:57:14,140 - INFO - minLSTM loss=0.0425 acc=1.000 DL=0.000 JW=0.000
2026-09-06 14:57:14,247 - INFO - Training RWKV C=30 A=4 N=3500 L=2 U=1024 D=256 run=0
2026-09-06 14:57:25,647 - INFO - RWKV loss=0.0395 acc=0.982 DL=0.080 JW=0.071
2026-09-06 14:57:25,676 - INFO - Training minLSTM C=50 A=4 N=3500 L=2 U=128 D=256 run=0
2026-09-06 15:00:23,870 - INFO - minLSTM loss=0.0418 acc=1.000 DL=0.000 JW=0.000
2026-09-06 15:00:23,977 - INFO - Training RWKV C=50 A=4 N=3500 L=2 U=1024 D=256 run=0
2026-09-06 15:00:42,440 - INFO - RWKV loss=0.0461 acc=0.988 DL=0.270 JW=0.058
2026-09-06 15:00:42,467 - INFO - Training minLSTM C=50 A=4 N=3500 L=2 U=128 D=256 run=0
2026-09-06 15:04:14,043 - INFO - minLSTM loss=0.0465 acc=1.000 DL=0.000 JW=0.000
2026-09-06 15:04:14,150 - INFO - Training RWKV C=50 A=4 N=3500 L=2 U=1024 D=256 run=0
2026-09-06 15:04:28,215 - INFO - RWKV loss=0.0343 acc=0.991 DL=0.360 JW=0.180
2026-09-06 15:04:28,244 - INFO - Training minLSTM C=70 A=4 N=3500 L=2 U=128 D=256 run=0
2026-09-06 15:08:58,777 - INFO - minLSTM loss=0.0491 acc=1.000 DL=0.000 JW=0.000
2026-09-06 15:08:58,885 - INFO - Training RWKV C=70 A=4 N=3500 L=2 U=1024 D=256 run=0
2026-09-06 15:09:20,138 - INFO - RWKV loss=0.0579 acc=0.985 DL=0.050 JW=0.018
2026-09-06 15:09:20,166 - INFO - Training minLSTM C=70 A=4 N=3500 L=2 U=128 D=256 run=0
2026-09-06 15:13:56,008 - INFO - minLSTM loss=0.0459 acc=1.000 DL=0.000 JW=0.000
2026-09-06 15:13:56,116 - INFO - Training RWKV C=70 A=4 N=3500 L=2 U=1024 D=256 run=0
2026-09-06 15:14:14,575 - INFO - RWKV loss=0.0405 acc=0.991 DL=0.010 JW=0.004
2026-09-06 15:14:14,604 - INFO - Training minLSTM C=90 A=4 N=3500 L=2 U=128 D=256 run=0
2026-09-06 15:20:52,263 - INFO - minLSTM loss=0.0486 acc=1.000 DL=0.000 JW=0.000
2026-09-06 15:20:52,376 - INFO - Training RWKV C=90 A=4 N=3500 L=2 U=1024 D=256 run=0
2026-09-06 15:21:19,566 - INFO - RWKV loss=0.0468 acc=0.994 DL=0.000 JW=0.000
2026-09-06 15:21:19,594 - INFO - Training minLSTM C=90 A=4 N=3500 L=2 U=128 D=256 run=0
2026-09-06 15:27:46,400 - INFO - minLSTM loss=0.0492 acc=1.000 DL=0.000 JW=0.000
2026-09-06 15:27:46,508 - INFO - Training RWKV C=90 A=4 N=3500 L=2 U=1024 D=256 run=0
2026-09-06 15:28:16,538 - INFO - RWKV loss=0.0420 acc=0.988 DL=0.510 JW=0.166
2026-09-06 15:28:16,538 - INFO - Generating seeds for alphabet size 6
2026-09-06 15:28:16,785 - INFO - Training minLSTM C=10 A=6 N=3500 L=2 U=128 D=256 run=0
2026-09-06 15:28:26,928 - INFO - minLSTM loss=0.0470 acc=1.000 DL=0.000 JW=0.000
2026-09-06 15:28:27,036 - INFO - Training RWKV C=10 A=6 N=3500 L=2 U=1024 D=256 run=0
2026-09-06 15:28:29,659 - INFO - RWKV loss=0.0064 acc=1.000 DL=0.000 JW=0.000
2026-09-06 15:28:29,688 - INFO - Training minLSTM C=10 A=6 N=3500 L=2 U=128 D=256 run=0
2026-09-06 15:28:39,834 - INFO - minLSTM loss=0.0458 acc=1.000 DL=0.000 JW=0.000
2026-09-06 15:28:39,941 - INFO - Training RWKV C=10 A=6 N=3500 L=2 U=1024 D=256 run=0
2026-09-06 15:28:42,584 - INFO - RWKV loss=0.0093 acc=1.000 DL=0.000 JW=0.000
2026-09-06 15:28:42,614 - INFO - Training minLSTM C=30 A=6 N=3500 L=2 U=128 D=256 run=0
2026-09-06 15:29:36,566 - INFO - minLSTM loss=0.0363 acc=1.000 DL=0.000 JW=0.000
2026-09-06 15:29:36,674 - INFO - Training RWKV C=30 A=6 N=3500 L=2 U=1024 D=256 run=0
2026-09-06 15:29:42,161 - INFO - RWKV loss=0.0107 acc=1.000 DL=0.000 JW=0.000
2026-09-06 15:29:42,190 - INFO - Training minLSTM C=30 A=6 N=3500 L=2 U=128 D=256 run=0
2026-09-06 15:30:41,458 - INFO - minLSTM loss=0.0486 acc=1.000 DL=0.000 JW=0.000
2026-09-06 15:30:41,566 - INFO - Training RWKV C=30 A=6 N=3500 L=2 U=1024 D=256 run=0
2026-09-06 15:30:47,049 - INFO - RWKV loss=0.0260 acc=1.000 DL=0.000 JW=0.000
2026-09-06 15:30:47,205 - INFO - Training minLSTM C=50 A=6 N=3500 L=2 U=128 D=256 run=0
2026-09-06 15:32:17,253 - INFO - minLSTM loss=0.0512 acc=1.000 DL=0.000 JW=0.000
2026-09-06 15:32:17,361 - INFO - Training RWKV C=50 A=6 N=3500 L=2 U=1024 D=256 run=0
2026-09-06 15:32:25,767 - INFO - RWKV loss=0.0459 acc=0.988 DL=0.520 JW=0.145
2026-09-06 15:32:25,796 - INFO - Training minLSTM C=50 A=6 N=3500 L=2 U=128 D=256 run=0
2026-09-06 15:34:01,311 - INFO - minLSTM loss=0.0473 acc=1.000 DL=0.000 JW=0.000
2026-09-06 15:34:01,419 - INFO - Training RWKV C=50 A=6 N=3500 L=2 U=1024 D=256 run=0
2026-09-06 15:34:09,786 - INFO - RWKV loss=0.0106 acc=1.000 DL=0.000 JW=0.000
2026-09-06 15:34:09,815 - INFO - Training minLSTM C=70 A=6 N=3500 L=2 U=128 D=256 run=0
2026-09-06 15:36:34,384 - INFO - minLSTM loss=0.0459 acc=1.000 DL=0.000 JW=0.000
2026-09-06 15:36:34,495 - INFO - Training RWKV C=70 A=6 N=3500 L=2 U=1024 D=256 run=0
2026-09-06 15:36:45,788 - INFO - RWKV loss=0.0432 acc=0.982 DL=0.430 JW=0.089
2026-09-06 15:36:45,816 - INFO - Training minLSTM C=70 A=6 N=3500 L=2 U=128 D=256 run=0
2026-09-06 15:38:54,755 - INFO - minLSTM loss=0.0467 acc=1.000 DL=0.000 JW=0.000
2026-09-06 15:38:54,867 - INFO - Training RWKV C=70 A=6 N=3500 L=2 U=1024 D=256 run=0
2026-09-06 15:39:04,838 - INFO - RWKV loss=0.0315 acc=1.000 DL=0.000 JW=0.000
2026-09-06 15:39:04,868 - INFO - Training minLSTM C=90 A=6 N=3500 L=2 U=128 D=256 run=0
2026-09-06 15:42:18,249 - INFO - minLSTM loss=0.0446 acc=1.000 DL=0.000 JW=0.000
2026-09-06 15:42:18,357 - INFO - Training RWKV C=90 A=6 N=3500 L=2 U=1024 D=256 run=0
2026-09-06 15:42:32,499 - INFO - RWKV loss=0.0152 acc=1.000 DL=0.000 JW=0.000
2026-09-06 15:42:32,527 - INFO - Training minLSTM C=90 A=6 N=3500 L=2 U=128 D=256 run=0
2026-09-06 15:45:38,238 - INFO - minLSTM loss=0.0440 acc=0.994 DL=0.020 JW=0.079
2026-09-06 15:45:38,347 - INFO - Training RWKV C=90 A=6 N=3500 L=2 U=1024 D=256 run=0
2026-09-06 15:45:52,513 - INFO - RWKV loss=0.0481 acc=0.994 DL=0.020 JW=0.079
2026-09-06 15:45:52,513 - INFO - Generating seeds for alphabet size 8
2026-09-06 15:45:52,565 - INFO - Training minLSTM C=10 A=8 N=3500 L=2 U=128 D=256 run=0
2026-09-06 15:46:02,692 - INFO - minLSTM loss=0.0470 acc=1.000 DL=0.000 JW=0.000
2026-09-06 15:46:02,804 - INFO - Training RWKV C=10 A=8 N=3500 L=2 U=1024 D=256 run=0
2026-09-06 15:46:05,421 - INFO - RWKV loss=0.0049 acc=1.000 DL=0.000 JW=0.000
2026-09-06 15:46:05,450 - INFO - Training minLSTM C=10 A=8 N=3500 L=2 U=128 D=256 run=0
2026-09-06 15:46:18,180 - INFO - minLSTM loss=0.0280 acc=1.000 DL=0.000 JW=0.000
2026-09-06 15:46:18,288 - INFO - Training RWKV C=10 A=8 N=3500 L=2 U=1024 D=256 run=0
2026-09-06 15:46:20,917 - INFO - RWKV loss=0.0061 acc=1.000 DL=0.000 JW=0.000
2026-09-06 15:46:20,947 - INFO - Training minLSTM C=30 A=8 N=3500 L=2 U=128 D=256 run=0
2026-09-06 15:47:09,826 - INFO - minLSTM loss=0.0482 acc=1.000 DL=0.000 JW=0.000
2026-09-06 15:47:09,935 - INFO - Training RWKV C=30 A=8 N=3500 L=2 U=1024 D=256 run=0
2026-09-06 15:47:13,985 - INFO - RWKV loss=0.0194 acc=1.000 DL=0.000 JW=0.000
2026-09-06 15:47:14,014 - INFO - Training minLSTM C=30 A=8 N=3500 L=2 U=128 D=256 run=0
2026-09-06 15:48:00,383 - INFO - minLSTM loss=0.0428 acc=1.000 DL=0.000 JW=0.000
2026-09-06 15:48:00,491 - INFO - Training RWKV C=30 A=8 N=3500 L=2 U=1024 D=256 run=0
2026-09-06 15:48:04,555 - INFO - RWKV loss=0.0131 acc=1.000 DL=0.000 JW=0.000
2026-09-06 15:48:04,586 - INFO - Training minLSTM C=50 A=8 N=3500 L=2 U=128 D=256 run=0
2026-09-06 15:49:32,185 - INFO - minLSTM loss=0.0494 acc=1.000 DL=0.000 JW=0.000
2026-09-06 15:49:32,294 - INFO - Training RWKV C=50 A=8 N=3500 L=2 U=1024 D=256 run=0
2026-09-06 15:49:39,255 - INFO - RWKV loss=0.0128 acc=1.000 DL=0.000 JW=0.000
2026-09-06 15:49:39,286 - INFO - Training minLSTM C=50 A=8 N=3500 L=2 U=128 D=256 run=0
2026-09-06 15:50:51,380 - INFO - minLSTM loss=0.0490 acc=1.000 DL=0.000 JW=0.000
2026-09-06 15:50:51,488 - INFO - Training RWKV C=50 A=8 N=3500 L=2 U=1024 D=256 run=0
2026-09-06 15:50:57,004 - INFO - RWKV loss=0.0407 acc=1.000 DL=0.000 JW=0.000
2026-09-06 15:50:57,034 - INFO - Training minLSTM C=70 A=8 N=3500 L=2 U=128 D=256 run=0
2026-09-06 15:52:37,663 - INFO - minLSTM loss=0.0474 acc=1.000 DL=0.000 JW=0.000
2026-09-06 15:52:37,775 - INFO - Training RWKV C=70 A=8 N=3500 L=2 U=1024 D=256 run=0
2026-09-06 15:52:46,161 - INFO - RWKV loss=0.0130 acc=1.000 DL=0.000 JW=0.000
2026-09-06 15:52:46,191 - INFO - Training minLSTM C=70 A=8 N=3500 L=2 U=128 D=256 run=0
2026-09-06 15:54:21,320 - INFO - minLSTM loss=0.0467 acc=1.000 DL=0.000 JW=0.000
2026-09-06 15:54:21,428 - INFO - Training RWKV C=70 A=8 N=3500 L=2 U=1024 D=256 run=0
2026-09-06 15:54:28,380 - INFO - RWKV loss=0.0257 acc=1.000 DL=0.000 JW=0.000
2026-09-06 15:54:28,409 - INFO - Training minLSTM C=90 A=8 N=3500 L=2 U=128 D=256 run=0
2026-09-06 15:56:32,107 - INFO - minLSTM loss=0.0463 acc=1.000 DL=0.000 JW=0.000
2026-09-06 15:56:32,223 - INFO - Training RWKV C=90 A=8 N=3500 L=2 U=1024 D=256 run=0
2026-09-06 15:56:40,627 - INFO - RWKV loss=0.0193 acc=1.000 DL=0.000 JW=0.000
2026-09-06 15:56:40,666 - INFO - Training minLSTM C=90 A=8 N=3500 L=2 U=128 D=256 run=0
2026-09-06 15:58:44,485 - INFO - minLSTM loss=0.0481 acc=1.000 DL=0.000 JW=0.000
2026-09-06 15:58:44,595 - INFO - Training RWKV C=90 A=8 N=3500 L=2 U=1024 D=256 run=0
2026-09-06 15:58:53,042 - INFO - RWKV loss=0.0160 acc=1.000 DL=0.000 JW=0.000
2026-09-06 15:58:53,043 - INFO - Selected 80/640 configurations for this task
