2026-09-06 13:43:34,728 - INFO - Generating seeds for alphabet size 2
2026-09-06 13:43:34,975 - INFO - Training minLSTM C=10 A=2 N=3500 L=2 U=128 D=256 run=1
2026-09-06 13:45:35,693 - INFO - minLSTM loss=0.0404 acc=1.000 DL=0.000 JW=0.000
2026-09-06 13:45:35,958 - INFO - Training RWKV C=10 A=2 N=3500 L=2 U=1024 D=256 run=1
2026-09-06 13:45:59,101 - INFO - RWKV loss=0.0066 acc=1.000 DL=0.000 JW=0.000
2026-09-06 13:45:59,132 - INFO - Training minLSTM C=10 A=2 N=3500 L=2 U=128 D=256 run=1
2026-09-06 13:47:30,314 - INFO - minLSTM loss=0.1353 acc=0.939 DL=0.140 JW=0.039
2026-09-06 13:47:30,478 - INFO - Training RWKV C=10 A=2 N=3500 L=2 U=1024 D=256 run=1
2026-09-06 13:47:48,981 - INFO - RWKV loss=0.0346 acc=1.000 DL=0.000 JW=0.000
2026-09-06 13:47:49,012 - INFO - Training minLSTM C=30 A=2 N=3500 L=2 U=128 D=256 run=1
2026-09-06 13:54:07,037 - INFO - minLSTM loss=0.2724 acc=0.876 DL=0.160 JW=0.060
2026-09-06 13:54:07,163 - INFO - Training RWKV C=30 A=2 N=3500 L=2 U=1024 D=256 run=1
2026-09-06 13:55:55,891 - INFO - RWKV loss=0.0417 acc=0.976 DL=0.230 JW=0.111
2026-09-06 13:55:55,926 - INFO - Training minLSTM C=30 A=2 N=3500 L=2 U=128 D=256 run=1
2026-09-06 14:05:11,635 - INFO - minLSTM loss=0.3730 acc=0.833 DL=0.310 JW=0.130
2026-09-06 14:05:11,758 - INFO - Training RWKV C=30 A=2 N=3500 L=2 U=1024 D=256 run=1
2026-09-06 14:06:27,729 - INFO - RWKV loss=0.0510 acc=0.973 DL=0.200 JW=0.096
2026-09-06 14:06:27,762 - INFO - Training minLSTM C=50 A=2 N=3500 L=2 U=128 D=256 run=1
2026-09-06 14:15:43,826 - INFO - minLSTM loss=0.4622 acc=0.794 DL=0.270 JW=0.062
2026-09-06 14:15:43,949 - INFO - Training RWKV C=50 A=2 N=3500 L=2 U=1024 D=256 run=1
2026-09-06 14:17:56,268 - INFO - RWKV loss=0.0528 acc=0.982 DL=0.280 JW=0.058
2026-09-06 14:17:56,298 - INFO - Training minLSTM C=50 A=2 N=3500 L=2 U=128 D=256 run=1
2026-09-06 14:21:48,235 - INFO - minLSTM loss=0.6064 acc=0.645 DL=0.390 JW=0.093
2026-09-06 14:21:48,356 - INFO - Training RWKV C=50 A=2 N=3500 L=2 U=1024 D=256 run=1
2026-09-06 14:24:47,554 - INFO - RWKV loss=0.0575 acc=0.979 DL=0.160 JW=0.043
2026-09-06 14:24:47,588 - INFO - Training minLSTM C=70 A=2 N=3500 L=2 U=128 D=256 run=1
2026-09-06 14:30:36,030 - INFO - minLSTM loss=0.6271 acc=0.633 DL=0.320 JW=0.154
2026-09-06 14:30:36,152 - INFO - Training RWKV C=70 A=2 N=3500 L=2 U=1024 D=256 run=1
2026-09-06 14:34:04,656 - INFO - RWKV loss=0.0588 acc=0.970 DL=0.240 JW=0.041
2026-09-06 14:34:04,689 - INFO - Training minLSTM C=70 A=2 N=3500 L=2 U=128 D=256 run=1
2026-09-06 14:43:20,310 - INFO - minLSTM loss=0.5567 acc=0.739 DL=0.300 JW=0.140
2026-09-06 14:43:20,433 - INFO - Training RWKV C=70 A=2 N=3500 L=2 U=1024 D=256 run=1
2026-09-06 14:46:49,880 - INFO - RWKV loss=0.0436 acc=0.973 DL=0.230 JW=0.075
2026-09-06 14:46:49,914 - INFO - Training minLSTM C=90 A=2 N=3500 L=2 U=128 D=256 run=1
2026-09-06 14:56:05,631 - INFO - minLSTM loss=0.6405 acc=0.579 DL=0.410 JW=0.093
2026-09-06 14:56:05,750 - INFO - Training RWKV C=90 A=2 N=3500 L=2 U=1024 D=256 run=1
2026-09-06 15:01:19,202 - INFO - RWKV loss=0.0640 acc=0.973 DL=0.230 JW=0.034
2026-09-06 15:01:19,234 - INFO - Training minLSTM C=90 A=2 N=3500 L=2 U=128 D=256 run=1
2026-09-06 15:04:29,935 - INFO - minLSTM loss=0.6734 acc=0.588 DL=0.300 JW=0.136
2026-09-06 15:04:30,054 - INFO - Training RWKV C=90 A=2 N=3500 L=2 U=1024 D=256 run=1
2026-09-06 15:05:58,442 - INFO - RWKV loss=0.6259 acc=0.642 DL=0.290 JW=0.077
2026-09-06 15:05:58,442 - INFO - Generating seeds for alphabet size 4
2026-09-06 15:05:58,510 - INFO - Training minLSTM C=10 A=4 N=3500 L=2 U=128 D=256 run=1
2026-09-06 15:06:17,715 - INFO - minLSTM loss=0.0265 acc=1.000 DL=0.000 JW=0.000
2026-09-06 15:06:17,839 - INFO - Training RWKV C=10 A=4 N=3500 L=2 U=1024 D=256 run=1
2026-09-06 15:06:22,229 - INFO - RWKV loss=0.0032 acc=1.000 DL=0.000 JW=0.000
2026-09-06 15:06:22,262 - INFO - Training minLSTM C=10 A=4 N=3500 L=2 U=128 D=256 run=1
2026-09-06 15:06:44,307 - INFO - minLSTM loss=0.0320 acc=1.000 DL=0.000 JW=0.000
2026-09-06 15:06:44,430 - INFO - Training RWKV C=10 A=4 N=3500 L=2 U=1024 D=256 run=1
2026-09-06 15:06:48,815 - INFO - RWKV loss=0.0030 acc=1.000 DL=0.000 JW=0.000
2026-09-06 15:06:48,847 - INFO - Training minLSTM C=30 A=4 N=3500 L=2 U=128 D=256 run=1
2026-09-06 15:08:28,354 - INFO - minLSTM loss=0.0409 acc=1.000 DL=0.000 JW=0.000
2026-09-06 15:08:28,474 - INFO - Training RWKV C=30 A=4 N=3500 L=2 U=1024 D=256 run=1
2026-09-06 15:08:37,463 - INFO - RWKV loss=0.0126 acc=1.000 DL=0.000 JW=0.000
2026-09-06 15:08:37,494 - INFO - Training minLSTM C=30 A=4 N=3500 L=2 U=128 D=256 run=1
2026-09-06 15:10:22,420 - INFO - minLSTM loss=0.0359 acc=1.000 DL=0.000 JW=0.000
2026-09-06 15:10:22,542 - INFO - Training RWKV C=30 A=4 N=3500 L=2 U=1024 D=256 run=1
2026-09-06 15:10:33,067 - INFO - RWKV loss=0.0408 acc=0.979 DL=0.040 JW=0.051
2026-09-06 15:10:33,099 - INFO - Training minLSTM C=50 A=4 N=3500 L=2 U=128 D=256 run=1
2026-09-06 15:14:00,809 - INFO - minLSTM loss=0.0456 acc=1.000 DL=0.000 JW=0.000
2026-09-06 15:14:00,937 - INFO - Training RWKV C=50 A=4 N=3500 L=2 U=1024 D=256 run=1
2026-09-06 15:14:22,571 - INFO - RWKV loss=0.0330 acc=0.988 DL=0.270 JW=0.058
2026-09-06 15:14:22,604 - INFO - Training minLSTM C=50 A=4 N=3500 L=2 U=128 D=256 run=1
2026-09-06 15:17:41,693 - INFO - minLSTM loss=0.0448 acc=1.000 DL=0.000 JW=0.000
2026-09-06 15:17:41,855 - INFO - Training RWKV C=50 A=4 N=3500 L=2 U=1024 D=256 run=1
2026-09-06 15:17:57,001 - INFO - RWKV loss=0.0149 acc=1.000 DL=0.000 JW=0.000
2026-09-06 15:17:57,032 - INFO - Training minLSTM C=70 A=4 N=3500 L=2 U=128 D=256 run=1
2026-09-06 15:22:28,366 - INFO - minLSTM loss=0.0488 acc=1.000 DL=0.000 JW=0.000
2026-09-06 15:22:28,489 - INFO - Training RWKV C=70 A=4 N=3500 L=2 U=1024 D=256 run=1
2026-09-06 15:22:48,470 - INFO - RWKV loss=0.0530 acc=0.976 DL=0.050 JW=0.018
2026-09-06 15:22:48,502 - INFO - Training minLSTM C=70 A=4 N=3500 L=2 U=128 D=256 run=1
2026-09-06 15:27:19,406 - INFO - minLSTM loss=0.0452 acc=1.000 DL=0.000 JW=0.000
2026-09-06 15:27:19,527 - INFO - Training RWKV C=70 A=4 N=3500 L=2 U=1024 D=256 run=1
2026-09-06 15:27:39,344 - INFO - RWKV loss=0.0464 acc=0.985 DL=0.020 JW=0.067
2026-09-06 15:27:39,376 - INFO - Training minLSTM C=90 A=4 N=3500 L=2 U=128 D=256 run=1
2026-09-06 15:34:17,533 - INFO - minLSTM loss=0.0487 acc=1.000 DL=0.000 JW=0.000
2026-09-06 15:34:17,655 - INFO - Training RWKV C=90 A=4 N=3500 L=2 U=1024 D=256 run=1
2026-09-06 15:34:43,686 - INFO - RWKV loss=0.0466 acc=0.994 DL=0.000 JW=0.000
2026-09-06 15:34:43,717 - INFO - Training minLSTM C=90 A=4 N=3500 L=2 U=128 D=256 run=1
2026-09-06 15:41:44,016 - INFO - minLSTM loss=0.0468 acc=1.000 DL=0.000 JW=0.000
2026-09-06 15:41:44,138 - INFO - Training RWKV C=90 A=4 N=3500 L=2 U=1024 D=256 run=1
2026-09-06 15:42:14,782 - INFO - RWKV loss=0.0476 acc=0.979 DL=0.290 JW=0.052
2026-09-06 15:42:14,782 - INFO - Generating seeds for alphabet size 6
2026-09-06 15:42:14,904 - INFO - Training minLSTM C=10 A=6 N=3500 L=2 U=128 D=256 run=1
2026-09-06 15:42:25,626 - INFO - minLSTM loss=0.0452 acc=1.000 DL=0.000 JW=0.000
2026-09-06 15:42:25,744 - INFO - Training RWKV C=10 A=6 N=3500 L=2 U=1024 D=256 run=1
2026-09-06 15:42:28,561 - INFO - RWKV loss=0.0062 acc=1.000 DL=0.000 JW=0.000
2026-09-06 15:42:28,596 - INFO - Training minLSTM C=10 A=6 N=3500 L=2 U=128 D=256 run=1
2026-09-06 15:42:42,055 - INFO - minLSTM loss=0.0455 acc=1.000 DL=0.000 JW=0.000
2026-09-06 15:42:42,175 - INFO - Training RWKV C=10 A=6 N=3500 L=2 U=1024 D=256 run=1
2026-09-06 15:42:44,984 - INFO - RWKV loss=0.0143 acc=1.000 DL=0.000 JW=0.000
2026-09-06 15:42:45,017 - INFO - Training minLSTM C=30 A=6 N=3500 L=2 U=128 D=256 run=1
2026-09-06 15:43:34,792 - INFO - minLSTM loss=0.0420 acc=1.000 DL=0.000 JW=0.000
2026-09-06 15:43:34,914 - INFO - Training RWKV C=30 A=6 N=3500 L=2 U=1024 D=256 run=1
2026-09-06 15:43:39,350 - INFO - RWKV loss=0.0379 acc=1.000 DL=0.000 JW=0.000
2026-09-06 15:43:39,383 - INFO - Training minLSTM C=30 A=6 N=3500 L=2 U=128 D=256 run=1
2026-09-06 15:44:37,139 - INFO - minLSTM loss=0.0398 acc=1.000 DL=0.000 JW=0.000
2026-09-06 15:44:37,262 - INFO - Training RWKV C=30 A=6 N=3500 L=2 U=1024 D=256 run=1
2026-09-06 15:44:43,167 - INFO - RWKV loss=0.0087 acc=1.000 DL=0.000 JW=0.000
2026-09-06 15:44:43,199 - INFO - Training minLSTM C=50 A=6 N=3500 L=2 U=128 D=256 run=1
2026-09-06 15:46:22,484 - INFO - minLSTM loss=0.0504 acc=1.000 DL=0.000 JW=0.000
2026-09-06 15:46:22,607 - INFO - Training RWKV C=50 A=6 N=3500 L=2 U=1024 D=256 run=1
2026-09-06 15:46:37,945 - INFO - RWKV loss=0.0326 acc=1.000 DL=0.000 JW=0.000
2026-09-06 15:46:37,976 - INFO - Training minLSTM C=50 A=6 N=3500 L=2 U=128 D=256 run=1
2026-09-06 15:48:11,551 - INFO - minLSTM loss=0.0446 acc=1.000 DL=0.000 JW=0.000
2026-09-06 15:48:11,677 - INFO - Training RWKV C=50 A=6 N=3500 L=2 U=1024 D=256 run=1
2026-09-06 15:48:19,242 - INFO - RWKV loss=0.0122 acc=1.000 DL=0.000 JW=0.000
2026-09-06 15:48:19,276 - INFO - Training minLSTM C=70 A=6 N=3500 L=2 U=128 D=256 run=1
2026-09-06 15:50:48,444 - INFO - minLSTM loss=0.0401 acc=1.000 DL=0.000 JW=0.000
2026-09-06 15:50:48,565 - INFO - Training RWKV C=70 A=6 N=3500 L=2 U=1024 D=256 run=1
2026-09-06 15:51:02,610 - INFO - RWKV loss=0.0293 acc=0.991 DL=0.170 JW=0.033
2026-09-06 15:51:02,643 - INFO - Training minLSTM C=70 A=6 N=3500 L=2 U=128 D=256 run=1
2026-09-06 15:53:15,023 - INFO - minLSTM loss=0.0476 acc=1.000 DL=0.000 JW=0.000
2026-09-06 15:53:15,147 - INFO - Training RWKV C=70 A=6 N=3500 L=2 U=1024 D=256 run=1
2026-09-06 15:53:25,848 - INFO - RWKV loss=0.0116 acc=1.000 DL=0.000 JW=0.000
2026-09-06 15:53:25,882 - INFO - Training minLSTM C=90 A=6 N=3500 L=2 U=128 D=256 run=1
2026-09-06 15:56:42,058 - INFO - minLSTM loss=0.0442 acc=1.000 DL=0.000 JW=0.000
2026-09-06 15:56:42,179 - INFO - Training RWKV C=90 A=6 N=3500 L=2 U=1024 D=256 run=1
2026-09-06 15:56:57,382 - INFO - RWKV loss=0.0178 acc=1.000 DL=0.000 JW=0.000
2026-09-06 15:56:57,414 - INFO - Training minLSTM C=90 A=6 N=3500 L=2 U=128 D=256 run=1
2026-09-06 16:00:14,187 - INFO - minLSTM loss=0.0479 acc=1.000 DL=0.000 JW=0.000
2026-09-06 16:00:14,310 - INFO - Training RWKV C=90 A=6 N=3500 L=2 U=1024 D=256 run=1
2026-09-06 16:00:28,111 - INFO - RWKV loss=0.0262 acc=1.000 DL=0.000 JW=0.000
2026-09-06 16:00:28,112 - INFO - Generating seeds for alphabet size 8
2026-09-06 16:00:28,168 - INFO - Training minLSTM C=10 A=8 N=3500 L=2 U=128 D=256 run=1
2026-09-06 16:00:41,620 - INFO - minLSTM loss=0.0399 acc=1.000 DL=0.000 JW=0.000
2026-09-06 16:00:41,741 - INFO - Training RWKV C=10 A=8 N=3500 L=2 U=1024 D=256 run=1
2026-09-06 16:00:44,536 - INFO - RWKV loss=0.0052 acc=1.000 DL=0.000 JW=0.000
2026-09-06 16:00:44,569 - INFO - Training minLSTM C=10 A=8 N=3500 L=2 U=128 D=256 run=1
2026-09-06 16:00:58,224 - INFO - minLSTM loss=0.0368 acc=1.000 DL=0.000 JW=0.000
2026-09-06 16:00:58,344 - INFO - Training RWKV C=10 A=8 N=3500 L=2 U=1024 D=256 run=1
2026-09-06 16:01:01,156 - INFO - RWKV loss=0.0086 acc=1.000 DL=0.000 JW=0.000
2026-09-06 16:01:01,190 - INFO - Training minLSTM C=30 A=8 N=3500 L=2 U=128 D=256 run=1
2026-09-06 16:01:47,716 - INFO - minLSTM loss=0.0487 acc=1.000 DL=0.000 JW=0.000
2026-09-06 16:01:47,843 - INFO - Training RWKV C=30 A=8 N=3500 L=2 U=1024 D=256 run=1
2026-09-06 16:01:52,240 - INFO - RWKV loss=0.0254 acc=1.000 DL=0.000 JW=0.000
2026-09-06 16:01:52,272 - INFO - Training minLSTM C=30 A=8 N=3500 L=2 U=128 D=256 run=1
2026-09-06 16:02:42,246 - INFO - minLSTM loss=0.0411 acc=1.000 DL=0.000 JW=0.000
2026-09-06 16:02:42,369 - INFO - Training RWKV C=30 A=8 N=3500 L=2 U=1024 D=256 run=1
2026-09-06 16:02:46,764 - INFO - RWKV loss=0.0202 acc=1.000 DL=0.000 JW=0.000
2026-09-06 16:02:46,799 - INFO - Training minLSTM C=50 A=8 N=3500 L=2 U=128 D=256 run=1
2026-09-06 16:04:23,316 - INFO - minLSTM loss=0.0453 acc=1.000 DL=0.000 JW=0.000
2026-09-06 16:04:23,440 - INFO - Training RWKV C=50 A=8 N=3500 L=2 U=1024 D=256 run=1
2026-09-06 16:04:31,018 - INFO - RWKV loss=0.0218 acc=1.000 DL=0.000 JW=0.000
2026-09-06 16:04:31,052 - INFO - Training minLSTM C=50 A=8 N=3500 L=2 U=128 D=256 run=1
2026-09-06 16:05:48,391 - INFO - minLSTM loss=0.0482 acc=1.000 DL=0.000 JW=0.000
2026-09-06 16:05:48,513 - INFO - Training RWKV C=50 A=8 N=3500 L=2 U=1024 D=256 run=1
2026-09-06 16:05:55,873 - INFO - RWKV loss=0.0103 acc=1.000 DL=0.000 JW=0.000
2026-09-06 16:05:55,908 - INFO - Training minLSTM C=70 A=8 N=3500 L=2 U=128 D=256 run=1
2026-09-06 16:07:45,335 - INFO - minLSTM loss=0.0418 acc=1.000 DL=0.000 JW=0.000
2026-09-06 16:07:45,457 - INFO - Training RWKV C=70 A=8 N=3500 L=2 U=1024 D=256 run=1
2026-09-06 16:07:54,449 - INFO - RWKV loss=0.0146 acc=1.000 DL=0.000 JW=0.000
2026-09-06 16:07:54,482 - INFO - Training minLSTM C=70 A=8 N=3500 L=2 U=128 D=256 run=1
2026-09-06 16:09:36,516 - INFO - minLSTM loss=0.0501 acc=1.000 DL=0.000 JW=0.000
2026-09-06 16:09:36,636 - INFO - Training RWKV C=70 A=8 N=3500 L=2 U=1024 D=256 run=1
2026-09-06 16:09:44,195 - INFO - RWKV loss=0.0399 acc=0.991 DL=0.360 JW=0.095
2026-09-06 16:09:44,230 - INFO - Training minLSTM C=90 A=8 N=3500 L=2 U=128 D=256 run=1
2026-09-06 16:12:02,118 - INFO - minLSTM loss=0.0468 acc=1.000 DL=0.000 JW=0.000
2026-09-06 16:12:02,243 - INFO - Training RWKV C=90 A=8 N=3500 L=2 U=1024 D=256 run=1
2026-09-06 16:12:11,352 - INFO - RWKV loss=0.0277 acc=1.000 DL=0.000 JW=0.000
2026-09-06 16:12:11,386 - INFO - Training minLSTM C=90 A=8 N=3500 L=2 U=128 D=256 run=1
2026-09-06 16:14:21,090 - INFO - minLSTM loss=0.0477 acc=1.000 DL=0.000 JW=0.000
2026-09-06 16:14:21,214 - INFO - Training RWKV C=90 A=8 N=3500 L=2 U=1024 D=256 run=1
2026-09-06 16:14:30,366 - INFO - RWKV loss=0.0249 acc=1.000 DL=0.000 JW=0.000
2026-09-06 16:14:30,366 - INFO - Selected 80/640 configurations for this task
