2026-09-06 12:31:46,249 - INFO - Generating seeds for alphabet size 2
2026-09-06 12:31:46,506 - INFO - Training GRU C=10 A=2 N=3500 L=2 U=128 D=256 run=0
2026-09-06 12:32:11,354 - INFO - GRU loss=0.0413 acc=1.000 DL=0.000 JW=0.000
2026-09-06 12:32:12,116 - INFO - Training LinearAttention C=10 A=2 N=3500 L=2 U=1024 D=256 run=0
2026-09-06 12:32:28,268 - INFO - LinearAttention loss=0.0006 acc=1.000 DL=0.000 JW=0.000
2026-09-06 12:32:28,398 - INFO - Training GRU C=10 A=2 N=3500 L=2 U=128 D=256 run=0
2026-09-06 12:32:45,180 - INFO - GRU loss=0.0297 acc=1.000 DL=0.000 JW=0.000
2026-09-06 12:32:45,266 - INFO - Training LinearAttention C=10 A=2 N=3500 L=2 U=1024 D=256 run=0
2026-09-06 12:32:55,357 - INFO - LinearAttention loss=0.0026 acc=1.000 DL=0.000 JW=0.000
2026-09-06 12:32:55,406 - INFO - Training GRU C=30 A=2 N=3500 L=2 U=128 D=256 run=0
2026-09-06 12:34:22,235 - INFO - GRU loss=0.0452 acc=0.988 DL=0.160 JW=0.051
2026-09-06 12:34:22,321 - INFO - Training LinearAttention C=30 A=2 N=3500 L=2 U=1024 D=256 run=0
2026-09-06 12:34:29,955 - INFO - LinearAttention loss=0.0002 acc=1.000 DL=0.000 JW=0.000
2026-09-06 12:34:30,002 - INFO - Training GRU C=30 A=2 N=3500 L=2 U=128 D=256 run=0
2026-09-06 12:35:20,191 - INFO - GRU loss=0.0434 acc=1.000 DL=0.000 JW=0.000
2026-09-06 12:35:20,274 - INFO - Training LinearAttention C=30 A=2 N=3500 L=2 U=1024 D=256 run=0
2026-09-06 12:35:29,134 - INFO - LinearAttention loss=0.0001 acc=1.000 DL=0.000 JW=0.000
2026-09-06 12:35:29,182 - INFO - Training GRU C=50 A=2 N=3500 L=2 U=128 D=256 run=0
2026-09-06 12:36:19,391 - INFO - GRU loss=0.0383 acc=1.000 DL=0.000 JW=0.000
2026-09-06 12:36:19,474 - INFO - Training LinearAttention C=50 A=2 N=3500 L=2 U=1024 D=256 run=0
2026-09-06 12:36:45,571 - INFO - LinearAttention loss=0.0471 acc=0.988 DL=0.000 JW=0.000
2026-09-06 12:36:45,621 - INFO - Training GRU C=50 A=2 N=3500 L=2 U=128 D=256 run=0
2026-09-06 12:38:31,557 - INFO - GRU loss=0.0460 acc=1.000 DL=0.000 JW=0.000
2026-09-06 12:38:31,646 - INFO - Training LinearAttention C=50 A=2 N=3500 L=2 U=1024 D=256 run=0
2026-09-06 12:39:00,209 - INFO - LinearAttention loss=0.0067 acc=1.000 DL=0.000 JW=0.000
2026-09-06 12:39:00,260 - INFO - Training GRU C=70 A=2 N=3500 L=2 U=128 D=256 run=0
2026-09-06 12:40:42,168 - INFO - GRU loss=0.0568 acc=1.000 DL=0.000 JW=0.000
2026-09-06 12:40:42,444 - INFO - Training LinearAttention C=70 A=2 N=3500 L=2 U=1024 D=256 run=0
2026-09-06 12:41:16,324 - INFO - LinearAttention loss=0.0423 acc=0.988 DL=0.010 JW=0.006
2026-09-06 12:41:16,373 - INFO - Training GRU C=70 A=2 N=3500 L=2 U=128 D=256 run=0
2026-09-06 12:42:47,779 - INFO - GRU loss=0.0575 acc=1.000 DL=0.000 JW=0.000
2026-09-06 12:42:47,870 - INFO - Training LinearAttention C=70 A=2 N=3500 L=2 U=1024 D=256 run=0
2026-09-06 12:43:23,807 - INFO - LinearAttention loss=0.0277 acc=0.994 DL=0.000 JW=0.000
2026-09-06 12:43:23,859 - INFO - Training GRU C=90 A=2 N=3500 L=2 U=128 D=256 run=0
2026-09-06 12:45:52,263 - INFO - GRU loss=0.1296 acc=0.955 DL=0.090 JW=0.016
2026-09-06 12:45:52,346 - INFO - Training LinearAttention C=90 A=2 N=3500 L=2 U=1024 D=256 run=0
2026-09-06 12:46:35,671 - INFO - LinearAttention loss=0.0522 acc=0.985 DL=0.020 JW=0.008
2026-09-06 12:46:35,720 - INFO - Training GRU C=90 A=2 N=3500 L=2 U=128 D=256 run=0
2026-09-06 12:47:58,312 - INFO - GRU loss=0.0413 acc=0.997 DL=0.020 JW=0.004
2026-09-06 12:47:58,399 - INFO - Training LinearAttention C=90 A=2 N=3500 L=2 U=1024 D=256 run=0
2026-09-06 12:48:40,506 - INFO - LinearAttention loss=0.0347 acc=0.985 DL=0.160 JW=0.024
2026-09-06 12:48:40,531 - INFO - Generating seeds for alphabet size 4
2026-09-06 12:48:40,591 - INFO - Training GRU C=10 A=4 N=3500 L=2 U=128 D=256 run=0
2026-09-06 12:48:53,136 - INFO - GRU loss=0.0433 acc=1.000 DL=0.000 JW=0.000
2026-09-06 12:48:53,222 - INFO - Training LinearAttention C=10 A=4 N=3500 L=2 U=1024 D=256 run=0
2026-09-06 12:48:58,395 - INFO - LinearAttention loss=0.0191 acc=1.000 DL=0.000 JW=0.000
2026-09-06 12:48:58,443 - INFO - Training GRU C=10 A=4 N=3500 L=2 U=128 D=256 run=0
2026-09-06 12:49:08,804 - INFO - GRU loss=0.0481 acc=1.000 DL=0.000 JW=0.000
2026-09-06 12:49:08,893 - INFO - Training LinearAttention C=10 A=4 N=3500 L=2 U=1024 D=256 run=0
2026-09-06 12:49:14,067 - INFO - LinearAttention loss=0.0108 acc=1.000 DL=0.000 JW=0.000
2026-09-06 12:49:14,117 - INFO - Training GRU C=30 A=4 N=3500 L=2 U=128 D=256 run=0
2026-09-06 12:49:41,760 - INFO - GRU loss=0.0458 acc=1.000 DL=0.000 JW=0.000
2026-09-06 12:49:41,846 - INFO - Training LinearAttention C=30 A=4 N=3500 L=2 U=1024 D=256 run=0
2026-09-06 12:49:48,249 - INFO - LinearAttention loss=0.0006 acc=1.000 DL=0.000 JW=0.000
2026-09-06 12:49:48,297 - INFO - Training GRU C=30 A=4 N=3500 L=2 U=128 D=256 run=0
2026-09-06 12:50:23,503 - INFO - GRU loss=0.0473 acc=1.000 DL=0.000 JW=0.000
2026-09-06 12:50:23,587 - INFO - Training LinearAttention C=30 A=4 N=3500 L=2 U=1024 D=256 run=0
2026-09-06 12:50:28,756 - INFO - LinearAttention loss=0.0004 acc=1.000 DL=0.000 JW=0.000
2026-09-06 12:50:28,806 - INFO - Training GRU C=50 A=4 N=3500 L=2 U=128 D=256 run=0
2026-09-06 12:51:11,515 - INFO - GRU loss=0.0464 acc=1.000 DL=0.000 JW=0.000
2026-09-06 12:51:11,599 - INFO - Training LinearAttention C=50 A=4 N=3500 L=2 U=1024 D=256 run=0
2026-09-06 12:51:16,825 - INFO - LinearAttention loss=0.0006 acc=1.000 DL=0.000 JW=0.000
2026-09-06 12:51:16,875 - INFO - Training GRU C=50 A=4 N=3500 L=2 U=128 D=256 run=0
2026-09-06 12:52:06,107 - INFO - GRU loss=0.0461 acc=1.000 DL=0.000 JW=0.000
2026-09-06 12:52:06,192 - INFO - Training LinearAttention C=50 A=4 N=3500 L=2 U=1024 D=256 run=0
2026-09-06 12:52:11,361 - INFO - LinearAttention loss=0.0022 acc=1.000 DL=0.000 JW=0.000
2026-09-06 12:52:11,410 - INFO - Training GRU C=70 A=4 N=3500 L=2 U=128 D=256 run=0
2026-09-06 12:53:03,808 - INFO - GRU loss=0.0473 acc=1.000 DL=0.000 JW=0.000
2026-09-06 12:53:03,894 - INFO - Training LinearAttention C=70 A=4 N=3500 L=2 U=1024 D=256 run=0
2026-09-06 12:53:20,153 - INFO - LinearAttention loss=0.0084 acc=1.000 DL=0.000 JW=0.000
2026-09-06 12:53:20,203 - INFO - Training GRU C=70 A=4 N=3500 L=2 U=128 D=256 run=0
2026-09-06 12:54:29,722 - INFO - GRU loss=0.0459 acc=1.000 DL=0.000 JW=0.000
2026-09-06 12:54:29,808 - INFO - Training LinearAttention C=70 A=4 N=3500 L=2 U=1024 D=256 run=0
2026-09-06 12:54:42,502 - INFO - LinearAttention loss=0.0117 acc=1.000 DL=0.000 JW=0.000
2026-09-06 12:54:42,550 - INFO - Training GRU C=90 A=4 N=3500 L=2 U=128 D=256 run=0
2026-09-06 12:55:53,898 - INFO - GRU loss=0.0527 acc=1.000 DL=0.000 JW=0.000
2026-09-06 12:55:53,983 - INFO - Training LinearAttention C=90 A=4 N=3500 L=2 U=1024 D=256 run=0
2026-09-06 12:56:10,407 - INFO - LinearAttention loss=0.0228 acc=1.000 DL=0.000 JW=0.000
2026-09-06 12:56:10,455 - INFO - Training GRU C=90 A=4 N=3500 L=2 U=128 D=256 run=0
2026-09-06 12:58:31,332 - INFO - GRU loss=0.0907 acc=1.000 DL=0.000 JW=0.000
2026-09-06 12:58:31,420 - INFO - Training LinearAttention C=90 A=4 N=3500 L=2 U=1024 D=256 run=0
2026-09-06 12:58:47,675 - INFO - LinearAttention loss=0.0163 acc=1.000 DL=0.000 JW=0.000
2026-09-06 12:58:47,700 - INFO - Generating seeds for alphabet size 6
2026-09-06 12:58:47,751 - INFO - Training GRU C=10 A=6 N=3500 L=2 U=128 D=256 run=0
2026-09-06 12:59:01,411 - INFO - GRU loss=0.0394 acc=1.000 DL=0.000 JW=0.000
2026-09-06 12:59:01,496 - INFO - Training LinearAttention C=10 A=6 N=3500 L=2 U=1024 D=256 run=0
2026-09-06 12:59:06,660 - INFO - LinearAttention loss=0.0061 acc=1.000 DL=0.000 JW=0.000
2026-09-06 12:59:06,708 - INFO - Training GRU C=10 A=6 N=3500 L=2 U=128 D=256 run=0
2026-09-06 12:59:20,318 - INFO - GRU loss=0.0483 acc=1.000 DL=0.000 JW=0.000
2026-09-06 12:59:20,402 - INFO - Training LinearAttention C=10 A=6 N=3500 L=2 U=1024 D=256 run=0
2026-09-06 12:59:24,322 - INFO - LinearAttention loss=0.0497 acc=1.000 DL=0.000 JW=0.000
2026-09-06 12:59:24,371 - INFO - Training GRU C=30 A=6 N=3500 L=2 U=128 D=256 run=0
2026-09-06 12:59:49,820 - INFO - GRU loss=0.0436 acc=1.000 DL=0.000 JW=0.000
2026-09-06 12:59:49,949 - INFO - Training LinearAttention C=30 A=6 N=3500 L=2 U=1024 D=256 run=0
2026-09-06 12:59:57,664 - INFO - LinearAttention loss=0.0050 acc=1.000 DL=0.000 JW=0.000
2026-09-06 12:59:57,713 - INFO - Training GRU C=30 A=6 N=3500 L=2 U=128 D=256 run=0
2026-09-06 13:00:22,078 - INFO - GRU loss=0.0434 acc=1.000 DL=0.000 JW=0.000
2026-09-06 13:00:22,163 - INFO - Training LinearAttention C=30 A=6 N=3500 L=2 U=1024 D=256 run=0
2026-09-06 13:00:29,794 - INFO - LinearAttention loss=0.0154 acc=1.000 DL=0.000 JW=0.000
2026-09-06 13:00:29,848 - INFO - Training GRU C=50 A=6 N=3500 L=2 U=128 D=256 run=0
2026-09-06 13:01:11,461 - INFO - GRU loss=0.0424 acc=1.000 DL=0.000 JW=0.000
2026-09-06 13:01:11,547 - INFO - Training LinearAttention C=50 A=6 N=3500 L=2 U=1024 D=256 run=0
2026-09-06 13:01:20,434 - INFO - LinearAttention loss=0.0155 acc=1.000 DL=0.000 JW=0.000
2026-09-06 13:01:20,482 - INFO - Training GRU C=50 A=6 N=3500 L=2 U=128 D=256 run=0
2026-09-06 13:01:59,877 - INFO - GRU loss=0.0455 acc=1.000 DL=0.000 JW=0.000
2026-09-06 13:02:00,156 - INFO - Training LinearAttention C=50 A=6 N=3500 L=2 U=1024 D=256 run=0
2026-09-06 13:02:09,020 - INFO - LinearAttention loss=0.0035 acc=1.000 DL=0.000 JW=0.000
2026-09-06 13:02:09,069 - INFO - Training GRU C=70 A=6 N=3500 L=2 U=128 D=256 run=0
2026-09-06 13:03:08,765 - INFO - GRU loss=0.0441 acc=1.000 DL=0.000 JW=0.000
2026-09-06 13:03:08,853 - INFO - Training LinearAttention C=70 A=6 N=3500 L=2 U=1024 D=256 run=0
2026-09-06 13:03:20,180 - INFO - LinearAttention loss=0.0256 acc=1.000 DL=0.000 JW=0.000
2026-09-06 13:03:20,229 - INFO - Training GRU C=70 A=6 N=3500 L=2 U=128 D=256 run=0
2026-09-06 13:04:15,485 - INFO - GRU loss=0.0480 acc=1.000 DL=0.000 JW=0.000
2026-09-06 13:04:15,569 - INFO - Training LinearAttention C=70 A=6 N=3500 L=2 U=1024 D=256 run=0
2026-09-06 13:04:26,889 - INFO - LinearAttention loss=0.0224 acc=1.000 DL=0.000 JW=0.000
2026-09-06 13:04:26,938 - INFO - Training GRU C=90 A=6 N=3500 L=2 U=128 D=256 run=0
2026-09-06 13:05:31,088 - INFO - GRU loss=0.0496 acc=1.000 DL=0.000 JW=0.000
2026-09-06 13:05:31,173 - INFO - Training LinearAttention C=90 A=6 N=3500 L=2 U=1024 D=256 run=0
2026-09-06 13:05:43,770 - INFO - LinearAttention loss=0.0390 acc=1.000 DL=0.000 JW=0.000
2026-09-06 13:05:43,818 - INFO - Training GRU C=90 A=6 N=3500 L=2 U=128 D=256 run=0
2026-09-06 13:06:43,845 - INFO - GRU loss=0.0480 acc=1.000 DL=0.000 JW=0.000
2026-09-06 13:06:43,934 - INFO - Training LinearAttention C=90 A=6 N=3500 L=2 U=1024 D=256 run=0
2026-09-06 13:06:57,728 - INFO - LinearAttention loss=0.0151 acc=1.000 DL=0.000 JW=0.000
2026-09-06 13:06:57,753 - INFO - Generating seeds for alphabet size 8
2026-09-06 13:06:57,805 - INFO - Training GRU C=10 A=8 N=3500 L=2 U=128 D=256 run=0
2026-09-06 13:07:10,328 - INFO - GRU loss=0.0468 acc=1.000 DL=0.000 JW=0.000
2026-09-06 13:07:10,413 - INFO - Training LinearAttention C=10 A=8 N=3500 L=2 U=1024 D=256 run=0
2026-09-06 13:07:15,588 - INFO - LinearAttention loss=0.0024 acc=1.000 DL=0.000 JW=0.000
2026-09-06 13:07:15,638 - INFO - Training GRU C=10 A=8 N=3500 L=2 U=128 D=256 run=0
2026-09-06 13:07:31,421 - INFO - GRU loss=0.0442 acc=1.000 DL=0.000 JW=0.000
2026-09-06 13:07:31,506 - INFO - Training LinearAttention C=10 A=8 N=3500 L=2 U=1024 D=256 run=0
2026-09-06 13:07:36,680 - INFO - LinearAttention loss=0.0051 acc=1.000 DL=0.000 JW=0.000
2026-09-06 13:07:36,731 - INFO - Training GRU C=30 A=8 N=3500 L=2 U=128 D=256 run=0
2026-09-06 13:08:01,147 - INFO - GRU loss=0.0483 acc=1.000 DL=0.000 JW=0.000
2026-09-06 13:08:01,237 - INFO - Training LinearAttention C=30 A=8 N=3500 L=2 U=1024 D=256 run=0
2026-09-06 13:08:07,642 - INFO - LinearAttention loss=0.0206 acc=1.000 DL=0.000 JW=0.000
2026-09-06 13:08:07,695 - INFO - Training GRU C=30 A=8 N=3500 L=2 U=128 D=256 run=0
2026-09-06 13:08:35,351 - INFO - GRU loss=0.0451 acc=1.000 DL=0.000 JW=0.000
2026-09-06 13:08:35,436 - INFO - Training LinearAttention C=30 A=8 N=3500 L=2 U=1024 D=256 run=0
2026-09-06 13:08:40,609 - INFO - LinearAttention loss=0.0393 acc=1.000 DL=0.000 JW=0.000
2026-09-06 13:08:40,660 - INFO - Training GRU C=50 A=8 N=3500 L=2 U=128 D=256 run=0
2026-09-06 13:09:33,018 - INFO - GRU loss=0.0482 acc=1.000 DL=0.000 JW=0.000
2026-09-06 13:09:33,103 - INFO - Training LinearAttention C=50 A=8 N=3500 L=2 U=1024 D=256 run=0
2026-09-06 13:09:40,741 - INFO - LinearAttention loss=0.0334 acc=1.000 DL=0.000 JW=0.000
2026-09-06 13:09:40,793 - INFO - Training GRU C=50 A=8 N=3500 L=2 U=128 D=256 run=0
2026-09-06 13:10:14,935 - INFO - GRU loss=0.0451 acc=1.000 DL=0.000 JW=0.000
2026-09-06 13:10:15,020 - INFO - Training LinearAttention C=50 A=8 N=3500 L=2 U=1024 D=256 run=0
2026-09-06 13:10:22,652 - INFO - LinearAttention loss=0.0210 acc=1.000 DL=0.000 JW=0.000
2026-09-06 13:10:22,703 - INFO - Training GRU C=70 A=8 N=3500 L=2 U=128 D=256 run=0
2026-09-06 13:11:10,786 - INFO - GRU loss=0.0470 acc=1.000 DL=0.000 JW=0.000
2026-09-06 13:11:10,875 - INFO - Training LinearAttention C=70 A=8 N=3500 L=2 U=1024 D=256 run=0
2026-09-06 13:11:20,977 - INFO - LinearAttention loss=0.0168 acc=1.000 DL=0.000 JW=0.000
2026-09-06 13:11:21,027 - INFO - Training GRU C=70 A=8 N=3500 L=2 U=128 D=256 run=0
2026-09-06 13:12:09,115 - INFO - GRU loss=0.0518 acc=1.000 DL=0.000 JW=0.000
2026-09-06 13:12:09,202 - INFO - Training LinearAttention C=70 A=8 N=3500 L=2 U=1024 D=256 run=0
2026-09-06 13:12:15,601 - INFO - LinearAttention loss=0.0018 acc=1.000 DL=0.000 JW=0.000
2026-09-06 13:12:15,651 - INFO - Training GRU C=90 A=8 N=3500 L=2 U=128 D=256 run=0
2026-09-06 13:13:14,528 - INFO - GRU loss=0.0525 acc=1.000 DL=0.000 JW=0.000
2026-09-06 13:13:14,616 - INFO - Training LinearAttention C=90 A=8 N=3500 L=2 U=1024 D=256 run=0
2026-09-06 13:13:25,950 - INFO - LinearAttention loss=0.0240 acc=1.000 DL=0.000 JW=0.000
2026-09-06 13:13:26,000 - INFO - Training GRU C=90 A=8 N=3500 L=2 U=128 D=256 run=0
2026-09-06 13:14:30,383 - INFO - GRU loss=0.0498 acc=1.000 DL=0.000 JW=0.000
2026-09-06 13:14:30,468 - INFO - Training LinearAttention C=90 A=8 N=3500 L=2 U=1024 D=256 run=0
2026-09-06 13:14:40,576 - INFO - LinearAttention loss=0.0350 acc=1.000 DL=0.000 JW=0.000
2026-09-06 13:14:40,600 - INFO - Selected 80/640 configurations for this task
