2026-09-04 04:38:06,426 - INFO - Generating seeds for alphabet size 2
2026-09-04 04:38:06,669 - INFO - Training LSTM C=10 A=2 N=3500 L=2 U=128 D=256 run=0
2026-09-04 04:38:38,157 - INFO - LSTM loss=0.0456 acc=1.000 DL=0.000 JW=0.000
2026-09-04 04:38:38,275 - INFO - Training Transformer C=10 A=2 N=3500 L=2 U=1024 D=256 run=0
2026-09-04 04:39:12,192 - INFO - Transformer loss=0.0042 acc=1.000 DL=0.000 JW=0.000
2026-09-04 04:39:12,341 - INFO - Training LSTM C=10 A=2 N=3500 L=2 U=128 D=256 run=0
2026-09-04 04:39:44,313 - INFO - LSTM loss=0.0362 acc=1.000 DL=0.000 JW=0.000
2026-09-04 04:39:44,420 - INFO - Training Transformer C=10 A=2 N=3500 L=2 U=1024 D=256 run=0
2026-09-04 04:40:08,933 - INFO - Transformer loss=0.0028 acc=1.000 DL=0.000 JW=0.000
2026-09-04 04:40:08,995 - INFO - Training LSTM C=30 A=2 N=3500 L=2 U=128 D=256 run=0
2026-09-04 04:40:49,720 - INFO - LSTM loss=0.0495 acc=1.000 DL=0.000 JW=0.000
2026-09-04 04:40:49,837 - INFO - Training Transformer C=30 A=2 N=3500 L=2 U=1024 D=256 run=0
2026-09-04 04:41:34,295 - INFO - Transformer loss=0.6491 acc=0.585 DL=0.400 JW=0.160
2026-09-04 04:41:34,354 - INFO - Training LSTM C=30 A=2 N=3500 L=2 U=128 D=256 run=0
2026-09-04 04:42:20,405 - INFO - LSTM loss=0.0456 acc=1.000 DL=0.000 JW=0.000
2026-09-04 04:42:20,519 - INFO - Training Transformer C=30 A=2 N=3500 L=2 U=1024 D=256 run=0
2026-09-04 04:42:57,364 - INFO - Transformer loss=0.2198 acc=1.000 DL=0.000 JW=0.000
2026-09-04 04:42:57,424 - INFO - Training LSTM C=50 A=2 N=3500 L=2 U=128 D=256 run=0
2026-09-04 04:44:10,593 - INFO - LSTM loss=0.0462 acc=0.994 DL=0.000 JW=0.000
2026-09-04 04:44:10,700 - INFO - Training Transformer C=50 A=2 N=3500 L=2 U=1024 D=256 run=0
2026-09-04 04:45:33,954 - INFO - Transformer loss=0.6629 acc=0.588 DL=0.330 JW=0.161
2026-09-04 04:45:34,015 - INFO - Training LSTM C=50 A=2 N=3500 L=2 U=128 D=256 run=0
2026-09-04 04:47:18,093 - INFO - LSTM loss=0.0472 acc=0.994 DL=0.000 JW=0.000
2026-09-04 04:47:18,199 - INFO - Training Transformer C=50 A=2 N=3500 L=2 U=1024 D=256 run=0
2026-09-04 04:47:36,609 - INFO - Transformer loss=0.6930 acc=0.515 DL=0.500 JW=0.300
2026-09-04 04:47:36,671 - INFO - Training LSTM C=70 A=2 N=3500 L=2 U=128 D=256 run=0
2026-09-04 04:49:04,873 - INFO - LSTM loss=0.2400 acc=0.930 DL=0.240 JW=0.096
2026-09-04 04:49:04,978 - INFO - Training Transformer C=70 A=2 N=3500 L=2 U=1024 D=256 run=0
2026-09-04 04:49:24,881 - INFO - Transformer loss=0.6933 acc=0.491 DL=0.600 JW=0.400
2026-09-04 04:49:24,941 - INFO - Training LSTM C=70 A=2 N=3500 L=2 U=128 D=256 run=0
2026-09-04 04:52:31,510 - INFO - LSTM loss=0.0604 acc=0.985 DL=0.000 JW=0.000
2026-09-04 04:52:31,629 - INFO - Training Transformer C=70 A=2 N=3500 L=2 U=1024 D=256 run=0
2026-09-04 04:52:57,818 - INFO - Transformer loss=0.6985 acc=0.512 DL=0.410 JW=0.219
2026-09-04 04:52:57,878 - INFO - Training LSTM C=90 A=2 N=3500 L=2 U=128 D=256 run=0
2026-09-04 04:55:25,702 - INFO - LSTM loss=0.0465 acc=1.000 DL=0.000 JW=0.000
2026-09-04 04:55:25,810 - INFO - Training Transformer C=90 A=2 N=3500 L=2 U=1024 D=256 run=0
2026-09-04 04:56:01,013 - INFO - Transformer loss=0.6917 acc=0.527 DL=0.470 JW=0.251
2026-09-04 04:56:01,265 - INFO - Training LSTM C=90 A=2 N=3500 L=2 U=128 D=256 run=0
2026-09-04 04:57:37,860 - INFO - LSTM loss=0.0458 acc=0.997 DL=0.000 JW=0.000
2026-09-04 04:57:37,966 - INFO - Training Transformer C=90 A=2 N=3500 L=2 U=1024 D=256 run=0
2026-09-04 04:58:14,472 - INFO - Transformer loss=0.6929 acc=0.515 DL=0.470 JW=0.313
2026-09-04 04:58:14,508 - INFO - Generating seeds for alphabet size 4
2026-09-04 04:58:14,571 - INFO - Training LSTM C=10 A=4 N=3500 L=2 U=128 D=256 run=0
2026-09-04 04:58:30,413 - INFO - LSTM loss=0.0474 acc=1.000 DL=0.000 JW=0.000
2026-09-04 04:58:30,519 - INFO - Training Transformer C=10 A=4 N=3500 L=2 U=1024 D=256 run=0
2026-09-04 04:58:38,380 - INFO - Transformer loss=0.0049 acc=1.000 DL=0.000 JW=0.000
2026-09-04 04:58:38,438 - INFO - Training LSTM C=10 A=4 N=3500 L=2 U=128 D=256 run=0
2026-09-04 04:58:55,321 - INFO - LSTM loss=0.0376 acc=1.000 DL=0.000 JW=0.000
2026-09-04 04:58:55,428 - INFO - Training Transformer C=10 A=4 N=3500 L=2 U=1024 D=256 run=0
2026-09-04 04:59:04,796 - INFO - Transformer loss=0.0360 acc=1.000 DL=0.000 JW=0.000
2026-09-04 04:59:04,856 - INFO - Training LSTM C=30 A=4 N=3500 L=2 U=128 D=256 run=0
2026-09-04 04:59:46,506 - INFO - LSTM loss=0.0470 acc=1.000 DL=0.000 JW=0.000
2026-09-04 04:59:46,617 - INFO - Training Transformer C=30 A=4 N=3500 L=2 U=1024 D=256 run=0
2026-09-04 05:00:05,044 - INFO - Transformer loss=0.0081 acc=1.000 DL=0.000 JW=0.000
2026-09-04 05:00:05,103 - INFO - Training LSTM C=30 A=4 N=3500 L=2 U=128 D=256 run=0
2026-09-04 05:01:20,267 - INFO - LSTM loss=0.0457 acc=1.000 DL=0.000 JW=0.000
2026-09-04 05:01:20,375 - INFO - Training Transformer C=30 A=4 N=3500 L=2 U=1024 D=256 run=0
2026-09-04 05:01:40,313 - INFO - Transformer loss=0.0282 acc=0.979 DL=0.020 JW=0.014
2026-09-04 05:01:40,375 - INFO - Training LSTM C=50 A=4 N=3500 L=2 U=128 D=256 run=0
2026-09-04 05:02:49,816 - INFO - LSTM loss=0.0495 acc=1.000 DL=0.000 JW=0.000
2026-09-04 05:02:49,922 - INFO - Training Transformer C=50 A=4 N=3500 L=2 U=1024 D=256 run=0
2026-09-04 05:03:33,933 - INFO - Transformer loss=0.0397 acc=0.988 DL=0.030 JW=0.014
2026-09-04 05:03:33,994 - INFO - Training LSTM C=50 A=4 N=3500 L=2 U=128 D=256 run=0
2026-09-04 05:05:00,770 - INFO - LSTM loss=0.0447 acc=1.000 DL=0.000 JW=0.000
2026-09-04 05:05:00,882 - INFO - Training Transformer C=50 A=4 N=3500 L=2 U=1024 D=256 run=0
2026-09-04 05:05:40,791 - INFO - Transformer loss=0.0473 acc=0.979 DL=0.040 JW=0.014
2026-09-04 05:05:40,852 - INFO - Training LSTM C=70 A=4 N=3500 L=2 U=128 D=256 run=0
2026-09-04 05:06:46,315 - INFO - LSTM loss=0.0469 acc=1.000 DL=0.000 JW=0.000
2026-09-04 05:06:46,421 - INFO - Training Transformer C=70 A=4 N=3500 L=2 U=1024 D=256 run=0
2026-09-04 05:07:38,011 - INFO - Transformer loss=0.0162 acc=1.000 DL=0.000 JW=0.000
2026-09-04 05:07:38,069 - INFO - Training LSTM C=70 A=4 N=3500 L=2 U=128 D=256 run=0
2026-09-04 05:09:21,011 - INFO - LSTM loss=0.0551 acc=1.000 DL=0.000 JW=0.000
2026-09-04 05:09:21,121 - INFO - Training Transformer C=70 A=4 N=3500 L=2 U=1024 D=256 run=0
2026-09-04 05:10:11,337 - INFO - Transformer loss=0.0499 acc=0.982 DL=0.000 JW=0.000
2026-09-04 05:10:11,400 - INFO - Training LSTM C=90 A=4 N=3500 L=2 U=128 D=256 run=0
2026-09-04 05:11:48,116 - INFO - LSTM loss=0.0501 acc=1.000 DL=0.000 JW=0.000
2026-09-04 05:11:48,227 - INFO - Training Transformer C=90 A=4 N=3500 L=2 U=1024 D=256 run=0
2026-09-04 05:12:27,852 - INFO - Transformer loss=0.0281 acc=1.000 DL=0.000 JW=0.000
2026-09-04 05:12:27,913 - INFO - Training LSTM C=90 A=4 N=3500 L=2 U=128 D=256 run=0
2026-09-04 05:14:04,742 - INFO - LSTM loss=0.0453 acc=1.000 DL=0.000 JW=0.000
2026-09-04 05:14:04,851 - INFO - Training Transformer C=90 A=4 N=3500 L=2 U=1024 D=256 run=0
2026-09-04 05:14:59,604 - INFO - Transformer loss=0.0245 acc=1.000 DL=0.000 JW=0.000
2026-09-04 05:14:59,641 - INFO - Generating seeds for alphabet size 6
2026-09-04 05:14:59,695 - INFO - Training LSTM C=10 A=6 N=3500 L=2 U=128 D=256 run=0
2026-09-04 05:15:17,281 - INFO - LSTM loss=0.0467 acc=1.000 DL=0.000 JW=0.000
2026-09-04 05:15:17,391 - INFO - Training Transformer C=10 A=6 N=3500 L=2 U=1024 D=256 run=0
2026-09-04 05:15:23,747 - INFO - Transformer loss=0.0034 acc=1.000 DL=0.000 JW=0.000
2026-09-04 05:15:23,807 - INFO - Training LSTM C=10 A=6 N=3500 L=2 U=128 D=256 run=0
2026-09-04 05:15:43,318 - INFO - LSTM loss=0.0444 acc=1.000 DL=0.000 JW=0.000
2026-09-04 05:15:43,428 - INFO - Training Transformer C=10 A=6 N=3500 L=2 U=1024 D=256 run=0
2026-09-04 05:15:49,799 - INFO - Transformer loss=0.0057 acc=1.000 DL=0.000 JW=0.000
2026-09-04 05:15:49,862 - INFO - Training LSTM C=30 A=6 N=3500 L=2 U=128 D=256 run=0
2026-09-04 05:16:46,070 - INFO - LSTM loss=0.0473 acc=1.000 DL=0.000 JW=0.000
2026-09-04 05:16:46,180 - INFO - Training Transformer C=30 A=6 N=3500 L=2 U=1024 D=256 run=0
2026-09-04 05:16:58,584 - INFO - Transformer loss=0.0170 acc=1.000 DL=0.000 JW=0.000
2026-09-04 05:16:58,644 - INFO - Training LSTM C=30 A=6 N=3500 L=2 U=128 D=256 run=0
2026-09-04 05:17:36,076 - INFO - LSTM loss=0.0491 acc=1.000 DL=0.000 JW=0.000
2026-09-04 05:17:36,185 - INFO - Training Transformer C=30 A=6 N=3500 L=2 U=1024 D=256 run=0
2026-09-04 05:17:50,176 - INFO - Transformer loss=0.0083 acc=1.000 DL=0.000 JW=0.000
2026-09-04 05:17:50,236 - INFO - Training LSTM C=50 A=6 N=3500 L=2 U=128 D=256 run=0
2026-09-04 05:20:00,772 - INFO - LSTM loss=0.0485 acc=1.000 DL=0.000 JW=0.000
2026-09-04 05:20:00,880 - INFO - Training Transformer C=50 A=6 N=3500 L=2 U=1024 D=256 run=0
2026-09-04 05:20:17,836 - INFO - Transformer loss=0.0219 acc=1.000 DL=0.000 JW=0.000
2026-09-04 05:20:17,896 - INFO - Training LSTM C=50 A=6 N=3500 L=2 U=128 D=256 run=0
2026-09-04 05:22:30,497 - INFO - LSTM loss=0.0469 acc=1.000 DL=0.000 JW=0.000
2026-09-04 05:22:30,614 - INFO - Training Transformer C=50 A=6 N=3500 L=2 U=1024 D=256 run=0
2026-09-04 05:22:49,070 - INFO - Transformer loss=0.0167 acc=1.000 DL=0.000 JW=0.000
2026-09-04 05:22:49,135 - INFO - Training LSTM C=70 A=6 N=3500 L=2 U=128 D=256 run=0
2026-09-04 05:24:11,379 - INFO - LSTM loss=0.0496 acc=1.000 DL=0.000 JW=0.000
2026-09-04 05:24:11,492 - INFO - Training Transformer C=70 A=6 N=3500 L=2 U=1024 D=256 run=0
2026-09-04 05:24:37,518 - INFO - Transformer loss=0.0441 acc=1.000 DL=0.000 JW=0.000
2026-09-04 05:24:37,584 - INFO - Training LSTM C=70 A=6 N=3500 L=2 U=128 D=256 run=0
2026-09-04 05:25:53,853 - INFO - LSTM loss=0.0477 acc=1.000 DL=0.000 JW=0.000
2026-09-04 05:25:53,961 - INFO - Training Transformer C=70 A=6 N=3500 L=2 U=1024 D=256 run=0
2026-09-04 05:26:13,939 - INFO - Transformer loss=0.0443 acc=1.000 DL=0.000 JW=0.000
2026-09-04 05:26:14,001 - INFO - Training LSTM C=90 A=6 N=3500 L=2 U=128 D=256 run=0
2026-09-04 05:28:13,825 - INFO - LSTM loss=0.0469 acc=1.000 DL=0.000 JW=0.000
2026-09-04 05:28:14,110 - INFO - Training Transformer C=90 A=6 N=3500 L=2 U=1024 D=256 run=0
2026-09-04 05:28:41,652 - INFO - Transformer loss=0.0355 acc=0.994 DL=0.040 JW=0.018
2026-09-04 05:28:41,713 - INFO - Training LSTM C=90 A=6 N=3500 L=2 U=128 D=256 run=0
2026-09-04 05:30:17,419 - INFO - LSTM loss=0.0462 acc=1.000 DL=0.000 JW=0.000
2026-09-04 05:30:17,530 - INFO - Training Transformer C=90 A=6 N=3500 L=2 U=1024 D=256 run=0
2026-09-04 05:30:45,095 - INFO - Transformer loss=0.0329 acc=0.994 DL=0.000 JW=0.000
2026-09-04 05:30:45,132 - INFO - Generating seeds for alphabet size 8
2026-09-04 05:30:45,183 - INFO - Training LSTM C=10 A=8 N=3500 L=2 U=128 D=256 run=0
2026-09-04 05:31:02,901 - INFO - LSTM loss=0.0458 acc=1.000 DL=0.000 JW=0.000
2026-09-04 05:31:03,011 - INFO - Training Transformer C=10 A=8 N=3500 L=2 U=1024 D=256 run=0
2026-09-04 05:31:09,378 - INFO - Transformer loss=0.0025 acc=1.000 DL=0.000 JW=0.000
2026-09-04 05:31:09,440 - INFO - Training LSTM C=10 A=8 N=3500 L=2 U=128 D=256 run=0
2026-09-04 05:31:30,140 - INFO - LSTM loss=0.0488 acc=1.000 DL=0.000 JW=0.000
2026-09-04 05:31:30,249 - INFO - Training Transformer C=10 A=8 N=3500 L=2 U=1024 D=256 run=0
2026-09-04 05:31:35,092 - INFO - Transformer loss=0.0046 acc=1.000 DL=0.000 JW=0.000
2026-09-04 05:31:35,153 - INFO - Training LSTM C=30 A=8 N=3500 L=2 U=128 D=256 run=0
2026-09-04 05:32:36,277 - INFO - LSTM loss=0.0716 acc=1.000 DL=0.000 JW=0.000
2026-09-04 05:32:36,391 - INFO - Training Transformer C=30 A=8 N=3500 L=2 U=1024 D=256 run=0
2026-09-04 05:32:48,787 - INFO - Transformer loss=0.0094 acc=1.000 DL=0.000 JW=0.000
2026-09-04 05:32:48,849 - INFO - Training LSTM C=30 A=8 N=3500 L=2 U=128 D=256 run=0
2026-09-04 05:33:40,386 - INFO - LSTM loss=0.0636 acc=1.000 DL=0.000 JW=0.000
2026-09-04 05:33:40,496 - INFO - Training Transformer C=30 A=8 N=3500 L=2 U=1024 D=256 run=0
2026-09-04 05:33:52,888 - INFO - Transformer loss=0.0330 acc=1.000 DL=0.000 JW=0.000
2026-09-04 05:33:52,950 - INFO - Training LSTM C=50 A=8 N=3500 L=2 U=128 D=256 run=0
2026-09-04 05:35:28,590 - INFO - LSTM loss=0.0494 acc=1.000 DL=0.000 JW=0.000
2026-09-04 05:35:28,701 - INFO - Training Transformer C=50 A=8 N=3500 L=2 U=1024 D=256 run=0
2026-09-04 05:35:44,152 - INFO - Transformer loss=0.0355 acc=0.985 DL=0.040 JW=0.028
2026-09-04 05:35:44,215 - INFO - Training LSTM C=50 A=8 N=3500 L=2 U=128 D=256 run=0
2026-09-04 05:37:58,778 - INFO - LSTM loss=0.0496 acc=1.000 DL=0.000 JW=0.000
2026-09-04 05:37:58,887 - INFO - Training Transformer C=50 A=8 N=3500 L=2 U=1024 D=256 run=0
2026-09-04 05:38:14,311 - INFO - Transformer loss=0.0294 acc=0.985 DL=0.020 JW=0.018
2026-09-04 05:38:14,373 - INFO - Training LSTM C=70 A=8 N=3500 L=2 U=128 D=256 run=0
2026-09-04 05:40:03,758 - INFO - LSTM loss=0.1478 acc=0.991 DL=0.010 JW=0.006
2026-09-04 05:40:03,870 - INFO - Training Transformer C=70 A=8 N=3500 L=2 U=1024 D=256 run=0
2026-09-04 05:40:21,032 - INFO - Transformer loss=0.0176 acc=1.000 DL=0.000 JW=0.000
2026-09-04 05:40:21,096 - INFO - Training LSTM C=70 A=8 N=3500 L=2 U=128 D=256 run=0
2026-09-04 05:41:57,936 - INFO - LSTM loss=0.1906 acc=0.991 DL=0.010 JW=0.006
2026-09-04 05:41:58,046 - INFO - Training Transformer C=70 A=8 N=3500 L=2 U=1024 D=256 run=0
2026-09-04 05:42:13,498 - INFO - Transformer loss=0.0247 acc=1.000 DL=0.000 JW=0.000
2026-09-04 05:42:13,593 - INFO - Training LSTM C=90 A=8 N=3500 L=2 U=128 D=256 run=0
2026-09-04 05:44:16,738 - INFO - LSTM loss=0.0549 acc=1.000 DL=0.000 JW=0.000
2026-09-04 05:44:16,849 - INFO - Training Transformer C=90 A=8 N=3500 L=2 U=1024 D=256 run=0
2026-09-04 05:44:38,343 - INFO - Transformer loss=0.0245 acc=0.994 DL=0.020 JW=0.002
2026-09-04 05:44:38,411 - INFO - Training LSTM C=90 A=8 N=3500 L=2 U=128 D=256 run=0
2026-09-04 05:46:28,045 - INFO - LSTM loss=0.0467 acc=1.000 DL=0.000 JW=0.000
2026-09-04 05:46:28,160 - INFO - Training Transformer C=90 A=8 N=3500 L=2 U=1024 D=256 run=0
2026-09-04 05:46:46,779 - INFO - Transformer loss=0.0316 acc=0.991 DL=0.030 JW=0.018
2026-09-04 05:46:46,816 - INFO - Selected 80/640 configurations for this task
