2026-09-06 13:14:47,427 - INFO - Generating seeds for alphabet size 2
2026-09-06 13:14:47,685 - INFO - Training minGRU C=10 A=2 N=3500 L=2 U=128 D=256 run=1
2026-09-06 13:14:56,131 - INFO - minGRU loss=0.0480 acc=1.000 DL=0.000 JW=0.000
2026-09-06 13:14:56,427 - INFO - Training Performer C=10 A=2 N=3500 L=2 U=1024 D=256 run=1
2026-09-06 13:15:31,452 - INFO - Performer loss=0.0258 acc=1.000 DL=0.000 JW=0.000
2026-09-06 13:15:31,490 - INFO - Training minGRU C=10 A=2 N=3500 L=2 U=128 D=256 run=1
2026-09-06 13:15:40,495 - INFO - minGRU loss=0.0435 acc=1.000 DL=0.000 JW=0.000
2026-09-06 13:15:40,602 - INFO - Training Performer C=10 A=2 N=3500 L=2 U=1024 D=256 run=1
2026-09-06 13:16:15,636 - INFO - Performer loss=0.0005 acc=1.000 DL=0.000 JW=0.000
2026-09-06 13:16:15,672 - INFO - Training minGRU C=30 A=2 N=3500 L=2 U=128 D=256 run=1
2026-09-06 13:16:33,665 - INFO - minGRU loss=0.2376 acc=0.900 DL=0.220 JW=0.061
2026-09-06 13:16:33,769 - INFO - Training Performer C=30 A=2 N=3500 L=2 U=1024 D=256 run=1
2026-09-06 13:17:13,934 - INFO - Performer loss=0.0157 acc=1.000 DL=0.000 JW=0.000
2026-09-06 13:17:13,968 - INFO - Training minGRU C=30 A=2 N=3500 L=2 U=128 D=256 run=1
2026-09-06 13:17:35,266 - INFO - minGRU loss=0.3210 acc=0.909 DL=0.220 JW=0.102
2026-09-06 13:17:35,370 - INFO - Training Performer C=30 A=2 N=3500 L=2 U=1024 D=256 run=1
2026-09-06 13:18:04,002 - INFO - Performer loss=0.0001 acc=1.000 DL=0.000 JW=0.000
2026-09-06 13:18:04,039 - INFO - Training minGRU C=50 A=2 N=3500 L=2 U=128 D=256 run=1
2026-09-06 13:18:25,314 - INFO - minGRU loss=0.4581 acc=0.806 DL=0.340 JW=0.100
2026-09-06 13:18:25,422 - INFO - Training Performer C=50 A=2 N=3500 L=2 U=1024 D=256 run=1
2026-09-06 13:20:22,967 - INFO - Performer loss=0.4562 acc=0.803 DL=0.250 JW=0.050
2026-09-06 13:20:23,012 - INFO - Training minGRU C=50 A=2 N=3500 L=2 U=128 D=256 run=1
2026-09-06 13:20:35,602 - INFO - minGRU loss=0.5756 acc=0.682 DL=0.270 JW=0.090
2026-09-06 13:20:35,718 - INFO - Training Performer C=50 A=2 N=3500 L=2 U=1024 D=256 run=1
2026-09-06 13:22:30,465 - INFO - Performer loss=0.4411 acc=0.779 DL=0.240 JW=0.059
2026-09-06 13:22:30,502 - INFO - Training minGRU C=70 A=2 N=3500 L=2 U=128 D=256 run=1
2026-09-06 13:22:51,684 - INFO - minGRU loss=0.6104 acc=0.655 DL=0.330 JW=0.189
2026-09-06 13:22:51,790 - INFO - Training Performer C=70 A=2 N=3500 L=2 U=1024 D=256 run=1
2026-09-06 13:27:04,108 - INFO - Performer loss=0.4964 acc=0.761 DL=0.220 JW=0.058
2026-09-06 13:27:04,143 - INFO - Training minGRU C=70 A=2 N=3500 L=2 U=128 D=256 run=1
2026-09-06 13:27:25,301 - INFO - minGRU loss=0.5481 acc=0.727 DL=0.400 JW=0.233
2026-09-06 13:27:25,406 - INFO - Training Performer C=70 A=2 N=3500 L=2 U=1024 D=256 run=1
2026-09-06 13:29:18,461 - INFO - Performer loss=0.5776 acc=0.733 DL=0.260 JW=0.074
2026-09-06 13:29:18,498 - INFO - Training minGRU C=90 A=2 N=3500 L=2 U=128 D=256 run=1
2026-09-06 13:29:27,244 - INFO - minGRU loss=0.6816 acc=0.545 DL=0.330 JW=0.065
2026-09-06 13:29:27,349 - INFO - Training Performer C=90 A=2 N=3500 L=2 U=1024 D=256 run=1
2026-09-06 13:31:26,024 - INFO - Performer loss=0.6076 acc=0.676 DL=0.310 JW=0.070
2026-09-06 13:31:26,060 - INFO - Training minGRU C=90 A=2 N=3500 L=2 U=128 D=256 run=1
2026-09-06 13:31:47,278 - INFO - minGRU loss=0.6561 acc=0.621 DL=0.300 JW=0.098
2026-09-06 13:31:47,385 - INFO - Training Performer C=90 A=2 N=3500 L=2 U=1024 D=256 run=1
2026-09-06 13:34:17,737 - INFO - Performer loss=0.6120 acc=0.667 DL=0.280 JW=0.100
2026-09-06 13:34:17,746 - INFO - Generating seeds for alphabet size 4
2026-09-06 13:34:17,807 - INFO - Training minGRU C=10 A=4 N=3500 L=2 U=128 D=256 run=1
2026-09-06 13:34:18,846 - INFO - minGRU loss=0.0284 acc=1.000 DL=0.000 JW=0.000
2026-09-06 13:34:18,953 - INFO - Training Performer C=10 A=4 N=3500 L=2 U=1024 D=256 run=1
2026-09-06 13:34:36,404 - INFO - Performer loss=0.0283 acc=1.000 DL=0.000 JW=0.000
2026-09-06 13:34:36,440 - INFO - Training minGRU C=10 A=4 N=3500 L=2 U=128 D=256 run=1
2026-09-06 13:34:37,374 - INFO - minGRU loss=0.0473 acc=1.000 DL=0.000 JW=0.000
2026-09-06 13:34:37,478 - INFO - Training Performer C=10 A=4 N=3500 L=2 U=1024 D=256 run=1
2026-09-06 13:35:00,629 - INFO - Performer loss=0.0123 acc=1.000 DL=0.000 JW=0.000
2026-09-06 13:35:00,665 - INFO - Training minGRU C=30 A=4 N=3500 L=2 U=128 D=256 run=1
2026-09-06 13:35:05,324 - INFO - minGRU loss=0.0470 acc=1.000 DL=0.000 JW=0.000
2026-09-06 13:35:05,430 - INFO - Training Performer C=30 A=4 N=3500 L=2 U=1024 D=256 run=1
2026-09-06 13:35:56,203 - INFO - Performer loss=0.0467 acc=1.000 DL=0.000 JW=0.000
2026-09-06 13:35:56,239 - INFO - Training minGRU C=30 A=4 N=3500 L=2 U=128 D=256 run=1
2026-09-06 13:36:01,581 - INFO - minGRU loss=0.0460 acc=1.000 DL=0.000 JW=0.000
2026-09-06 13:36:01,686 - INFO - Training Performer C=30 A=4 N=3500 L=2 U=1024 D=256 run=1
2026-09-06 13:36:30,507 - INFO - Performer loss=0.0120 acc=1.000 DL=0.000 JW=0.000
2026-09-06 13:36:30,544 - INFO - Training minGRU C=50 A=4 N=3500 L=2 U=128 D=256 run=1
2026-09-06 13:36:39,755 - INFO - minGRU loss=0.0483 acc=1.000 DL=0.000 JW=0.000
2026-09-06 13:36:39,865 - INFO - Training Performer C=50 A=4 N=3500 L=2 U=1024 D=256 run=1
2026-09-06 13:37:25,733 - INFO - Performer loss=0.0064 acc=1.000 DL=0.000 JW=0.000
2026-09-06 13:37:25,771 - INFO - Training minGRU C=50 A=4 N=3500 L=2 U=128 D=256 run=1
2026-09-06 13:37:34,317 - INFO - minGRU loss=0.0428 acc=1.000 DL=0.000 JW=0.000
2026-09-06 13:37:34,558 - INFO - Training Performer C=50 A=4 N=3500 L=2 U=1024 D=256 run=1
2026-09-06 13:39:37,646 - INFO - Performer loss=0.0572 acc=0.991 DL=0.020 JW=0.013
2026-09-06 13:39:37,684 - INFO - Training minGRU C=70 A=4 N=3500 L=2 U=128 D=256 run=1
2026-09-06 13:39:50,035 - INFO - minGRU loss=0.0510 acc=1.000 DL=0.000 JW=0.000
2026-09-06 13:39:50,139 - INFO - Training Performer C=70 A=4 N=3500 L=2 U=1024 D=256 run=1
2026-09-06 13:41:32,558 - INFO - Performer loss=0.9620 acc=0.585 DL=0.440 JW=0.139
2026-09-06 13:41:32,595 - INFO - Training minGRU C=70 A=4 N=3500 L=2 U=128 D=256 run=1
2026-09-06 13:41:45,429 - INFO - minGRU loss=0.0483 acc=1.000 DL=0.000 JW=0.000
2026-09-06 13:41:45,535 - INFO - Training Performer C=70 A=4 N=3500 L=2 U=1024 D=256 run=1
2026-09-06 13:43:15,825 - INFO - Performer loss=0.7934 acc=0.645 DL=0.440 JW=0.270
2026-09-06 13:43:15,997 - INFO - Training minGRU C=90 A=4 N=3500 L=2 U=128 D=256 run=1
2026-09-06 13:43:35,052 - INFO - minGRU loss=0.0472 acc=1.000 DL=0.000 JW=0.000
2026-09-06 13:43:35,157 - INFO - Training Performer C=90 A=4 N=3500 L=2 U=1024 D=256 run=1
2026-09-06 13:45:06,669 - INFO - Performer loss=0.9440 acc=0.615 DL=0.510 JW=0.200
2026-09-06 13:45:06,706 - INFO - Training minGRU C=90 A=4 N=3500 L=2 U=128 D=256 run=1
2026-09-06 13:45:26,805 - INFO - minGRU loss=0.0485 acc=1.000 DL=0.000 JW=0.000
2026-09-06 13:45:26,916 - INFO - Training Performer C=90 A=4 N=3500 L=2 U=1024 D=256 run=1
2026-09-06 13:47:08,276 - INFO - Performer loss=0.9811 acc=0.573 DL=0.390 JW=0.124
2026-09-06 13:47:08,286 - INFO - Generating seeds for alphabet size 6
2026-09-06 13:47:08,342 - INFO - Training minGRU C=10 A=6 N=3500 L=2 U=128 D=256 run=1
2026-09-06 13:47:09,020 - INFO - minGRU loss=0.0373 acc=1.000 DL=0.000 JW=0.000
2026-09-06 13:47:09,127 - INFO - Training Performer C=10 A=6 N=3500 L=2 U=1024 D=256 run=1
2026-09-06 13:47:27,214 - INFO - Performer loss=0.0158 acc=1.000 DL=0.000 JW=0.000
2026-09-06 13:47:27,251 - INFO - Training minGRU C=10 A=6 N=3500 L=2 U=128 D=256 run=1
2026-09-06 13:47:28,101 - INFO - minGRU loss=0.0457 acc=1.000 DL=0.000 JW=0.000
2026-09-06 13:47:28,206 - INFO - Training Performer C=10 A=6 N=3500 L=2 U=1024 D=256 run=1
2026-09-06 13:47:46,281 - INFO - Performer loss=0.0170 acc=1.000 DL=0.000 JW=0.000
2026-09-06 13:47:46,321 - INFO - Training minGRU C=30 A=6 N=3500 L=2 U=128 D=256 run=1
2026-09-06 13:47:48,661 - INFO - minGRU loss=0.0481 acc=1.000 DL=0.000 JW=0.000
2026-09-06 13:47:48,767 - INFO - Training Performer C=30 A=6 N=3500 L=2 U=1024 D=256 run=1
2026-09-06 13:49:18,916 - INFO - Performer loss=0.0346 acc=1.000 DL=0.000 JW=0.000
2026-09-06 13:49:18,953 - INFO - Training minGRU C=30 A=6 N=3500 L=2 U=128 D=256 run=1
2026-09-06 13:49:21,605 - INFO - minGRU loss=0.0472 acc=1.000 DL=0.000 JW=0.000
2026-09-06 13:49:21,710 - INFO - Training Performer C=30 A=6 N=3500 L=2 U=1024 D=256 run=1
2026-09-06 13:50:44,627 - INFO - Performer loss=0.2664 acc=0.945 DL=0.070 JW=0.049
2026-09-06 13:50:44,665 - INFO - Training minGRU C=50 A=6 N=3500 L=2 U=128 D=256 run=1
2026-09-06 13:50:49,936 - INFO - minGRU loss=0.0480 acc=1.000 DL=0.000 JW=0.000
2026-09-06 13:50:50,041 - INFO - Training Performer C=50 A=6 N=3500 L=2 U=1024 D=256 run=1
2026-09-06 13:53:05,639 - INFO - Performer loss=0.0341 acc=1.000 DL=0.000 JW=0.000
2026-09-06 13:53:05,676 - INFO - Training minGRU C=50 A=6 N=3500 L=2 U=128 D=256 run=1
2026-09-06 13:53:09,926 - INFO - minGRU loss=0.0488 acc=1.000 DL=0.000 JW=0.000
2026-09-06 13:53:10,167 - INFO - Training Performer C=50 A=6 N=3500 L=2 U=1024 D=256 run=1
2026-09-06 13:54:30,609 - INFO - Performer loss=0.8324 acc=0.691 DL=0.470 JW=0.178
2026-09-06 13:54:30,647 - INFO - Training minGRU C=70 A=6 N=3500 L=2 U=128 D=256 run=1
2026-09-06 13:54:36,972 - INFO - minGRU loss=0.0480 acc=1.000 DL=0.000 JW=0.000
2026-09-06 13:54:37,077 - INFO - Training Performer C=70 A=6 N=3500 L=2 U=1024 D=256 run=1
2026-09-06 13:57:32,234 - INFO - Performer loss=0.0315 acc=1.000 DL=0.000 JW=0.000
2026-09-06 13:57:32,271 - INFO - Training minGRU C=70 A=6 N=3500 L=2 U=128 D=256 run=1
2026-09-06 13:57:38,564 - INFO - minGRU loss=0.0473 acc=1.000 DL=0.000 JW=0.000
2026-09-06 13:57:38,670 - INFO - Training Performer C=70 A=6 N=3500 L=2 U=1024 D=256 run=1
2026-09-06 13:59:58,513 - INFO - Performer loss=0.0387 acc=1.000 DL=0.000 JW=0.000
2026-09-06 13:59:58,552 - INFO - Training minGRU C=90 A=6 N=3500 L=2 U=128 D=256 run=1
2026-09-06 14:00:06,986 - INFO - minGRU loss=0.0454 acc=1.000 DL=0.000 JW=0.000
2026-09-06 14:00:07,092 - INFO - Training Performer C=90 A=6 N=3500 L=2 U=1024 D=256 run=1
2026-09-06 14:01:48,559 - INFO - Performer loss=0.7365 acc=0.706 DL=0.480 JW=0.274
2026-09-06 14:01:48,597 - INFO - Training minGRU C=90 A=6 N=3500 L=2 U=128 D=256 run=1
2026-09-06 14:01:57,024 - INFO - minGRU loss=0.0490 acc=1.000 DL=0.000 JW=0.000
2026-09-06 14:01:57,130 - INFO - Training Performer C=90 A=6 N=3500 L=2 U=1024 D=256 run=1
2026-09-06 14:05:01,447 - INFO - Performer loss=0.0400 acc=0.994 DL=0.000 JW=0.000
2026-09-06 14:05:01,465 - INFO - Generating seeds for alphabet size 8
2026-09-06 14:05:01,514 - INFO - Training minGRU C=10 A=8 N=3500 L=2 U=128 D=256 run=1
2026-09-06 14:05:02,166 - INFO - minGRU loss=0.0327 acc=1.000 DL=0.000 JW=0.000
2026-09-06 14:05:02,271 - INFO - Training Performer C=10 A=8 N=3500 L=2 U=1024 D=256 run=1
2026-09-06 14:05:19,766 - INFO - Performer loss=0.0027 acc=1.000 DL=0.000 JW=0.000
2026-09-06 14:05:19,807 - INFO - Training minGRU C=10 A=8 N=3500 L=2 U=128 D=256 run=1
2026-09-06 14:05:20,527 - INFO - minGRU loss=0.0353 acc=1.000 DL=0.000 JW=0.000
2026-09-06 14:05:20,632 - INFO - Training Performer C=10 A=8 N=3500 L=2 U=1024 D=256 run=1
2026-09-06 14:05:37,996 - INFO - Performer loss=0.0024 acc=1.000 DL=0.000 JW=0.000
2026-09-06 14:05:38,034 - INFO - Training minGRU C=30 A=8 N=3500 L=2 U=128 D=256 run=1
2026-09-06 14:05:40,382 - INFO - minGRU loss=0.0476 acc=1.000 DL=0.000 JW=0.000
2026-09-06 14:05:40,625 - INFO - Training Performer C=30 A=8 N=3500 L=2 U=1024 D=256 run=1
2026-09-06 14:07:16,135 - INFO - Performer loss=0.0123 acc=1.000 DL=0.000 JW=0.000
2026-09-06 14:07:16,173 - INFO - Training minGRU C=30 A=8 N=3500 L=2 U=128 D=256 run=1
2026-09-06 14:07:18,220 - INFO - minGRU loss=0.0448 acc=1.000 DL=0.000 JW=0.000
2026-09-06 14:07:18,326 - INFO - Training Performer C=30 A=8 N=3500 L=2 U=1024 D=256 run=1
2026-09-06 14:07:46,772 - INFO - Performer loss=0.0115 acc=1.000 DL=0.000 JW=0.000
2026-09-06 14:07:46,815 - INFO - Training minGRU C=50 A=8 N=3500 L=2 U=128 D=256 run=1
2026-09-06 14:07:51,772 - INFO - minGRU loss=0.0461 acc=1.000 DL=0.000 JW=0.000
2026-09-06 14:07:51,883 - INFO - Training Performer C=50 A=8 N=3500 L=2 U=1024 D=256 run=1
2026-09-06 14:08:37,934 - INFO - Performer loss=0.0282 acc=1.000 DL=0.000 JW=0.000
2026-09-06 14:08:37,972 - INFO - Training minGRU C=50 A=8 N=3500 L=2 U=128 D=256 run=1
2026-09-06 14:08:41,980 - INFO - minGRU loss=0.0444 acc=1.000 DL=0.000 JW=0.000
2026-09-06 14:08:42,087 - INFO - Training Performer C=50 A=8 N=3500 L=2 U=1024 D=256 run=1
2026-09-06 14:10:40,154 - INFO - Performer loss=0.0338 acc=1.000 DL=0.000 JW=0.000
2026-09-06 14:10:40,192 - INFO - Training minGRU C=70 A=8 N=3500 L=2 U=128 D=256 run=1
2026-09-06 14:10:45,987 - INFO - minGRU loss=0.0493 acc=1.000 DL=0.000 JW=0.000
2026-09-06 14:10:46,101 - INFO - Training Performer C=70 A=8 N=3500 L=2 U=1024 D=256 run=1
2026-09-06 14:12:12,819 - INFO - Performer loss=0.3225 acc=0.918 DL=0.310 JW=0.098
2026-09-06 14:12:12,859 - INFO - Training minGRU C=70 A=8 N=3500 L=2 U=128 D=256 run=1
2026-09-06 14:12:18,377 - INFO - minGRU loss=0.0437 acc=1.000 DL=0.000 JW=0.000
2026-09-06 14:12:18,486 - INFO - Training Performer C=70 A=8 N=3500 L=2 U=1024 D=256 run=1
2026-09-06 14:13:47,347 - INFO - Performer loss=0.6492 acc=0.733 DL=0.430 JW=0.253
2026-09-06 14:13:47,391 - INFO - Training minGRU C=90 A=8 N=3500 L=2 U=128 D=256 run=1
2026-09-06 14:13:53,892 - INFO - minGRU loss=0.0486 acc=1.000 DL=0.000 JW=0.000
2026-09-06 14:13:53,999 - INFO - Training Performer C=90 A=8 N=3500 L=2 U=1024 D=256 run=1
2026-09-06 14:16:35,727 - INFO - Performer loss=0.0248 acc=1.000 DL=0.000 JW=0.000
2026-09-06 14:16:35,768 - INFO - Training minGRU C=90 A=8 N=3500 L=2 U=128 D=256 run=1
2026-09-06 14:16:42,140 - INFO - minGRU loss=0.0470 acc=1.000 DL=0.000 JW=0.000
2026-09-06 14:16:42,248 - INFO - Training Performer C=90 A=8 N=3500 L=2 U=1024 D=256 run=1
2026-09-06 14:18:55,431 - INFO - Performer loss=0.0435 acc=1.000 DL=0.000 JW=0.000
2026-09-06 14:18:55,440 - INFO - Selected 80/640 configurations for this task
