2026-09-06 13:13:53,415 - INFO - Generating seeds for alphabet size 2
2026-09-06 13:13:53,675 - INFO - Training minGRU C=10 A=2 N=3500 L=2 U=128 D=256 run=0
2026-09-06 13:14:03,645 - INFO - minGRU loss=0.0488 acc=1.000 DL=0.000 JW=0.000
2026-09-06 13:14:03,916 - INFO - Training Performer C=10 A=2 N=3500 L=2 U=1024 D=256 run=0
2026-09-06 13:14:57,375 - INFO - Performer loss=0.0010 acc=1.000 DL=0.000 JW=0.000
2026-09-06 13:14:57,413 - INFO - Training minGRU C=10 A=2 N=3500 L=2 U=128 D=256 run=0
2026-09-06 13:15:02,923 - INFO - minGRU loss=0.1221 acc=0.939 DL=0.130 JW=0.039
2026-09-06 13:15:03,038 - INFO - Training Performer C=10 A=2 N=3500 L=2 U=1024 D=256 run=0
2026-09-06 13:15:39,100 - INFO - Performer loss=0.0007 acc=1.000 DL=0.000 JW=0.000
2026-09-06 13:15:39,141 - INFO - Training minGRU C=30 A=2 N=3500 L=2 U=128 D=256 run=0
2026-09-06 13:16:00,352 - INFO - minGRU loss=0.2025 acc=0.900 DL=0.180 JW=0.049
2026-09-06 13:16:00,463 - INFO - Training Performer C=30 A=2 N=3500 L=2 U=1024 D=256 run=0
2026-09-06 13:16:43,412 - INFO - Performer loss=0.0368 acc=1.000 DL=0.000 JW=0.000
2026-09-06 13:16:43,447 - INFO - Training minGRU C=30 A=2 N=3500 L=2 U=128 D=256 run=0
2026-09-06 13:17:04,311 - INFO - minGRU loss=0.3545 acc=0.867 DL=0.400 JW=0.209
2026-09-06 13:17:04,428 - INFO - Training Performer C=30 A=2 N=3500 L=2 U=1024 D=256 run=0
2026-09-06 13:17:33,739 - INFO - Performer loss=0.0221 acc=1.000 DL=0.000 JW=0.000
2026-09-06 13:17:33,783 - INFO - Training minGRU C=50 A=2 N=3500 L=2 U=128 D=256 run=0
2026-09-06 13:17:54,722 - INFO - minGRU loss=0.5192 acc=0.742 DL=0.270 JW=0.077
2026-09-06 13:17:54,837 - INFO - Training Performer C=50 A=2 N=3500 L=2 U=1024 D=256 run=0
2026-09-06 13:20:35,288 - INFO - Performer loss=0.4659 acc=0.755 DL=0.190 JW=0.048
2026-09-06 13:20:35,325 - INFO - Training minGRU C=50 A=2 N=3500 L=2 U=128 D=256 run=0
2026-09-06 13:20:56,257 - INFO - minGRU loss=0.5009 acc=0.742 DL=0.320 JW=0.095
2026-09-06 13:20:56,366 - INFO - Training Performer C=50 A=2 N=3500 L=2 U=1024 D=256 run=0
2026-09-06 13:23:27,477 - INFO - Performer loss=0.5223 acc=0.712 DL=0.200 JW=0.061
2026-09-06 13:23:27,519 - INFO - Training minGRU C=70 A=2 N=3500 L=2 U=128 D=256 run=0
2026-09-06 13:23:48,306 - INFO - minGRU loss=0.6079 acc=0.667 DL=0.330 JW=0.182
2026-09-06 13:23:48,413 - INFO - Training Performer C=70 A=2 N=3500 L=2 U=1024 D=256 run=0
2026-09-06 13:26:18,883 - INFO - Performer loss=0.6364 acc=0.645 DL=0.280 JW=0.069
2026-09-06 13:26:18,922 - INFO - Training minGRU C=70 A=2 N=3500 L=2 U=128 D=256 run=0
2026-09-06 13:26:20,110 - INFO - minGRU loss=0.6986 acc=0.512 DL=0.410 JW=0.219
2026-09-06 13:26:20,222 - INFO - Training Performer C=70 A=2 N=3500 L=2 U=1024 D=256 run=0
2026-09-06 13:28:16,205 - INFO - Performer loss=0.6172 acc=0.664 DL=0.360 JW=0.053
2026-09-06 13:28:16,246 - INFO - Training minGRU C=90 A=2 N=3500 L=2 U=128 D=256 run=0
2026-09-06 13:28:37,523 - INFO - minGRU loss=0.6470 acc=0.558 DL=0.330 JW=0.100
2026-09-06 13:28:37,631 - INFO - Training Performer C=90 A=2 N=3500 L=2 U=1024 D=256 run=0
2026-09-06 13:31:04,889 - INFO - Performer loss=0.6273 acc=0.642 DL=0.260 JW=0.073
2026-09-06 13:31:04,926 - INFO - Training minGRU C=90 A=2 N=3500 L=2 U=128 D=256 run=0
2026-09-06 13:31:13,762 - INFO - minGRU loss=0.6752 acc=0.582 DL=0.300 JW=0.117
2026-09-06 13:31:13,870 - INFO - Training Performer C=90 A=2 N=3500 L=2 U=1024 D=256 run=0
2026-09-06 13:33:32,984 - INFO - Performer loss=0.6219 acc=0.664 DL=0.320 JW=0.099
2026-09-06 13:33:32,993 - INFO - Generating seeds for alphabet size 4
2026-09-06 13:33:33,056 - INFO - Training minGRU C=10 A=4 N=3500 L=2 U=128 D=256 run=0
2026-09-06 13:33:34,148 - INFO - minGRU loss=0.0442 acc=1.000 DL=0.000 JW=0.000
2026-09-06 13:33:34,257 - INFO - Training Performer C=10 A=4 N=3500 L=2 U=1024 D=256 run=0
2026-09-06 13:33:52,170 - INFO - Performer loss=0.0401 acc=1.000 DL=0.000 JW=0.000
2026-09-06 13:33:52,211 - INFO - Training minGRU C=10 A=4 N=3500 L=2 U=128 D=256 run=0
2026-09-06 13:33:53,458 - INFO - minGRU loss=0.0316 acc=1.000 DL=0.000 JW=0.000
2026-09-06 13:33:53,572 - INFO - Training Performer C=10 A=4 N=3500 L=2 U=1024 D=256 run=0
2026-09-06 13:34:16,638 - INFO - Performer loss=0.0348 acc=1.000 DL=0.000 JW=0.000
2026-09-06 13:34:16,677 - INFO - Training minGRU C=30 A=4 N=3500 L=2 U=128 D=256 run=0
2026-09-06 13:34:21,743 - INFO - minGRU loss=0.0446 acc=1.000 DL=0.000 JW=0.000
2026-09-06 13:34:21,885 - INFO - Training Performer C=30 A=4 N=3500 L=2 U=1024 D=256 run=0
2026-09-06 13:36:16,575 - INFO - Performer loss=0.0288 acc=1.000 DL=0.000 JW=0.000
2026-09-06 13:36:16,612 - INFO - Training minGRU C=30 A=4 N=3500 L=2 U=128 D=256 run=0
2026-09-06 13:36:21,666 - INFO - minGRU loss=0.0441 acc=1.000 DL=0.000 JW=0.000
2026-09-06 13:36:21,777 - INFO - Training Performer C=30 A=4 N=3500 L=2 U=1024 D=256 run=0
2026-09-06 13:36:51,886 - INFO - Performer loss=0.0124 acc=1.000 DL=0.000 JW=0.000
2026-09-06 13:36:51,926 - INFO - Training minGRU C=50 A=4 N=3500 L=2 U=128 D=256 run=0
2026-09-06 13:37:00,014 - INFO - minGRU loss=0.0505 acc=1.000 DL=0.000 JW=0.000
2026-09-06 13:37:00,121 - INFO - Training Performer C=50 A=4 N=3500 L=2 U=1024 D=256 run=0
2026-09-06 13:37:36,771 - INFO - Performer loss=0.0008 acc=1.000 DL=0.000 JW=0.000
2026-09-06 13:37:36,808 - INFO - Training minGRU C=50 A=4 N=3500 L=2 U=128 D=256 run=0
2026-09-06 13:37:45,504 - INFO - minGRU loss=0.0396 acc=1.000 DL=0.000 JW=0.000
2026-09-06 13:37:45,612 - INFO - Training Performer C=50 A=4 N=3500 L=2 U=1024 D=256 run=0
2026-09-06 13:39:11,498 - INFO - Performer loss=0.4662 acc=0.852 DL=0.280 JW=0.155
2026-09-06 13:39:11,540 - INFO - Training minGRU C=70 A=4 N=3500 L=2 U=128 D=256 run=0
2026-09-06 13:39:24,953 - INFO - minGRU loss=0.0545 acc=1.000 DL=0.000 JW=0.000
2026-09-06 13:39:25,066 - INFO - Training Performer C=70 A=4 N=3500 L=2 U=1024 D=256 run=0
2026-09-06 13:40:51,245 - INFO - Performer loss=1.1047 acc=0.512 DL=0.460 JW=0.230
2026-09-06 13:40:51,282 - INFO - Training minGRU C=70 A=4 N=3500 L=2 U=128 D=256 run=0
2026-09-06 13:41:04,212 - INFO - minGRU loss=0.0479 acc=1.000 DL=0.000 JW=0.000
2026-09-06 13:41:04,319 - INFO - Training Performer C=70 A=4 N=3500 L=2 U=1024 D=256 run=0
2026-09-06 13:42:41,340 - INFO - Performer loss=0.8492 acc=0.606 DL=0.410 JW=0.150
2026-09-06 13:42:41,378 - INFO - Training minGRU C=90 A=4 N=3500 L=2 U=128 D=256 run=0
2026-09-06 13:42:59,324 - INFO - minGRU loss=0.0478 acc=1.000 DL=0.000 JW=0.000
2026-09-06 13:42:59,432 - INFO - Training Performer C=90 A=4 N=3500 L=2 U=1024 D=256 run=0
2026-09-06 13:47:22,769 - INFO - Performer loss=0.0338 acc=1.000 DL=0.000 JW=0.000
2026-09-06 13:47:22,873 - INFO - Training minGRU C=90 A=4 N=3500 L=2 U=128 D=256 run=0
2026-09-06 13:47:42,063 - INFO - minGRU loss=0.0485 acc=1.000 DL=0.000 JW=0.000
2026-09-06 13:47:42,173 - INFO - Training Performer C=90 A=4 N=3500 L=2 U=1024 D=256 run=0
2026-09-06 13:49:30,660 - INFO - Performer loss=0.8910 acc=0.636 DL=0.400 JW=0.093
2026-09-06 13:49:30,670 - INFO - Generating seeds for alphabet size 6
2026-09-06 13:49:30,727 - INFO - Training minGRU C=10 A=6 N=3500 L=2 U=128 D=256 run=0
2026-09-06 13:49:31,411 - INFO - minGRU loss=0.0316 acc=1.000 DL=0.000 JW=0.000
2026-09-06 13:49:31,519 - INFO - Training Performer C=10 A=6 N=3500 L=2 U=1024 D=256 run=0
2026-09-06 13:49:48,719 - INFO - Performer loss=0.0156 acc=1.000 DL=0.000 JW=0.000
2026-09-06 13:49:48,758 - INFO - Training minGRU C=10 A=6 N=3500 L=2 U=128 D=256 run=0
2026-09-06 13:49:49,438 - INFO - minGRU loss=0.0468 acc=1.000 DL=0.000 JW=0.000
2026-09-06 13:49:49,543 - INFO - Training Performer C=10 A=6 N=3500 L=2 U=1024 D=256 run=0
2026-09-06 13:50:07,009 - INFO - Performer loss=0.0206 acc=1.000 DL=0.000 JW=0.000
2026-09-06 13:50:07,049 - INFO - Training minGRU C=30 A=6 N=3500 L=2 U=128 D=256 run=0
2026-09-06 13:50:09,819 - INFO - minGRU loss=0.0442 acc=1.000 DL=0.000 JW=0.000
2026-09-06 13:50:09,926 - INFO - Training Performer C=30 A=6 N=3500 L=2 U=1024 D=256 run=0
2026-09-06 13:50:39,686 - INFO - Performer loss=0.0424 acc=1.000 DL=0.000 JW=0.000
2026-09-06 13:50:39,726 - INFO - Training minGRU C=30 A=6 N=3500 L=2 U=128 D=256 run=0
2026-09-06 13:50:42,281 - INFO - minGRU loss=0.0498 acc=1.000 DL=0.000 JW=0.000
2026-09-06 13:50:42,386 - INFO - Training Performer C=30 A=6 N=3500 L=2 U=1024 D=256 run=0
2026-09-06 13:52:25,055 - INFO - Performer loss=0.0482 acc=1.000 DL=0.000 JW=0.000
2026-09-06 13:52:25,096 - INFO - Training minGRU C=50 A=6 N=3500 L=2 U=128 D=256 run=0
2026-09-06 13:52:30,056 - INFO - minGRU loss=0.0496 acc=1.000 DL=0.000 JW=0.000
2026-09-06 13:52:30,161 - INFO - Training Performer C=50 A=6 N=3500 L=2 U=1024 D=256 run=0
2026-09-06 13:53:53,529 - INFO - Performer loss=0.5178 acc=0.873 DL=0.140 JW=0.047
2026-09-06 13:53:53,570 - INFO - Training minGRU C=50 A=6 N=3500 L=2 U=128 D=256 run=0
2026-09-06 13:53:58,211 - INFO - minGRU loss=0.0469 acc=1.000 DL=0.000 JW=0.000
2026-09-06 13:53:58,320 - INFO - Training Performer C=50 A=6 N=3500 L=2 U=1024 D=256 run=0
2026-09-06 13:55:58,059 - INFO - Performer loss=0.0321 acc=1.000 DL=0.000 JW=0.000
2026-09-06 13:55:58,098 - INFO - Training minGRU C=70 A=6 N=3500 L=2 U=128 D=256 run=0
2026-09-06 13:56:04,959 - INFO - minGRU loss=0.0490 acc=1.000 DL=0.000 JW=0.000
2026-09-06 13:56:05,070 - INFO - Training Performer C=70 A=6 N=3500 L=2 U=1024 D=256 run=0
2026-09-06 13:57:30,760 - INFO - Performer loss=0.9995 acc=0.627 DL=0.400 JW=0.109
2026-09-06 13:57:30,863 - INFO - Training minGRU C=70 A=6 N=3500 L=2 U=128 D=256 run=0
2026-09-06 13:57:37,197 - INFO - minGRU loss=0.0455 acc=1.000 DL=0.000 JW=0.000
2026-09-06 13:57:37,309 - INFO - Training Performer C=70 A=6 N=3500 L=2 U=1024 D=256 run=0
2026-09-06 13:59:03,513 - INFO - Performer loss=1.2749 acc=0.470 DL=0.560 JW=0.275
2026-09-06 13:59:03,556 - INFO - Training minGRU C=90 A=6 N=3500 L=2 U=128 D=256 run=0
2026-09-06 13:59:12,220 - INFO - minGRU loss=0.0476 acc=1.000 DL=0.000 JW=0.000
2026-09-06 13:59:12,334 - INFO - Training Performer C=90 A=6 N=3500 L=2 U=1024 D=256 run=0
2026-09-06 14:00:33,664 - INFO - Performer loss=1.3114 acc=0.488 DL=0.580 JW=0.267
2026-09-06 14:00:33,703 - INFO - Training minGRU C=90 A=6 N=3500 L=2 U=128 D=256 run=0
2026-09-06 14:00:41,983 - INFO - minGRU loss=0.0489 acc=1.000 DL=0.000 JW=0.000
2026-09-06 14:00:42,099 - INFO - Training Performer C=90 A=6 N=3500 L=2 U=1024 D=256 run=0
2026-09-06 14:03:40,290 - INFO - Performer loss=0.0421 acc=0.994 DL=0.000 JW=0.000
2026-09-06 14:03:40,299 - INFO - Generating seeds for alphabet size 8
2026-09-06 14:03:40,352 - INFO - Training minGRU C=10 A=8 N=3500 L=2 U=128 D=256 run=0
2026-09-06 14:03:40,935 - INFO - minGRU loss=0.0464 acc=1.000 DL=0.000 JW=0.000
2026-09-06 14:03:41,040 - INFO - Training Performer C=10 A=8 N=3500 L=2 U=1024 D=256 run=0
2026-09-06 14:03:59,041 - INFO - Performer loss=0.0049 acc=1.000 DL=0.000 JW=0.000
2026-09-06 14:03:59,082 - INFO - Training minGRU C=10 A=8 N=3500 L=2 U=128 D=256 run=0
2026-09-06 14:03:59,795 - INFO - minGRU loss=0.0391 acc=1.000 DL=0.000 JW=0.000
2026-09-06 14:03:59,901 - INFO - Training Performer C=10 A=8 N=3500 L=2 U=1024 D=256 run=0
2026-09-06 14:04:18,336 - INFO - Performer loss=0.0048 acc=1.000 DL=0.000 JW=0.000
2026-09-06 14:04:18,374 - INFO - Training minGRU C=30 A=8 N=3500 L=2 U=128 D=256 run=0
2026-09-06 14:04:20,717 - INFO - minGRU loss=0.0425 acc=1.000 DL=0.000 JW=0.000
2026-09-06 14:04:20,827 - INFO - Training Performer C=30 A=8 N=3500 L=2 U=1024 D=256 run=0
2026-09-06 14:04:51,412 - INFO - Performer loss=0.0119 acc=1.000 DL=0.000 JW=0.000
2026-09-06 14:04:51,585 - INFO - Training minGRU C=30 A=8 N=3500 L=2 U=128 D=256 run=0
2026-09-06 14:04:53,677 - INFO - minGRU loss=0.0499 acc=1.000 DL=0.000 JW=0.000
2026-09-06 14:04:53,788 - INFO - Training Performer C=30 A=8 N=3500 L=2 U=1024 D=256 run=0
2026-09-06 14:05:23,946 - INFO - Performer loss=0.0089 acc=1.000 DL=0.000 JW=0.000
2026-09-06 14:05:23,989 - INFO - Training minGRU C=50 A=8 N=3500 L=2 U=128 D=256 run=0
2026-09-06 14:05:28,523 - INFO - minGRU loss=0.0480 acc=1.000 DL=0.000 JW=0.000
2026-09-06 14:05:28,635 - INFO - Training Performer C=50 A=8 N=3500 L=2 U=1024 D=256 run=0
2026-09-06 14:07:09,249 - INFO - Performer loss=0.0440 acc=0.985 DL=0.030 JW=0.028
2026-09-06 14:07:09,292 - INFO - Training minGRU C=50 A=8 N=3500 L=2 U=128 D=256 run=0
2026-09-06 14:07:13,135 - INFO - minGRU loss=0.0497 acc=1.000 DL=0.000 JW=0.000
2026-09-06 14:07:13,241 - INFO - Training Performer C=50 A=8 N=3500 L=2 U=1024 D=256 run=0
2026-09-06 14:09:08,651 - INFO - Performer loss=0.0413 acc=0.985 DL=0.010 JW=0.012
2026-09-06 14:09:08,690 - INFO - Training minGRU C=70 A=8 N=3500 L=2 U=128 D=256 run=0
2026-09-06 14:09:13,998 - INFO - minGRU loss=0.0482 acc=1.000 DL=0.000 JW=0.000
2026-09-06 14:09:14,104 - INFO - Training Performer C=70 A=8 N=3500 L=2 U=1024 D=256 run=0
2026-09-06 14:10:35,662 - INFO - Performer loss=0.8650 acc=0.706 DL=0.560 JW=0.135
2026-09-06 14:10:35,706 - INFO - Training minGRU C=70 A=8 N=3500 L=2 U=128 D=256 run=0
2026-09-06 14:10:40,989 - INFO - minGRU loss=0.0454 acc=1.000 DL=0.000 JW=0.000
2026-09-06 14:10:41,099 - INFO - Training Performer C=70 A=8 N=3500 L=2 U=1024 D=256 run=0
2026-09-06 14:12:20,342 - INFO - Performer loss=0.0918 acc=0.988 DL=0.010 JW=0.004
2026-09-06 14:12:20,385 - INFO - Training minGRU C=90 A=8 N=3500 L=2 U=128 D=256 run=0
2026-09-06 14:12:26,794 - INFO - minGRU loss=0.0476 acc=1.000 DL=0.000 JW=0.000
2026-09-06 14:12:26,950 - INFO - Training Performer C=90 A=8 N=3500 L=2 U=1024 D=256 run=0
2026-09-06 14:15:00,641 - INFO - Performer loss=0.0333 acc=1.000 DL=0.000 JW=0.000
2026-09-06 14:15:00,687 - INFO - Training minGRU C=90 A=8 N=3500 L=2 U=128 D=256 run=0
2026-09-06 14:15:06,687 - INFO - minGRU loss=0.0494 acc=1.000 DL=0.000 JW=0.000
2026-09-06 14:15:06,799 - INFO - Training Performer C=90 A=8 N=3500 L=2 U=1024 D=256 run=0
2026-09-06 14:17:30,324 - INFO - Performer loss=0.0325 acc=1.000 DL=0.000 JW=0.000
2026-09-06 14:17:30,333 - INFO - Selected 80/640 configurations for this task
