2026-09-06 12:31:43,899 - INFO - Generating seeds for alphabet size 2
2026-09-06 12:31:44,171 - INFO - Training LSTM C=10 A=2 N=3500 L=2 U=128 D=256 run=0
2026-09-06 12:32:26,069 - INFO - LSTM loss=0.0456 acc=1.000 DL=0.000 JW=0.000
2026-09-06 12:32:26,204 - INFO - Training Transformer C=10 A=2 N=3500 L=2 U=1024 D=256 run=0
2026-09-06 12:33:00,144 - INFO - Transformer loss=0.0042 acc=1.000 DL=0.000 JW=0.000
2026-09-06 12:33:00,401 - INFO - Training LSTM C=10 A=2 N=3500 L=2 U=128 D=256 run=0
2026-09-06 12:33:34,496 - INFO - LSTM loss=0.0362 acc=1.000 DL=0.000 JW=0.000
2026-09-06 12:33:34,618 - INFO - Training Transformer C=10 A=2 N=3500 L=2 U=1024 D=256 run=0
2026-09-06 12:33:59,116 - INFO - Transformer loss=0.0028 acc=1.000 DL=0.000 JW=0.000
2026-09-06 12:33:59,186 - INFO - Training LSTM C=30 A=2 N=3500 L=2 U=128 D=256 run=0
2026-09-06 12:34:42,479 - INFO - LSTM loss=0.0495 acc=1.000 DL=0.000 JW=0.000
2026-09-06 12:34:42,592 - INFO - Training Transformer C=30 A=2 N=3500 L=2 U=1024 D=256 run=0
2026-09-06 12:35:26,881 - INFO - Transformer loss=0.6491 acc=0.585 DL=0.400 JW=0.160
2026-09-06 12:35:26,948 - INFO - Training LSTM C=30 A=2 N=3500 L=2 U=128 D=256 run=0
2026-09-06 12:36:16,090 - INFO - LSTM loss=0.0456 acc=1.000 DL=0.000 JW=0.000
2026-09-06 12:36:16,211 - INFO - Training Transformer C=30 A=2 N=3500 L=2 U=1024 D=256 run=0
2026-09-06 12:36:52,781 - INFO - Transformer loss=0.2198 acc=1.000 DL=0.000 JW=0.000
2026-09-06 12:36:52,852 - INFO - Training LSTM C=50 A=2 N=3500 L=2 U=128 D=256 run=0
2026-09-06 12:38:10,085 - INFO - LSTM loss=0.0462 acc=0.994 DL=0.000 JW=0.000
2026-09-06 12:38:10,204 - INFO - Training Transformer C=50 A=2 N=3500 L=2 U=1024 D=256 run=0
2026-09-06 12:39:34,261 - INFO - Transformer loss=0.6629 acc=0.588 DL=0.330 JW=0.161
2026-09-06 12:39:34,329 - INFO - Training LSTM C=50 A=2 N=3500 L=2 U=128 D=256 run=0
2026-09-06 12:41:24,896 - INFO - LSTM loss=0.0472 acc=0.994 DL=0.000 JW=0.000
2026-09-06 12:41:25,016 - INFO - Training Transformer C=50 A=2 N=3500 L=2 U=1024 D=256 run=0
2026-09-06 12:41:43,636 - INFO - Transformer loss=0.6930 acc=0.515 DL=0.500 JW=0.300
2026-09-06 12:41:43,703 - INFO - Training LSTM C=70 A=2 N=3500 L=2 U=128 D=256 run=0
2026-09-06 12:43:17,148 - INFO - LSTM loss=0.2400 acc=0.930 DL=0.240 JW=0.096
2026-09-06 12:43:17,270 - INFO - Training Transformer C=70 A=2 N=3500 L=2 U=1024 D=256 run=0
2026-09-06 12:43:37,311 - INFO - Transformer loss=0.6933 acc=0.491 DL=0.600 JW=0.400
2026-09-06 12:43:37,376 - INFO - Training LSTM C=70 A=2 N=3500 L=2 U=128 D=256 run=0
2026-09-06 12:46:57,546 - INFO - LSTM loss=0.0604 acc=0.985 DL=0.000 JW=0.000
2026-09-06 12:46:57,665 - INFO - Training Transformer C=70 A=2 N=3500 L=2 U=1024 D=256 run=0
2026-09-06 12:47:23,890 - INFO - Transformer loss=0.6985 acc=0.512 DL=0.410 JW=0.219
2026-09-06 12:47:23,956 - INFO - Training LSTM C=90 A=2 N=3500 L=2 U=128 D=256 run=0
2026-09-06 12:50:01,124 - INFO - LSTM loss=0.0465 acc=1.000 DL=0.000 JW=0.000
2026-09-06 12:50:01,241 - INFO - Training Transformer C=90 A=2 N=3500 L=2 U=1024 D=256 run=0
2026-09-06 12:50:36,245 - INFO - Transformer loss=0.6917 acc=0.527 DL=0.470 JW=0.251
2026-09-06 12:50:36,516 - INFO - Training LSTM C=90 A=2 N=3500 L=2 U=128 D=256 run=0
2026-09-06 12:52:19,787 - INFO - LSTM loss=0.0458 acc=0.997 DL=0.000 JW=0.000
2026-09-06 12:52:19,902 - INFO - Training Transformer C=90 A=2 N=3500 L=2 U=1024 D=256 run=0
2026-09-06 12:52:56,476 - INFO - Transformer loss=0.6929 acc=0.515 DL=0.470 JW=0.313
2026-09-06 12:52:56,516 - INFO - Generating seeds for alphabet size 4
2026-09-06 12:52:56,577 - INFO - Training LSTM C=10 A=4 N=3500 L=2 U=128 D=256 run=0
2026-09-06 12:53:13,275 - INFO - LSTM loss=0.0474 acc=1.000 DL=0.000 JW=0.000
2026-09-06 12:53:13,390 - INFO - Training Transformer C=10 A=4 N=3500 L=2 U=1024 D=256 run=0
2026-09-06 12:53:21,330 - INFO - Transformer loss=0.0049 acc=1.000 DL=0.000 JW=0.000
2026-09-06 12:53:21,396 - INFO - Training LSTM C=10 A=4 N=3500 L=2 U=128 D=256 run=0
2026-09-06 12:53:39,657 - INFO - LSTM loss=0.0376 acc=1.000 DL=0.000 JW=0.000
2026-09-06 12:53:39,776 - INFO - Training Transformer C=10 A=4 N=3500 L=2 U=1024 D=256 run=0
2026-09-06 12:53:49,274 - INFO - Transformer loss=0.0360 acc=1.000 DL=0.000 JW=0.000
2026-09-06 12:53:49,341 - INFO - Training LSTM C=30 A=4 N=3500 L=2 U=128 D=256 run=0
2026-09-06 12:54:33,770 - INFO - LSTM loss=0.0470 acc=1.000 DL=0.000 JW=0.000
2026-09-06 12:54:33,886 - INFO - Training Transformer C=30 A=4 N=3500 L=2 U=1024 D=256 run=0
2026-09-06 12:54:52,517 - INFO - Transformer loss=0.0081 acc=1.000 DL=0.000 JW=0.000
2026-09-06 12:54:52,581 - INFO - Training LSTM C=30 A=4 N=3500 L=2 U=128 D=256 run=0
2026-09-06 12:56:11,978 - INFO - LSTM loss=0.0457 acc=1.000 DL=0.000 JW=0.000
2026-09-06 12:56:12,098 - INFO - Training Transformer C=30 A=4 N=3500 L=2 U=1024 D=256 run=0
2026-09-06 12:56:32,093 - INFO - Transformer loss=0.0282 acc=0.979 DL=0.020 JW=0.014
2026-09-06 12:56:32,162 - INFO - Training LSTM C=50 A=4 N=3500 L=2 U=128 D=256 run=0
2026-09-06 12:57:46,311 - INFO - LSTM loss=0.0495 acc=1.000 DL=0.000 JW=0.000
2026-09-06 12:57:46,428 - INFO - Training Transformer C=50 A=4 N=3500 L=2 U=1024 D=256 run=0
2026-09-06 12:58:30,924 - INFO - Transformer loss=0.0397 acc=0.988 DL=0.030 JW=0.014
2026-09-06 12:58:30,992 - INFO - Training LSTM C=50 A=4 N=3500 L=2 U=128 D=256 run=0
2026-09-06 13:00:03,913 - INFO - LSTM loss=0.0447 acc=1.000 DL=0.000 JW=0.000
2026-09-06 13:00:04,034 - INFO - Training Transformer C=50 A=4 N=3500 L=2 U=1024 D=256 run=0
2026-09-06 13:00:43,613 - INFO - Transformer loss=0.0473 acc=0.979 DL=0.040 JW=0.014
2026-09-06 13:00:43,679 - INFO - Training LSTM C=70 A=4 N=3500 L=2 U=128 D=256 run=0
2026-09-06 13:01:53,560 - INFO - LSTM loss=0.0469 acc=1.000 DL=0.000 JW=0.000
2026-09-06 13:01:53,676 - INFO - Training Transformer C=70 A=4 N=3500 L=2 U=1024 D=256 run=0
2026-09-06 13:02:45,292 - INFO - Transformer loss=0.0162 acc=1.000 DL=0.000 JW=0.000
2026-09-06 13:02:45,356 - INFO - Training LSTM C=70 A=4 N=3500 L=2 U=128 D=256 run=0
2026-09-06 13:04:35,988 - INFO - LSTM loss=0.0551 acc=1.000 DL=0.000 JW=0.000
2026-09-06 13:04:36,105 - INFO - Training Transformer C=70 A=4 N=3500 L=2 U=1024 D=256 run=0
2026-09-06 13:05:26,735 - INFO - Transformer loss=0.0499 acc=0.982 DL=0.000 JW=0.000
2026-09-06 13:05:26,801 - INFO - Training LSTM C=90 A=4 N=3500 L=2 U=128 D=256 run=0
2026-09-06 13:07:07,392 - INFO - LSTM loss=0.0501 acc=1.000 DL=0.000 JW=0.000
2026-09-06 13:07:07,509 - INFO - Training Transformer C=90 A=4 N=3500 L=2 U=1024 D=256 run=0
2026-09-06 13:07:47,150 - INFO - Transformer loss=0.0281 acc=1.000 DL=0.000 JW=0.000
2026-09-06 13:07:47,216 - INFO - Training LSTM C=90 A=4 N=3500 L=2 U=128 D=256 run=0
2026-09-06 13:09:26,785 - INFO - LSTM loss=0.0453 acc=1.000 DL=0.000 JW=0.000
2026-09-06 13:09:26,904 - INFO - Training Transformer C=90 A=4 N=3500 L=2 U=1024 D=256 run=0
2026-09-06 13:10:21,755 - INFO - Transformer loss=0.0245 acc=1.000 DL=0.000 JW=0.000
2026-09-06 13:10:21,796 - INFO - Generating seeds for alphabet size 6
2026-09-06 13:10:21,850 - INFO - Training LSTM C=10 A=6 N=3500 L=2 U=128 D=256 run=0
2026-09-06 13:10:39,918 - INFO - LSTM loss=0.0467 acc=1.000 DL=0.000 JW=0.000
2026-09-06 13:10:40,039 - INFO - Training Transformer C=10 A=6 N=3500 L=2 U=1024 D=256 run=0
2026-09-06 13:10:46,466 - INFO - Transformer loss=0.0034 acc=1.000 DL=0.000 JW=0.000
2026-09-06 13:10:46,531 - INFO - Training LSTM C=10 A=6 N=3500 L=2 U=128 D=256 run=0
2026-09-06 13:11:06,817 - INFO - LSTM loss=0.0444 acc=1.000 DL=0.000 JW=0.000
2026-09-06 13:11:06,935 - INFO - Training Transformer C=10 A=6 N=3500 L=2 U=1024 D=256 run=0
2026-09-06 13:11:13,328 - INFO - Transformer loss=0.0057 acc=1.000 DL=0.000 JW=0.000
2026-09-06 13:11:13,398 - INFO - Training LSTM C=30 A=6 N=3500 L=2 U=128 D=256 run=0
2026-09-06 13:12:12,015 - INFO - LSTM loss=0.0473 acc=1.000 DL=0.000 JW=0.000
2026-09-06 13:12:12,135 - INFO - Training Transformer C=30 A=6 N=3500 L=2 U=1024 D=256 run=0
2026-09-06 13:12:24,616 - INFO - Transformer loss=0.0170 acc=1.000 DL=0.000 JW=0.000
2026-09-06 13:12:24,683 - INFO - Training LSTM C=30 A=6 N=3500 L=2 U=128 D=256 run=0
2026-09-06 13:13:04,282 - INFO - LSTM loss=0.0491 acc=1.000 DL=0.000 JW=0.000
2026-09-06 13:13:04,399 - INFO - Training Transformer C=30 A=6 N=3500 L=2 U=1024 D=256 run=0
2026-09-06 13:13:18,327 - INFO - Transformer loss=0.0083 acc=1.000 DL=0.000 JW=0.000
2026-09-06 13:13:18,395 - INFO - Training LSTM C=50 A=6 N=3500 L=2 U=128 D=256 run=0
2026-09-06 13:15:38,109 - INFO - LSTM loss=0.0485 acc=1.000 DL=0.000 JW=0.000
2026-09-06 13:15:38,226 - INFO - Training Transformer C=50 A=6 N=3500 L=2 U=1024 D=256 run=0
2026-09-06 13:15:55,198 - INFO - Transformer loss=0.0219 acc=1.000 DL=0.000 JW=0.000
2026-09-06 13:15:55,269 - INFO - Training LSTM C=50 A=6 N=3500 L=2 U=128 D=256 run=0
2026-09-06 13:18:13,332 - INFO - LSTM loss=0.0469 acc=1.000 DL=0.000 JW=0.000
2026-09-06 13:18:13,452 - INFO - Training Transformer C=50 A=6 N=3500 L=2 U=1024 D=256 run=0
2026-09-06 13:18:31,940 - INFO - Transformer loss=0.0167 acc=1.000 DL=0.000 JW=0.000
2026-09-06 13:18:32,010 - INFO - Training LSTM C=70 A=6 N=3500 L=2 U=128 D=256 run=0
2026-09-06 13:19:57,644 - INFO - LSTM loss=0.0496 acc=1.000 DL=0.000 JW=0.000
2026-09-06 13:19:57,761 - INFO - Training Transformer C=70 A=6 N=3500 L=2 U=1024 D=256 run=0
2026-09-06 13:20:23,787 - INFO - Transformer loss=0.0441 acc=1.000 DL=0.000 JW=0.000
2026-09-06 13:20:23,855 - INFO - Training LSTM C=70 A=6 N=3500 L=2 U=128 D=256 run=0
2026-09-06 13:21:44,019 - INFO - LSTM loss=0.0477 acc=1.000 DL=0.000 JW=0.000
2026-09-06 13:21:44,137 - INFO - Training Transformer C=70 A=6 N=3500 L=2 U=1024 D=256 run=0
2026-09-06 13:22:04,127 - INFO - Transformer loss=0.0443 acc=1.000 DL=0.000 JW=0.000
2026-09-06 13:22:04,196 - INFO - Training LSTM C=90 A=6 N=3500 L=2 U=128 D=256 run=0
2026-09-06 13:24:08,568 - INFO - LSTM loss=0.0469 acc=1.000 DL=0.000 JW=0.000
2026-09-06 13:24:08,861 - INFO - Training Transformer C=90 A=6 N=3500 L=2 U=1024 D=256 run=0
2026-09-06 13:24:36,632 - INFO - Transformer loss=0.0355 acc=0.994 DL=0.040 JW=0.018
2026-09-06 13:24:36,701 - INFO - Training LSTM C=90 A=6 N=3500 L=2 U=128 D=256 run=0
2026-09-06 13:26:15,714 - INFO - LSTM loss=0.0462 acc=1.000 DL=0.000 JW=0.000
2026-09-06 13:26:15,834 - INFO - Training Transformer C=90 A=6 N=3500 L=2 U=1024 D=256 run=0
2026-09-06 13:26:43,521 - INFO - Transformer loss=0.0329 acc=0.994 DL=0.000 JW=0.000
2026-09-06 13:26:43,561 - INFO - Generating seeds for alphabet size 8
2026-09-06 13:26:43,614 - INFO - Training LSTM C=10 A=8 N=3500 L=2 U=128 D=256 run=0
2026-09-06 13:27:01,652 - INFO - LSTM loss=0.0458 acc=1.000 DL=0.000 JW=0.000
2026-09-06 13:27:01,768 - INFO - Training Transformer C=10 A=8 N=3500 L=2 U=1024 D=256 run=0
2026-09-06 13:27:08,157 - INFO - Transformer loss=0.0025 acc=1.000 DL=0.000 JW=0.000
2026-09-06 13:27:08,222 - INFO - Training LSTM C=10 A=8 N=3500 L=2 U=128 D=256 run=0
2026-09-06 13:27:29,804 - INFO - LSTM loss=0.0488 acc=1.000 DL=0.000 JW=0.000
2026-09-06 13:27:29,925 - INFO - Training Transformer C=10 A=8 N=3500 L=2 U=1024 D=256 run=0
2026-09-06 13:27:34,805 - INFO - Transformer loss=0.0046 acc=1.000 DL=0.000 JW=0.000
2026-09-06 13:27:34,877 - INFO - Training LSTM C=30 A=8 N=3500 L=2 U=128 D=256 run=0
2026-09-06 13:28:39,594 - INFO - LSTM loss=0.0716 acc=1.000 DL=0.000 JW=0.000
2026-09-06 13:28:39,710 - INFO - Training Transformer C=30 A=8 N=3500 L=2 U=1024 D=256 run=0
2026-09-06 13:28:52,236 - INFO - Transformer loss=0.0094 acc=1.000 DL=0.000 JW=0.000
2026-09-06 13:28:52,304 - INFO - Training LSTM C=30 A=8 N=3500 L=2 U=128 D=256 run=0
2026-09-06 13:29:47,258 - INFO - LSTM loss=0.0636 acc=1.000 DL=0.000 JW=0.000
2026-09-06 13:29:47,378 - INFO - Training Transformer C=30 A=8 N=3500 L=2 U=1024 D=256 run=0
2026-09-06 13:29:59,915 - INFO - Transformer loss=0.0330 acc=1.000 DL=0.000 JW=0.000
2026-09-06 13:29:59,989 - INFO - Training LSTM C=50 A=8 N=3500 L=2 U=128 D=256 run=0
2026-09-06 13:31:40,016 - INFO - LSTM loss=0.0494 acc=1.000 DL=0.000 JW=0.000
2026-09-06 13:31:40,136 - INFO - Training Transformer C=50 A=8 N=3500 L=2 U=1024 D=256 run=0
2026-09-06 13:31:55,747 - INFO - Transformer loss=0.0355 acc=0.985 DL=0.040 JW=0.028
2026-09-06 13:31:55,816 - INFO - Training LSTM C=50 A=8 N=3500 L=2 U=128 D=256 run=0
2026-09-06 13:34:17,417 - INFO - LSTM loss=0.0496 acc=1.000 DL=0.000 JW=0.000
2026-09-06 13:34:17,536 - INFO - Training Transformer C=50 A=8 N=3500 L=2 U=1024 D=256 run=0
2026-09-06 13:34:33,078 - INFO - Transformer loss=0.0294 acc=0.985 DL=0.020 JW=0.018
2026-09-06 13:34:33,149 - INFO - Training LSTM C=70 A=8 N=3500 L=2 U=128 D=256 run=0
2026-09-06 13:36:28,647 - INFO - LSTM loss=0.1478 acc=0.991 DL=0.010 JW=0.006
2026-09-06 13:36:28,767 - INFO - Training Transformer C=70 A=8 N=3500 L=2 U=1024 D=256 run=0
2026-09-06 13:36:45,879 - INFO - Transformer loss=0.0176 acc=1.000 DL=0.000 JW=0.000
2026-09-06 13:36:45,951 - INFO - Training LSTM C=70 A=8 N=3500 L=2 U=128 D=256 run=0
2026-09-06 13:38:26,536 - INFO - LSTM loss=0.1906 acc=0.991 DL=0.010 JW=0.006
2026-09-06 13:38:26,653 - INFO - Training Transformer C=70 A=8 N=3500 L=2 U=1024 D=256 run=0
2026-09-06 13:38:42,252 - INFO - Transformer loss=0.0247 acc=1.000 DL=0.000 JW=0.000
2026-09-06 13:38:42,320 - INFO - Training LSTM C=90 A=8 N=3500 L=2 U=128 D=256 run=0
2026-09-06 13:40:49,126 - INFO - LSTM loss=0.0549 acc=1.000 DL=0.000 JW=0.000
2026-09-06 13:40:49,244 - INFO - Training Transformer C=90 A=8 N=3500 L=2 U=1024 D=256 run=0
2026-09-06 13:41:10,751 - INFO - Transformer loss=0.0245 acc=0.994 DL=0.020 JW=0.002
2026-09-06 13:41:10,819 - INFO - Training LSTM C=90 A=8 N=3500 L=2 U=128 D=256 run=0
2026-09-06 13:43:08,022 - INFO - LSTM loss=0.0467 acc=1.000 DL=0.000 JW=0.000
2026-09-06 13:43:08,140 - INFO - Training Transformer C=90 A=8 N=3500 L=2 U=1024 D=256 run=0
2026-09-06 13:43:26,762 - INFO - Transformer loss=0.0316 acc=0.991 DL=0.030 JW=0.018
2026-09-06 13:43:26,802 - INFO - Selected 80/640 configurations for this task
