2026-09-04 05:46:54,046 - INFO - Generating seeds for alphabet size 2
2026-09-04 05:46:54,292 - INFO - Training minLSTM C=10 A=2 N=3500 L=2 U=128 D=256 run=1
2026-09-04 05:48:49,208 - INFO - minLSTM loss=0.0404 acc=1.000 DL=0.000 JW=0.000
2026-09-04 05:48:49,486 - INFO - Training RWKV C=10 A=2 N=3500 L=2 U=1024 D=256 run=1
2026-09-04 05:49:11,479 - INFO - RWKV loss=0.0066 acc=1.000 DL=0.000 JW=0.000
2026-09-04 05:49:11,506 - INFO - Training minLSTM C=10 A=2 N=3500 L=2 U=128 D=256 run=1
2026-09-04 05:50:38,167 - INFO - minLSTM loss=0.1353 acc=0.939 DL=0.140 JW=0.039
2026-09-04 05:50:38,280 - INFO - Training RWKV C=10 A=2 N=3500 L=2 U=1024 D=256 run=1
2026-09-04 05:50:55,856 - INFO - RWKV loss=0.0346 acc=1.000 DL=0.000 JW=0.000
2026-09-04 05:50:55,892 - INFO - Training minLSTM C=30 A=2 N=3500 L=2 U=128 D=256 run=1
2026-09-04 05:56:57,799 - INFO - minLSTM loss=0.2724 acc=0.876 DL=0.160 JW=0.060
2026-09-04 05:56:57,912 - INFO - Training RWKV C=30 A=2 N=3500 L=2 U=1024 D=256 run=1
2026-09-04 05:58:42,236 - INFO - RWKV loss=0.0417 acc=0.976 DL=0.230 JW=0.111
2026-09-04 05:58:42,263 - INFO - Training minLSTM C=30 A=2 N=3500 L=2 U=128 D=256 run=1
2026-09-04 06:07:34,644 - INFO - minLSTM loss=0.3730 acc=0.833 DL=0.310 JW=0.130
2026-09-04 06:07:34,755 - INFO - Training RWKV C=30 A=2 N=3500 L=2 U=1024 D=256 run=1
2026-09-04 06:08:47,766 - INFO - RWKV loss=0.0510 acc=0.973 DL=0.200 JW=0.096
2026-09-04 06:08:47,793 - INFO - Training minLSTM C=50 A=2 N=3500 L=2 U=128 D=256 run=1
2026-09-04 06:17:41,931 - INFO - minLSTM loss=0.4622 acc=0.794 DL=0.270 JW=0.062
2026-09-04 06:17:42,038 - INFO - Training RWKV C=50 A=2 N=3500 L=2 U=1024 D=256 run=1
2026-09-04 06:19:48,862 - INFO - RWKV loss=0.0528 acc=0.982 DL=0.280 JW=0.058
2026-09-04 06:19:48,891 - INFO - Training minLSTM C=50 A=2 N=3500 L=2 U=128 D=256 run=1
2026-09-04 06:23:30,714 - INFO - minLSTM loss=0.6064 acc=0.645 DL=0.390 JW=0.093
2026-09-04 06:23:30,825 - INFO - Training RWKV C=50 A=2 N=3500 L=2 U=1024 D=256 run=1
2026-09-04 06:26:23,258 - INFO - RWKV loss=0.0575 acc=0.979 DL=0.160 JW=0.043
2026-09-04 06:26:23,286 - INFO - Training minLSTM C=70 A=2 N=3500 L=2 U=128 D=256 run=1
2026-09-04 06:31:54,959 - INFO - minLSTM loss=0.6271 acc=0.633 DL=0.320 JW=0.154
2026-09-04 06:31:55,069 - INFO - Training RWKV C=70 A=2 N=3500 L=2 U=1024 D=256 run=1
2026-09-04 06:35:15,948 - INFO - RWKV loss=0.0588 acc=0.970 DL=0.240 JW=0.041
2026-09-04 06:35:15,976 - INFO - Training minLSTM C=70 A=2 N=3500 L=2 U=128 D=256 run=1
2026-09-04 06:44:36,235 - INFO - minLSTM loss=0.5567 acc=0.739 DL=0.300 JW=0.140
2026-09-04 06:44:36,355 - INFO - Training RWKV C=70 A=2 N=3500 L=2 U=1024 D=256 run=1
2026-09-04 06:47:57,904 - INFO - RWKV loss=0.0436 acc=0.973 DL=0.230 JW=0.075
2026-09-04 06:47:57,935 - INFO - Training minLSTM C=90 A=2 N=3500 L=2 U=128 D=256 run=1
2026-09-04 06:56:46,493 - INFO - minLSTM loss=0.6405 acc=0.579 DL=0.410 JW=0.093
2026-09-04 06:56:46,615 - INFO - Training RWKV C=90 A=2 N=3500 L=2 U=1024 D=256 run=1
2026-09-04 07:01:48,742 - INFO - RWKV loss=0.0640 acc=0.973 DL=0.230 JW=0.034
2026-09-04 07:01:48,769 - INFO - Training minLSTM C=90 A=2 N=3500 L=2 U=128 D=256 run=1
2026-09-04 07:04:51,550 - INFO - minLSTM loss=0.6734 acc=0.588 DL=0.300 JW=0.136
2026-09-04 07:04:51,662 - INFO - Training RWKV C=90 A=2 N=3500 L=2 U=1024 D=256 run=1
2026-09-04 07:06:16,906 - INFO - RWKV loss=0.6259 acc=0.642 DL=0.290 JW=0.077
2026-09-04 07:06:16,906 - INFO - Generating seeds for alphabet size 4
2026-09-04 07:06:16,970 - INFO - Training minLSTM C=10 A=4 N=3500 L=2 U=128 D=256 run=1
2026-09-04 07:06:35,169 - INFO - minLSTM loss=0.0265 acc=1.000 DL=0.000 JW=0.000
2026-09-04 07:06:35,279 - INFO - Training RWKV C=10 A=4 N=3500 L=2 U=1024 D=256 run=1
2026-09-04 07:06:39,366 - INFO - RWKV loss=0.0032 acc=1.000 DL=0.000 JW=0.000
2026-09-04 07:06:39,395 - INFO - Training minLSTM C=10 A=4 N=3500 L=2 U=128 D=256 run=1
2026-09-04 07:07:00,089 - INFO - minLSTM loss=0.0320 acc=1.000 DL=0.000 JW=0.000
2026-09-04 07:07:00,199 - INFO - Training RWKV C=10 A=4 N=3500 L=2 U=1024 D=256 run=1
2026-09-04 07:07:04,305 - INFO - RWKV loss=0.0030 acc=1.000 DL=0.000 JW=0.000
2026-09-04 07:07:04,333 - INFO - Training minLSTM C=30 A=4 N=3500 L=2 U=128 D=256 run=1
2026-09-04 07:08:38,620 - INFO - minLSTM loss=0.0409 acc=1.000 DL=0.000 JW=0.000
2026-09-04 07:08:38,728 - INFO - Training RWKV C=30 A=4 N=3500 L=2 U=1024 D=256 run=1
2026-09-04 07:08:47,194 - INFO - RWKV loss=0.0126 acc=1.000 DL=0.000 JW=0.000
2026-09-04 07:08:47,222 - INFO - Training minLSTM C=30 A=4 N=3500 L=2 U=128 D=256 run=1
2026-09-04 07:10:25,848 - INFO - minLSTM loss=0.0359 acc=1.000 DL=0.000 JW=0.000
2026-09-04 07:10:25,964 - INFO - Training RWKV C=30 A=4 N=3500 L=2 U=1024 D=256 run=1
2026-09-04 07:10:36,049 - INFO - RWKV loss=0.0408 acc=0.979 DL=0.040 JW=0.051
2026-09-04 07:10:36,078 - INFO - Training minLSTM C=50 A=4 N=3500 L=2 U=128 D=256 run=1
2026-09-04 07:13:51,156 - INFO - minLSTM loss=0.0456 acc=1.000 DL=0.000 JW=0.000
2026-09-04 07:13:51,266 - INFO - Training RWKV C=50 A=4 N=3500 L=2 U=1024 D=256 run=1
2026-09-04 07:14:11,254 - INFO - RWKV loss=0.0330 acc=0.988 DL=0.270 JW=0.058
2026-09-04 07:14:11,282 - INFO - Training minLSTM C=50 A=4 N=3500 L=2 U=128 D=256 run=1
2026-09-04 07:17:19,186 - INFO - minLSTM loss=0.0448 acc=1.000 DL=0.000 JW=0.000
2026-09-04 07:17:19,298 - INFO - Training RWKV C=50 A=4 N=3500 L=2 U=1024 D=256 run=1
2026-09-04 07:17:33,751 - INFO - RWKV loss=0.0149 acc=1.000 DL=0.000 JW=0.000
2026-09-04 07:17:33,780 - INFO - Training minLSTM C=70 A=4 N=3500 L=2 U=128 D=256 run=1
2026-09-04 07:21:53,997 - INFO - minLSTM loss=0.0488 acc=1.000 DL=0.000 JW=0.000
2026-09-04 07:21:54,110 - INFO - Training RWKV C=70 A=4 N=3500 L=2 U=1024 D=256 run=1
2026-09-04 07:22:13,158 - INFO - RWKV loss=0.0530 acc=0.976 DL=0.050 JW=0.018
2026-09-04 07:22:13,187 - INFO - Training minLSTM C=70 A=4 N=3500 L=2 U=128 D=256 run=1
2026-09-04 07:26:30,116 - INFO - minLSTM loss=0.0452 acc=1.000 DL=0.000 JW=0.000
2026-09-04 07:26:30,231 - INFO - Training RWKV C=70 A=4 N=3500 L=2 U=1024 D=256 run=1
2026-09-04 07:26:48,740 - INFO - RWKV loss=0.0464 acc=0.985 DL=0.020 JW=0.067
2026-09-04 07:26:48,769 - INFO - Training minLSTM C=90 A=4 N=3500 L=2 U=128 D=256 run=1
2026-09-04 07:33:03,947 - INFO - minLSTM loss=0.0487 acc=1.000 DL=0.000 JW=0.000
2026-09-04 07:33:04,058 - INFO - Training RWKV C=90 A=4 N=3500 L=2 U=1024 D=256 run=1
2026-09-04 07:33:28,493 - INFO - RWKV loss=0.0466 acc=0.994 DL=0.000 JW=0.000
2026-09-04 07:33:28,522 - INFO - Training minLSTM C=90 A=4 N=3500 L=2 U=128 D=256 run=1
2026-09-04 07:40:04,189 - INFO - minLSTM loss=0.0468 acc=1.000 DL=0.000 JW=0.000
2026-09-04 07:40:04,301 - INFO - Training RWKV C=90 A=4 N=3500 L=2 U=1024 D=256 run=1
2026-09-04 07:40:32,985 - INFO - RWKV loss=0.0476 acc=0.979 DL=0.290 JW=0.052
2026-09-04 07:40:32,985 - INFO - Generating seeds for alphabet size 6
2026-09-04 07:40:33,039 - INFO - Training minLSTM C=10 A=6 N=3500 L=2 U=128 D=256 run=1
2026-09-04 07:40:43,217 - INFO - minLSTM loss=0.0452 acc=1.000 DL=0.000 JW=0.000
2026-09-04 07:40:43,325 - INFO - Training RWKV C=10 A=6 N=3500 L=2 U=1024 D=256 run=1
2026-09-04 07:40:45,950 - INFO - RWKV loss=0.0062 acc=1.000 DL=0.000 JW=0.000
2026-09-04 07:40:45,978 - INFO - Training minLSTM C=10 A=6 N=3500 L=2 U=128 D=256 run=1
2026-09-04 07:40:58,715 - INFO - minLSTM loss=0.0455 acc=1.000 DL=0.000 JW=0.000
2026-09-04 07:40:58,824 - INFO - Training RWKV C=10 A=6 N=3500 L=2 U=1024 D=256 run=1
2026-09-04 07:41:01,428 - INFO - RWKV loss=0.0143 acc=1.000 DL=0.000 JW=0.000
2026-09-04 07:41:01,457 - INFO - Training minLSTM C=30 A=6 N=3500 L=2 U=128 D=256 run=1
2026-09-04 07:41:48,245 - INFO - minLSTM loss=0.0420 acc=1.000 DL=0.000 JW=0.000
2026-09-04 07:41:48,359 - INFO - Training RWKV C=30 A=6 N=3500 L=2 U=1024 D=256 run=1
2026-09-04 07:41:52,439 - INFO - RWKV loss=0.0379 acc=1.000 DL=0.000 JW=0.000
2026-09-04 07:41:52,467 - INFO - Training minLSTM C=30 A=6 N=3500 L=2 U=128 D=256 run=1
2026-09-04 07:42:46,995 - INFO - minLSTM loss=0.0398 acc=1.000 DL=0.000 JW=0.000
2026-09-04 07:42:47,104 - INFO - Training RWKV C=30 A=6 N=3500 L=2 U=1024 D=256 run=1
2026-09-04 07:42:52,653 - INFO - RWKV loss=0.0087 acc=1.000 DL=0.000 JW=0.000
2026-09-04 07:42:52,685 - INFO - Training minLSTM C=50 A=6 N=3500 L=2 U=128 D=256 run=1
2026-09-04 07:44:27,295 - INFO - minLSTM loss=0.0504 acc=1.000 DL=0.000 JW=0.000
2026-09-04 07:44:27,406 - INFO - Training RWKV C=50 A=6 N=3500 L=2 U=1024 D=256 run=1
2026-09-04 07:44:41,939 - INFO - RWKV loss=0.0326 acc=1.000 DL=0.000 JW=0.000
2026-09-04 07:44:41,968 - INFO - Training minLSTM C=50 A=6 N=3500 L=2 U=128 D=256 run=1
2026-09-04 07:46:11,183 - INFO - minLSTM loss=0.0446 acc=1.000 DL=0.000 JW=0.000
2026-09-04 07:46:11,295 - INFO - Training RWKV C=50 A=6 N=3500 L=2 U=1024 D=256 run=1
2026-09-04 07:46:18,305 - INFO - RWKV loss=0.0122 acc=1.000 DL=0.000 JW=0.000
2026-09-04 07:46:18,335 - INFO - Training minLSTM C=70 A=6 N=3500 L=2 U=128 D=256 run=1
2026-09-04 07:48:39,036 - INFO - minLSTM loss=0.0401 acc=1.000 DL=0.000 JW=0.000
2026-09-04 07:48:39,148 - INFO - Training RWKV C=70 A=6 N=3500 L=2 U=1024 D=256 run=1
2026-09-04 07:48:51,932 - INFO - RWKV loss=0.0293 acc=0.991 DL=0.170 JW=0.033
2026-09-04 07:48:51,961 - INFO - Training minLSTM C=70 A=6 N=3500 L=2 U=128 D=256 run=1
2026-09-04 07:50:57,944 - INFO - minLSTM loss=0.0476 acc=1.000 DL=0.000 JW=0.000
2026-09-04 07:50:58,057 - INFO - Training RWKV C=70 A=6 N=3500 L=2 U=1024 D=256 run=1
2026-09-04 07:51:07,942 - INFO - RWKV loss=0.0116 acc=1.000 DL=0.000 JW=0.000
2026-09-04 07:51:07,972 - INFO - Training minLSTM C=90 A=6 N=3500 L=2 U=128 D=256 run=1
2026-09-04 07:54:16,154 - INFO - minLSTM loss=0.0442 acc=1.000 DL=0.000 JW=0.000
2026-09-04 07:54:16,268 - INFO - Training RWKV C=90 A=6 N=3500 L=2 U=1024 D=256 run=1
2026-09-04 07:54:30,590 - INFO - RWKV loss=0.0178 acc=1.000 DL=0.000 JW=0.000
2026-09-04 07:54:30,619 - INFO - Training minLSTM C=90 A=6 N=3500 L=2 U=128 D=256 run=1
2026-09-04 07:57:35,088 - INFO - minLSTM loss=0.0479 acc=1.000 DL=0.000 JW=0.000
2026-09-04 07:57:35,198 - INFO - Training RWKV C=90 A=6 N=3500 L=2 U=1024 D=256 run=1
2026-09-04 07:57:48,058 - INFO - RWKV loss=0.0262 acc=1.000 DL=0.000 JW=0.000
2026-09-04 07:57:48,058 - INFO - Generating seeds for alphabet size 8
2026-09-04 07:57:48,111 - INFO - Training minLSTM C=10 A=8 N=3500 L=2 U=128 D=256 run=1
2026-09-04 07:58:00,897 - INFO - minLSTM loss=0.0399 acc=1.000 DL=0.000 JW=0.000
2026-09-04 07:58:01,007 - INFO - Training RWKV C=10 A=8 N=3500 L=2 U=1024 D=256 run=1
2026-09-04 07:58:03,647 - INFO - RWKV loss=0.0052 acc=1.000 DL=0.000 JW=0.000
2026-09-04 07:58:03,677 - INFO - Training minLSTM C=10 A=8 N=3500 L=2 U=128 D=256 run=1
2026-09-04 07:58:16,587 - INFO - minLSTM loss=0.0368 acc=1.000 DL=0.000 JW=0.000
2026-09-04 07:58:16,697 - INFO - Training RWKV C=10 A=8 N=3500 L=2 U=1024 D=256 run=1
2026-09-04 07:58:19,325 - INFO - RWKV loss=0.0086 acc=1.000 DL=0.000 JW=0.000
2026-09-04 07:58:19,355 - INFO - Training minLSTM C=30 A=8 N=3500 L=2 U=128 D=256 run=1
2026-09-04 07:59:03,338 - INFO - minLSTM loss=0.0487 acc=1.000 DL=0.000 JW=0.000
2026-09-04 07:59:03,451 - INFO - Training RWKV C=30 A=8 N=3500 L=2 U=1024 D=256 run=1
2026-09-04 07:59:07,537 - INFO - RWKV loss=0.0254 acc=1.000 DL=0.000 JW=0.000
2026-09-04 07:59:07,566 - INFO - Training minLSTM C=30 A=8 N=3500 L=2 U=128 D=256 run=1
2026-09-04 07:59:54,698 - INFO - minLSTM loss=0.0411 acc=1.000 DL=0.000 JW=0.000
2026-09-04 07:59:54,811 - INFO - Training RWKV C=30 A=8 N=3500 L=2 U=1024 D=256 run=1
2026-09-04 07:59:58,994 - INFO - RWKV loss=0.0202 acc=1.000 DL=0.000 JW=0.000
2026-09-04 07:59:59,025 - INFO - Training minLSTM C=50 A=8 N=3500 L=2 U=128 D=256 run=1
2026-09-04 08:01:31,049 - INFO - minLSTM loss=0.0453 acc=1.000 DL=0.000 JW=0.000
2026-09-04 08:01:31,162 - INFO - Training RWKV C=50 A=8 N=3500 L=2 U=1024 D=256 run=1
2026-09-04 08:01:38,390 - INFO - RWKV loss=0.0218 acc=1.000 DL=0.000 JW=0.000
2026-09-04 08:01:38,420 - INFO - Training minLSTM C=50 A=8 N=3500 L=2 U=128 D=256 run=1
2026-09-04 08:02:52,303 - INFO - minLSTM loss=0.0482 acc=1.000 DL=0.000 JW=0.000
2026-09-04 08:02:52,413 - INFO - Training RWKV C=50 A=8 N=3500 L=2 U=1024 D=256 run=1
2026-09-04 08:02:59,456 - INFO - RWKV loss=0.0103 acc=1.000 DL=0.000 JW=0.000
2026-09-04 08:02:59,488 - INFO - Training minLSTM C=70 A=8 N=3500 L=2 U=128 D=256 run=1
2026-09-04 08:04:44,244 - INFO - minLSTM loss=0.0418 acc=1.000 DL=0.000 JW=0.000
2026-09-04 08:04:44,354 - INFO - Training RWKV C=70 A=8 N=3500 L=2 U=1024 D=256 run=1
2026-09-04 08:04:52,977 - INFO - RWKV loss=0.0146 acc=1.000 DL=0.000 JW=0.000
2026-09-04 08:04:53,007 - INFO - Training minLSTM C=70 A=8 N=3500 L=2 U=128 D=256 run=1
2026-09-04 08:06:29,786 - INFO - minLSTM loss=0.0501 acc=1.000 DL=0.000 JW=0.000
2026-09-04 08:06:29,901 - INFO - Training RWKV C=70 A=8 N=3500 L=2 U=1024 D=256 run=1
2026-09-04 08:06:37,111 - INFO - RWKV loss=0.0399 acc=0.991 DL=0.360 JW=0.095
2026-09-04 08:06:37,142 - INFO - Training minLSTM C=90 A=8 N=3500 L=2 U=128 D=256 run=1
2026-09-04 08:08:51,382 - INFO - minLSTM loss=0.0468 acc=1.000 DL=0.000 JW=0.000
2026-09-04 08:08:51,500 - INFO - Training RWKV C=90 A=8 N=3500 L=2 U=1024 D=256 run=1
2026-09-04 08:09:00,298 - INFO - RWKV loss=0.0277 acc=1.000 DL=0.000 JW=0.000
2026-09-04 08:09:00,329 - INFO - Training minLSTM C=90 A=8 N=3500 L=2 U=128 D=256 run=1
2026-09-04 08:11:04,902 - INFO - minLSTM loss=0.0477 acc=1.000 DL=0.000 JW=0.000
2026-09-04 08:11:05,018 - INFO - Training RWKV C=90 A=8 N=3500 L=2 U=1024 D=256 run=1
2026-09-04 08:11:13,695 - INFO - RWKV loss=0.0249 acc=1.000 DL=0.000 JW=0.000
2026-09-04 08:11:13,695 - INFO - Selected 80/640 configurations for this task
