2026-09-04 05:21:22,219 - INFO - Generating seeds for alphabet size 2
2026-09-04 05:21:22,500 - INFO - Training minGRU C=10 A=2 N=3500 L=2 U=128 D=256 run=0
2026-09-04 05:21:32,416 - INFO - minGRU loss=0.0488 acc=1.000 DL=0.000 JW=0.000
2026-09-04 05:21:32,670 - INFO - Training Performer C=10 A=2 N=3500 L=2 U=1024 D=256 run=0
2026-09-04 05:22:27,070 - INFO - Performer loss=0.0010 acc=1.000 DL=0.000 JW=0.000
2026-09-04 05:22:27,109 - INFO - Training minGRU C=10 A=2 N=3500 L=2 U=128 D=256 run=0
2026-09-04 05:22:32,813 - INFO - minGRU loss=0.1221 acc=0.939 DL=0.130 JW=0.039
2026-09-04 05:22:32,916 - INFO - Training Performer C=10 A=2 N=3500 L=2 U=1024 D=256 run=0
2026-09-04 05:23:07,675 - INFO - Performer loss=0.0007 acc=1.000 DL=0.000 JW=0.000
2026-09-04 05:23:07,712 - INFO - Training minGRU C=30 A=2 N=3500 L=2 U=128 D=256 run=0
2026-09-04 05:23:29,236 - INFO - minGRU loss=0.2025 acc=0.900 DL=0.180 JW=0.049
2026-09-04 05:23:29,345 - INFO - Training Performer C=30 A=2 N=3500 L=2 U=1024 D=256 run=0
2026-09-04 05:24:10,229 - INFO - Performer loss=0.0368 acc=1.000 DL=0.000 JW=0.000
2026-09-04 05:24:10,266 - INFO - Training minGRU C=30 A=2 N=3500 L=2 U=128 D=256 run=0
2026-09-04 05:24:30,108 - INFO - minGRU loss=0.3545 acc=0.867 DL=0.400 JW=0.209
2026-09-04 05:24:30,213 - INFO - Training Performer C=30 A=2 N=3500 L=2 U=1024 D=256 run=0
2026-09-04 05:24:59,624 - INFO - Performer loss=0.0221 acc=1.000 DL=0.000 JW=0.000
2026-09-04 05:24:59,827 - INFO - Training minGRU C=50 A=2 N=3500 L=2 U=128 D=256 run=0
2026-09-04 05:25:21,322 - INFO - minGRU loss=0.5192 acc=0.742 DL=0.270 JW=0.077
2026-09-04 05:25:21,431 - INFO - Training Performer C=50 A=2 N=3500 L=2 U=1024 D=256 run=0
2026-09-04 05:28:03,532 - INFO - Performer loss=0.4659 acc=0.755 DL=0.190 JW=0.048
2026-09-04 05:28:03,571 - INFO - Training minGRU C=50 A=2 N=3500 L=2 U=128 D=256 run=0
2026-09-04 05:28:24,986 - INFO - minGRU loss=0.5009 acc=0.742 DL=0.320 JW=0.095
2026-09-04 05:28:25,101 - INFO - Training Performer C=50 A=2 N=3500 L=2 U=1024 D=256 run=0
2026-09-04 05:30:55,709 - INFO - Performer loss=0.5223 acc=0.712 DL=0.200 JW=0.061
2026-09-04 05:30:55,898 - INFO - Training minGRU C=70 A=2 N=3500 L=2 U=128 D=256 run=0
2026-09-04 05:31:16,711 - INFO - minGRU loss=0.6079 acc=0.667 DL=0.330 JW=0.182
2026-09-04 05:31:16,819 - INFO - Training Performer C=70 A=2 N=3500 L=2 U=1024 D=256 run=0
2026-09-04 05:33:50,569 - INFO - Performer loss=0.6364 acc=0.645 DL=0.280 JW=0.069
2026-09-04 05:33:50,604 - INFO - Training minGRU C=70 A=2 N=3500 L=2 U=128 D=256 run=0
2026-09-04 05:33:51,867 - INFO - minGRU loss=0.6986 acc=0.512 DL=0.410 JW=0.219
2026-09-04 05:33:51,979 - INFO - Training Performer C=70 A=2 N=3500 L=2 U=1024 D=256 run=0
2026-09-04 05:35:47,165 - INFO - Performer loss=0.6172 acc=0.664 DL=0.360 JW=0.053
2026-09-04 05:35:47,202 - INFO - Training minGRU C=90 A=2 N=3500 L=2 U=128 D=256 run=0
2026-09-04 05:36:08,756 - INFO - minGRU loss=0.6470 acc=0.558 DL=0.330 JW=0.100
2026-09-04 05:36:08,875 - INFO - Training Performer C=90 A=2 N=3500 L=2 U=1024 D=256 run=0
2026-09-04 05:38:32,704 - INFO - Performer loss=0.6273 acc=0.642 DL=0.260 JW=0.073
2026-09-04 05:38:32,748 - INFO - Training minGRU C=90 A=2 N=3500 L=2 U=128 D=256 run=0
2026-09-04 05:38:42,071 - INFO - minGRU loss=0.6752 acc=0.582 DL=0.300 JW=0.117
2026-09-04 05:38:42,176 - INFO - Training Performer C=90 A=2 N=3500 L=2 U=1024 D=256 run=0
2026-09-04 05:41:02,563 - INFO - Performer loss=0.6219 acc=0.664 DL=0.320 JW=0.099
2026-09-04 05:41:02,573 - INFO - Generating seeds for alphabet size 4
2026-09-04 05:41:02,636 - INFO - Training minGRU C=10 A=4 N=3500 L=2 U=128 D=256 run=0
2026-09-04 05:41:03,807 - INFO - minGRU loss=0.0442 acc=1.000 DL=0.000 JW=0.000
2026-09-04 05:41:03,920 - INFO - Training Performer C=10 A=4 N=3500 L=2 U=1024 D=256 run=0
2026-09-04 05:41:21,702 - INFO - Performer loss=0.0401 acc=1.000 DL=0.000 JW=0.000
2026-09-04 05:41:21,741 - INFO - Training minGRU C=10 A=4 N=3500 L=2 U=128 D=256 run=0
2026-09-04 05:41:22,924 - INFO - minGRU loss=0.0316 acc=1.000 DL=0.000 JW=0.000
2026-09-04 05:41:23,033 - INFO - Training Performer C=10 A=4 N=3500 L=2 U=1024 D=256 run=0
2026-09-04 05:41:46,707 - INFO - Performer loss=0.0348 acc=1.000 DL=0.000 JW=0.000
2026-09-04 05:41:46,746 - INFO - Training minGRU C=30 A=4 N=3500 L=2 U=128 D=256 run=0
2026-09-04 05:41:52,109 - INFO - minGRU loss=0.0446 acc=1.000 DL=0.000 JW=0.000
2026-09-04 05:41:52,216 - INFO - Training Performer C=30 A=4 N=3500 L=2 U=1024 D=256 run=0
2026-09-04 05:43:42,004 - INFO - Performer loss=0.0288 acc=1.000 DL=0.000 JW=0.000
2026-09-04 05:43:42,040 - INFO - Training minGRU C=30 A=4 N=3500 L=2 U=128 D=256 run=0
2026-09-04 05:43:47,165 - INFO - minGRU loss=0.0441 acc=1.000 DL=0.000 JW=0.000
2026-09-04 05:43:47,270 - INFO - Training Performer C=30 A=4 N=3500 L=2 U=1024 D=256 run=0
2026-09-04 05:44:16,021 - INFO - Performer loss=0.0124 acc=1.000 DL=0.000 JW=0.000
2026-09-04 05:44:16,058 - INFO - Training minGRU C=50 A=4 N=3500 L=2 U=128 D=256 run=0
2026-09-04 05:44:23,959 - INFO - minGRU loss=0.0505 acc=1.000 DL=0.000 JW=0.000
2026-09-04 05:44:24,105 - INFO - Training Performer C=50 A=4 N=3500 L=2 U=1024 D=256 run=0
2026-09-04 05:45:00,982 - INFO - Performer loss=0.0008 acc=1.000 DL=0.000 JW=0.000
2026-09-04 05:45:01,019 - INFO - Training minGRU C=50 A=4 N=3500 L=2 U=128 D=256 run=0
2026-09-04 05:45:10,190 - INFO - minGRU loss=0.0396 acc=1.000 DL=0.000 JW=0.000
2026-09-04 05:45:10,295 - INFO - Training Performer C=50 A=4 N=3500 L=2 U=1024 D=256 run=0
2026-09-04 05:46:37,605 - INFO - Performer loss=0.4662 acc=0.852 DL=0.280 JW=0.155
2026-09-04 05:46:37,646 - INFO - Training minGRU C=70 A=4 N=3500 L=2 U=128 D=256 run=0
2026-09-04 05:46:52,274 - INFO - minGRU loss=0.0545 acc=1.000 DL=0.000 JW=0.000
2026-09-04 05:46:52,383 - INFO - Training Performer C=70 A=4 N=3500 L=2 U=1024 D=256 run=0
2026-09-04 05:48:18,569 - INFO - Performer loss=1.1047 acc=0.512 DL=0.460 JW=0.230
2026-09-04 05:48:18,609 - INFO - Training minGRU C=70 A=4 N=3500 L=2 U=128 D=256 run=0
2026-09-04 05:48:32,101 - INFO - minGRU loss=0.0479 acc=1.000 DL=0.000 JW=0.000
2026-09-04 05:48:32,211 - INFO - Training Performer C=70 A=4 N=3500 L=2 U=1024 D=256 run=0
2026-09-04 05:50:10,641 - INFO - Performer loss=0.8492 acc=0.606 DL=0.410 JW=0.150
2026-09-04 05:50:10,683 - INFO - Training minGRU C=90 A=4 N=3500 L=2 U=128 D=256 run=0
2026-09-04 05:50:29,413 - INFO - minGRU loss=0.0478 acc=1.000 DL=0.000 JW=0.000
2026-09-04 05:50:29,520 - INFO - Training Performer C=90 A=4 N=3500 L=2 U=1024 D=256 run=0
2026-09-04 05:54:54,865 - INFO - Performer loss=0.0338 acc=1.000 DL=0.000 JW=0.000
2026-09-04 05:54:54,901 - INFO - Training minGRU C=90 A=4 N=3500 L=2 U=128 D=256 run=0
2026-09-04 05:55:14,690 - INFO - minGRU loss=0.0485 acc=1.000 DL=0.000 JW=0.000
2026-09-04 05:55:14,796 - INFO - Training Performer C=90 A=4 N=3500 L=2 U=1024 D=256 run=0
2026-09-04 05:57:04,760 - INFO - Performer loss=0.8910 acc=0.636 DL=0.400 JW=0.093
2026-09-04 05:57:04,770 - INFO - Generating seeds for alphabet size 6
2026-09-04 05:57:04,827 - INFO - Training minGRU C=10 A=6 N=3500 L=2 U=128 D=256 run=0
2026-09-04 05:57:05,502 - INFO - minGRU loss=0.0316 acc=1.000 DL=0.000 JW=0.000
2026-09-04 05:57:05,613 - INFO - Training Performer C=10 A=6 N=3500 L=2 U=1024 D=256 run=0
2026-09-04 05:57:23,489 - INFO - Performer loss=0.0156 acc=1.000 DL=0.000 JW=0.000
2026-09-04 05:57:23,530 - INFO - Training minGRU C=10 A=6 N=3500 L=2 U=128 D=256 run=0
2026-09-04 05:57:24,251 - INFO - minGRU loss=0.0468 acc=1.000 DL=0.000 JW=0.000
2026-09-04 05:57:24,357 - INFO - Training Performer C=10 A=6 N=3500 L=2 U=1024 D=256 run=0
2026-09-04 05:57:42,238 - INFO - Performer loss=0.0206 acc=1.000 DL=0.000 JW=0.000
2026-09-04 05:57:42,276 - INFO - Training minGRU C=30 A=6 N=3500 L=2 U=128 D=256 run=0
2026-09-04 05:57:45,089 - INFO - minGRU loss=0.0442 acc=1.000 DL=0.000 JW=0.000
2026-09-04 05:57:45,195 - INFO - Training Performer C=30 A=6 N=3500 L=2 U=1024 D=256 run=0
2026-09-04 05:58:14,277 - INFO - Performer loss=0.0424 acc=1.000 DL=0.000 JW=0.000
2026-09-04 05:58:14,318 - INFO - Training minGRU C=30 A=6 N=3500 L=2 U=128 D=256 run=0
2026-09-04 05:58:16,970 - INFO - minGRU loss=0.0498 acc=1.000 DL=0.000 JW=0.000
2026-09-04 05:58:17,076 - INFO - Training Performer C=30 A=6 N=3500 L=2 U=1024 D=256 run=0
2026-09-04 06:00:03,754 - INFO - Performer loss=0.0482 acc=1.000 DL=0.000 JW=0.000
2026-09-04 06:00:03,794 - INFO - Training minGRU C=50 A=6 N=3500 L=2 U=128 D=256 run=0
2026-09-04 06:00:08,811 - INFO - minGRU loss=0.0496 acc=1.000 DL=0.000 JW=0.000
2026-09-04 06:00:08,920 - INFO - Training Performer C=50 A=6 N=3500 L=2 U=1024 D=256 run=0
2026-09-04 06:01:34,759 - INFO - Performer loss=0.5178 acc=0.873 DL=0.140 JW=0.047
2026-09-04 06:01:34,798 - INFO - Training minGRU C=50 A=6 N=3500 L=2 U=128 D=256 run=0
2026-09-04 06:01:39,320 - INFO - minGRU loss=0.0469 acc=1.000 DL=0.000 JW=0.000
2026-09-04 06:01:39,435 - INFO - Training Performer C=50 A=6 N=3500 L=2 U=1024 D=256 run=0
2026-09-04 06:03:44,900 - INFO - Performer loss=0.0321 acc=1.000 DL=0.000 JW=0.000
2026-09-04 06:03:44,938 - INFO - Training minGRU C=70 A=6 N=3500 L=2 U=128 D=256 run=0
2026-09-04 06:03:51,783 - INFO - minGRU loss=0.0490 acc=1.000 DL=0.000 JW=0.000
2026-09-04 06:03:51,895 - INFO - Training Performer C=70 A=6 N=3500 L=2 U=1024 D=256 run=0
2026-09-04 06:05:18,954 - INFO - Performer loss=0.9995 acc=0.627 DL=0.400 JW=0.109
2026-09-04 06:05:18,992 - INFO - Training minGRU C=70 A=6 N=3500 L=2 U=128 D=256 run=0
2026-09-04 06:05:25,235 - INFO - minGRU loss=0.0455 acc=1.000 DL=0.000 JW=0.000
2026-09-04 06:05:25,344 - INFO - Training Performer C=70 A=6 N=3500 L=2 U=1024 D=256 run=0
2026-09-04 06:06:51,128 - INFO - Performer loss=1.2749 acc=0.470 DL=0.560 JW=0.275
2026-09-04 06:06:51,167 - INFO - Training minGRU C=90 A=6 N=3500 L=2 U=128 D=256 run=0
2026-09-04 06:06:59,965 - INFO - minGRU loss=0.0476 acc=1.000 DL=0.000 JW=0.000
2026-09-04 06:07:00,075 - INFO - Training Performer C=90 A=6 N=3500 L=2 U=1024 D=256 run=0
2026-09-04 06:08:20,942 - INFO - Performer loss=1.3114 acc=0.488 DL=0.580 JW=0.267
2026-09-04 06:08:20,983 - INFO - Training minGRU C=90 A=6 N=3500 L=2 U=128 D=256 run=0
2026-09-04 06:08:29,417 - INFO - minGRU loss=0.0489 acc=1.000 DL=0.000 JW=0.000
2026-09-04 06:08:29,576 - INFO - Training Performer C=90 A=6 N=3500 L=2 U=1024 D=256 run=0
2026-09-04 06:11:28,223 - INFO - Performer loss=0.0421 acc=0.994 DL=0.000 JW=0.000
2026-09-04 06:11:28,232 - INFO - Generating seeds for alphabet size 8
2026-09-04 06:11:28,285 - INFO - Training minGRU C=10 A=8 N=3500 L=2 U=128 D=256 run=0
2026-09-04 06:11:28,859 - INFO - minGRU loss=0.0464 acc=1.000 DL=0.000 JW=0.000
2026-09-04 06:11:29,099 - INFO - Training Performer C=10 A=8 N=3500 L=2 U=1024 D=256 run=0
2026-09-04 06:11:47,120 - INFO - Performer loss=0.0049 acc=1.000 DL=0.000 JW=0.000
2026-09-04 06:11:47,162 - INFO - Training minGRU C=10 A=8 N=3500 L=2 U=128 D=256 run=0
2026-09-04 06:11:47,895 - INFO - minGRU loss=0.0391 acc=1.000 DL=0.000 JW=0.000
2026-09-04 06:11:48,005 - INFO - Training Performer C=10 A=8 N=3500 L=2 U=1024 D=256 run=0
2026-09-04 06:12:05,622 - INFO - Performer loss=0.0048 acc=1.000 DL=0.000 JW=0.000
2026-09-04 06:12:05,660 - INFO - Training minGRU C=30 A=8 N=3500 L=2 U=128 D=256 run=0
2026-09-04 06:12:08,075 - INFO - minGRU loss=0.0425 acc=1.000 DL=0.000 JW=0.000
2026-09-04 06:12:08,193 - INFO - Training Performer C=30 A=8 N=3500 L=2 U=1024 D=256 run=0
2026-09-04 06:12:37,463 - INFO - Performer loss=0.0119 acc=1.000 DL=0.000 JW=0.000
2026-09-04 06:12:37,502 - INFO - Training minGRU C=30 A=8 N=3500 L=2 U=128 D=256 run=0
2026-09-04 06:12:39,687 - INFO - minGRU loss=0.0499 acc=1.000 DL=0.000 JW=0.000
2026-09-04 06:12:39,793 - INFO - Training Performer C=30 A=8 N=3500 L=2 U=1024 D=256 run=0
2026-09-04 06:13:09,684 - INFO - Performer loss=0.0089 acc=1.000 DL=0.000 JW=0.000
2026-09-04 06:13:09,725 - INFO - Training minGRU C=50 A=8 N=3500 L=2 U=128 D=256 run=0
2026-09-04 06:13:14,337 - INFO - minGRU loss=0.0480 acc=1.000 DL=0.000 JW=0.000
2026-09-04 06:13:14,445 - INFO - Training Performer C=50 A=8 N=3500 L=2 U=1024 D=256 run=0
2026-09-04 06:14:52,337 - INFO - Performer loss=0.0440 acc=0.985 DL=0.030 JW=0.028
2026-09-04 06:14:52,374 - INFO - Training minGRU C=50 A=8 N=3500 L=2 U=128 D=256 run=0
2026-09-04 06:14:56,092 - INFO - minGRU loss=0.0497 acc=1.000 DL=0.000 JW=0.000
2026-09-04 06:14:56,200 - INFO - Training Performer C=50 A=8 N=3500 L=2 U=1024 D=256 run=0
2026-09-04 06:16:51,555 - INFO - Performer loss=0.0413 acc=0.985 DL=0.010 JW=0.012
2026-09-04 06:16:51,597 - INFO - Training minGRU C=70 A=8 N=3500 L=2 U=128 D=256 run=0
2026-09-04 06:16:57,198 - INFO - minGRU loss=0.0482 acc=1.000 DL=0.000 JW=0.000
2026-09-04 06:16:57,303 - INFO - Training Performer C=70 A=8 N=3500 L=2 U=1024 D=256 run=0
2026-09-04 06:18:19,103 - INFO - Performer loss=0.8650 acc=0.706 DL=0.560 JW=0.135
2026-09-04 06:18:19,142 - INFO - Training minGRU C=70 A=8 N=3500 L=2 U=128 D=256 run=0
2026-09-04 06:18:24,760 - INFO - minGRU loss=0.0454 acc=1.000 DL=0.000 JW=0.000
2026-09-04 06:18:24,867 - INFO - Training Performer C=70 A=8 N=3500 L=2 U=1024 D=256 run=0
2026-09-04 06:19:56,635 - INFO - Performer loss=0.0918 acc=0.988 DL=0.010 JW=0.004
2026-09-04 06:19:56,676 - INFO - Training minGRU C=90 A=8 N=3500 L=2 U=128 D=256 run=0
2026-09-04 06:20:03,517 - INFO - minGRU loss=0.0476 acc=1.000 DL=0.000 JW=0.000
2026-09-04 06:20:03,624 - INFO - Training Performer C=90 A=8 N=3500 L=2 U=1024 D=256 run=0
2026-09-04 06:22:33,465 - INFO - Performer loss=0.0333 acc=1.000 DL=0.000 JW=0.000
2026-09-04 06:22:33,502 - INFO - Training minGRU C=90 A=8 N=3500 L=2 U=128 D=256 run=0
2026-09-04 06:22:39,570 - INFO - minGRU loss=0.0494 acc=1.000 DL=0.000 JW=0.000
2026-09-04 06:22:39,679 - INFO - Training Performer C=90 A=8 N=3500 L=2 U=1024 D=256 run=0
2026-09-04 06:25:03,600 - INFO - Performer loss=0.0325 acc=1.000 DL=0.000 JW=0.000
2026-09-04 06:25:03,609 - INFO - Selected 80/640 configurations for this task
