2026-09-06 12:31:43,658 - INFO - Generating seeds for alphabet size 2
2026-09-06 12:31:43,973 - INFO - Training GRU C=10 A=2 N=3500 L=2 U=128 D=256 run=1
2026-09-06 12:32:13,143 - INFO - GRU loss=0.0379 acc=1.000 DL=0.000 JW=0.000
2026-09-06 12:32:13,261 - INFO - Training LinearAttention C=10 A=2 N=3500 L=2 U=1024 D=256 run=1
2026-09-06 12:32:22,659 - INFO - LinearAttention loss=0.0000 acc=1.000 DL=0.000 JW=0.000
2026-09-06 12:32:23,842 - INFO - Training GRU C=10 A=2 N=3500 L=2 U=128 D=256 run=1
2026-09-06 12:32:40,000 - INFO - GRU loss=0.0412 acc=1.000 DL=0.000 JW=0.000
2026-09-06 12:32:40,086 - INFO - Training LinearAttention C=10 A=2 N=3500 L=2 U=1024 D=256 run=1
2026-09-06 12:32:48,993 - INFO - LinearAttention loss=0.0065 acc=1.000 DL=0.000 JW=0.000
2026-09-06 12:32:49,047 - INFO - Training GRU C=30 A=2 N=3500 L=2 U=128 D=256 run=1
2026-09-06 12:33:50,447 - INFO - GRU loss=0.0488 acc=1.000 DL=0.000 JW=0.000
2026-09-06 12:33:50,539 - INFO - Training LinearAttention C=30 A=2 N=3500 L=2 U=1024 D=256 run=1
2026-09-06 12:33:58,132 - INFO - LinearAttention loss=0.0000 acc=1.000 DL=0.000 JW=0.000
2026-09-06 12:33:58,181 - INFO - Training GRU C=30 A=2 N=3500 L=2 U=128 D=256 run=1
2026-09-06 12:34:38,398 - INFO - GRU loss=0.0445 acc=1.000 DL=0.000 JW=0.000
2026-09-06 12:34:38,492 - INFO - Training LinearAttention C=30 A=2 N=3500 L=2 U=1024 D=256 run=1
2026-09-06 12:34:47,410 - INFO - LinearAttention loss=0.0093 acc=1.000 DL=0.000 JW=0.000
2026-09-06 12:34:47,460 - INFO - Training GRU C=50 A=2 N=3500 L=2 U=128 D=256 run=1
2026-09-06 12:35:50,829 - INFO - GRU loss=0.0483 acc=0.994 DL=0.080 JW=0.016
2026-09-06 12:35:50,914 - INFO - Training LinearAttention C=50 A=2 N=3500 L=2 U=1024 D=256 run=1
2026-09-06 12:36:14,448 - INFO - LinearAttention loss=0.0317 acc=0.994 DL=0.000 JW=0.000
2026-09-06 12:36:14,501 - INFO - Training GRU C=50 A=2 N=3500 L=2 U=128 D=256 run=1
2026-09-06 12:37:14,572 - INFO - GRU loss=0.0470 acc=1.000 DL=0.000 JW=0.000
2026-09-06 12:37:14,662 - INFO - Training LinearAttention C=50 A=2 N=3500 L=2 U=1024 D=256 run=1
2026-09-06 12:37:39,673 - INFO - LinearAttention loss=0.0245 acc=0.994 DL=0.020 JW=0.004
2026-09-06 12:37:39,723 - INFO - Training GRU C=70 A=2 N=3500 L=2 U=128 D=256 run=1
2026-09-06 12:39:20,826 - INFO - GRU loss=0.0489 acc=1.000 DL=0.000 JW=0.000
2026-09-06 12:39:20,911 - INFO - Training LinearAttention C=70 A=2 N=3500 L=2 U=1024 D=256 run=1
2026-09-06 12:39:55,539 - INFO - LinearAttention loss=0.0112 acc=0.994 DL=0.000 JW=0.000
2026-09-06 12:39:55,593 - INFO - Training GRU C=70 A=2 N=3500 L=2 U=128 D=256 run=1
2026-09-06 12:41:25,657 - INFO - GRU loss=0.0619 acc=0.997 DL=0.000 JW=0.000
2026-09-06 12:41:25,748 - INFO - Training LinearAttention C=70 A=2 N=3500 L=2 U=1024 D=256 run=1
2026-09-06 12:41:55,404 - INFO - LinearAttention loss=0.0367 acc=0.991 DL=0.020 JW=0.004
2026-09-06 12:41:55,666 - INFO - Training GRU C=90 A=2 N=3500 L=2 U=128 D=256 run=1
2026-09-06 12:44:49,848 - INFO - GRU loss=0.0513 acc=0.991 DL=0.020 JW=0.006
2026-09-06 12:44:49,975 - INFO - Training LinearAttention C=90 A=2 N=3500 L=2 U=1024 D=256 run=1
2026-09-06 12:45:34,813 - INFO - LinearAttention loss=0.0475 acc=0.991 DL=0.020 JW=0.008
2026-09-06 12:45:34,865 - INFO - Training GRU C=90 A=2 N=3500 L=2 U=128 D=256 run=1
2026-09-06 12:46:59,618 - INFO - GRU loss=0.0544 acc=0.991 DL=0.110 JW=0.031
2026-09-06 12:46:59,704 - INFO - Training LinearAttention C=90 A=2 N=3500 L=2 U=1024 D=256 run=1
2026-09-06 12:47:42,071 - INFO - LinearAttention loss=0.0132 acc=0.997 DL=0.000 JW=0.000
2026-09-06 12:47:42,097 - INFO - Generating seeds for alphabet size 4
2026-09-06 12:47:42,162 - INFO - Training GRU C=10 A=4 N=3500 L=2 U=128 D=256 run=1
2026-09-06 12:47:55,066 - INFO - GRU loss=0.0446 acc=1.000 DL=0.000 JW=0.000
2026-09-06 12:47:55,153 - INFO - Training LinearAttention C=10 A=4 N=3500 L=2 U=1024 D=256 run=1
2026-09-06 12:48:01,661 - INFO - LinearAttention loss=0.0007 acc=1.000 DL=0.000 JW=0.000
2026-09-06 12:48:01,710 - INFO - Training GRU C=10 A=4 N=3500 L=2 U=128 D=256 run=1
2026-09-06 12:48:14,495 - INFO - GRU loss=0.0343 acc=1.000 DL=0.000 JW=0.000
2026-09-06 12:48:14,582 - INFO - Training LinearAttention C=10 A=4 N=3500 L=2 U=1024 D=256 run=1
2026-09-06 12:48:19,727 - INFO - LinearAttention loss=0.0140 acc=1.000 DL=0.000 JW=0.000
2026-09-06 12:48:19,779 - INFO - Training GRU C=30 A=4 N=3500 L=2 U=128 D=256 run=1
2026-09-06 12:48:53,810 - INFO - GRU loss=0.0456 acc=1.000 DL=0.000 JW=0.000
2026-09-06 12:48:53,898 - INFO - Training LinearAttention C=30 A=4 N=3500 L=2 U=1024 D=256 run=1
2026-09-06 12:49:00,270 - INFO - LinearAttention loss=0.0056 acc=1.000 DL=0.000 JW=0.000
2026-09-06 12:49:00,321 - INFO - Training GRU C=30 A=4 N=3500 L=2 U=128 D=256 run=1
2026-09-06 12:49:35,282 - INFO - GRU loss=0.0480 acc=1.000 DL=0.000 JW=0.000
2026-09-06 12:49:35,366 - INFO - Training LinearAttention C=30 A=4 N=3500 L=2 U=1024 D=256 run=1
2026-09-06 12:49:40,635 - INFO - LinearAttention loss=0.0005 acc=1.000 DL=0.000 JW=0.000
2026-09-06 12:49:40,685 - INFO - Training GRU C=50 A=4 N=3500 L=2 U=128 D=256 run=1
2026-09-06 12:50:23,202 - INFO - GRU loss=0.0454 acc=1.000 DL=0.000 JW=0.000
2026-09-06 12:50:23,290 - INFO - Training LinearAttention C=50 A=4 N=3500 L=2 U=1024 D=256 run=1
2026-09-06 12:50:29,658 - INFO - LinearAttention loss=0.0014 acc=1.000 DL=0.000 JW=0.000
2026-09-06 12:50:29,709 - INFO - Training GRU C=50 A=4 N=3500 L=2 U=128 D=256 run=1
2026-09-06 12:51:34,230 - INFO - GRU loss=0.0444 acc=1.000 DL=0.000 JW=0.000
2026-09-06 12:51:34,323 - INFO - Training LinearAttention C=50 A=4 N=3500 L=2 U=1024 D=256 run=1
2026-09-06 12:51:39,466 - INFO - LinearAttention loss=0.0428 acc=1.000 DL=0.000 JW=0.000
2026-09-06 12:51:39,518 - INFO - Training GRU C=70 A=4 N=3500 L=2 U=128 D=256 run=1
2026-09-06 12:52:38,801 - INFO - GRU loss=0.0461 acc=1.000 DL=0.000 JW=0.000
2026-09-06 12:52:38,892 - INFO - Training LinearAttention C=70 A=4 N=3500 L=2 U=1024 D=256 run=1
2026-09-06 12:52:54,003 - INFO - LinearAttention loss=0.0375 acc=1.000 DL=0.000 JW=0.000
2026-09-06 12:52:54,052 - INFO - Training GRU C=70 A=4 N=3500 L=2 U=128 D=256 run=1
2026-09-06 12:54:00,004 - INFO - GRU loss=0.0462 acc=1.000 DL=0.000 JW=0.000
2026-09-06 12:54:00,095 - INFO - Training LinearAttention C=70 A=4 N=3500 L=2 U=1024 D=256 run=1
2026-09-06 12:54:12,716 - INFO - LinearAttention loss=0.0348 acc=1.000 DL=0.000 JW=0.000
2026-09-06 12:54:12,766 - INFO - Training GRU C=90 A=4 N=3500 L=2 U=128 D=256 run=1
2026-09-06 12:55:20,467 - INFO - GRU loss=0.0507 acc=1.000 DL=0.000 JW=0.000
2026-09-06 12:55:20,550 - INFO - Training LinearAttention C=90 A=4 N=3500 L=2 U=1024 D=256 run=1
2026-09-06 12:55:36,911 - INFO - LinearAttention loss=0.0329 acc=1.000 DL=0.000 JW=0.000
2026-09-06 12:55:36,971 - INFO - Training GRU C=90 A=4 N=3500 L=2 U=128 D=256 run=1
2026-09-06 12:57:01,029 - INFO - GRU loss=0.0459 acc=1.000 DL=0.000 JW=0.000
2026-09-06 12:57:01,115 - INFO - Training LinearAttention C=90 A=4 N=3500 L=2 U=1024 D=256 run=1
2026-09-06 12:57:16,067 - INFO - LinearAttention loss=0.0171 acc=1.000 DL=0.000 JW=0.000
2026-09-06 12:57:16,092 - INFO - Generating seeds for alphabet size 6
2026-09-06 12:57:16,145 - INFO - Training GRU C=10 A=6 N=3500 L=2 U=128 D=256 run=1
2026-09-06 12:57:28,940 - INFO - GRU loss=0.0411 acc=1.000 DL=0.000 JW=0.000
2026-09-06 12:57:29,024 - INFO - Training LinearAttention C=10 A=6 N=3500 L=2 U=1024 D=256 run=1
2026-09-06 12:57:34,192 - INFO - LinearAttention loss=0.0047 acc=1.000 DL=0.000 JW=0.000
2026-09-06 12:57:34,240 - INFO - Training GRU C=10 A=6 N=3500 L=2 U=128 D=256 run=1
2026-09-06 12:57:48,055 - INFO - GRU loss=0.0467 acc=1.000 DL=0.000 JW=0.000
2026-09-06 12:57:48,143 - INFO - Training LinearAttention C=10 A=6 N=3500 L=2 U=1024 D=256 run=1
2026-09-06 12:57:53,284 - INFO - LinearAttention loss=0.0047 acc=1.000 DL=0.000 JW=0.000
2026-09-06 12:57:53,339 - INFO - Training GRU C=30 A=6 N=3500 L=2 U=128 D=256 run=1
2026-09-06 12:58:18,141 - INFO - GRU loss=0.0498 acc=1.000 DL=0.000 JW=0.000
2026-09-06 12:58:18,228 - INFO - Training LinearAttention C=30 A=6 N=3500 L=2 U=1024 D=256 run=1
2026-09-06 12:58:25,826 - INFO - LinearAttention loss=0.0022 acc=1.000 DL=0.000 JW=0.000
2026-09-06 12:58:25,919 - INFO - Training GRU C=30 A=6 N=3500 L=2 U=128 D=256 run=1
2026-09-06 12:58:48,604 - INFO - GRU loss=0.0490 acc=1.000 DL=0.000 JW=0.000
2026-09-06 12:58:48,695 - INFO - Training LinearAttention C=30 A=6 N=3500 L=2 U=1024 D=256 run=1
2026-09-06 12:58:56,298 - INFO - LinearAttention loss=0.0068 acc=1.000 DL=0.000 JW=0.000
2026-09-06 12:58:56,352 - INFO - Training GRU C=50 A=6 N=3500 L=2 U=128 D=256 run=1
2026-09-06 12:59:43,184 - INFO - GRU loss=0.0504 acc=1.000 DL=0.000 JW=0.000
2026-09-06 12:59:43,268 - INFO - Training LinearAttention C=50 A=6 N=3500 L=2 U=1024 D=256 run=1
2026-09-06 12:59:52,091 - INFO - LinearAttention loss=0.0075 acc=1.000 DL=0.000 JW=0.000
2026-09-06 12:59:52,141 - INFO - Training GRU C=50 A=6 N=3500 L=2 U=128 D=256 run=1
2026-09-06 13:00:33,404 - INFO - GRU loss=0.0461 acc=1.000 DL=0.000 JW=0.000
2026-09-06 13:00:33,492 - INFO - Training LinearAttention C=50 A=6 N=3500 L=2 U=1024 D=256 run=1
2026-09-06 13:00:42,370 - INFO - LinearAttention loss=0.0020 acc=1.000 DL=0.000 JW=0.000
2026-09-06 13:00:42,422 - INFO - Training GRU C=70 A=6 N=3500 L=2 U=128 D=256 run=1
2026-09-06 13:01:49,478 - INFO - GRU loss=0.0457 acc=1.000 DL=0.000 JW=0.000
2026-09-06 13:01:49,563 - INFO - Training LinearAttention C=70 A=6 N=3500 L=2 U=1024 D=256 run=1
2026-09-06 13:02:00,880 - INFO - LinearAttention loss=0.0220 acc=1.000 DL=0.000 JW=0.000
2026-09-06 13:02:00,932 - INFO - Training GRU C=70 A=6 N=3500 L=2 U=128 D=256 run=1
2026-09-06 13:02:46,971 - INFO - GRU loss=0.0483 acc=1.000 DL=0.000 JW=0.000
2026-09-06 13:02:47,251 - INFO - Training LinearAttention C=70 A=6 N=3500 L=2 U=1024 D=256 run=1
2026-09-06 13:02:58,529 - INFO - LinearAttention loss=0.0123 acc=1.000 DL=0.000 JW=0.000
2026-09-06 13:02:58,579 - INFO - Training GRU C=90 A=6 N=3500 L=2 U=128 D=256 run=1
2026-09-06 13:04:18,354 - INFO - GRU loss=0.0470 acc=1.000 DL=0.000 JW=0.000
2026-09-06 13:04:18,443 - INFO - Training LinearAttention C=90 A=6 N=3500 L=2 U=1024 D=256 run=1
2026-09-06 13:04:29,823 - INFO - LinearAttention loss=0.0261 acc=1.000 DL=0.000 JW=0.000
2026-09-06 13:04:29,879 - INFO - Training GRU C=90 A=6 N=3500 L=2 U=128 D=256 run=1
2026-09-06 13:05:38,496 - INFO - GRU loss=0.0473 acc=1.000 DL=0.000 JW=0.000
2026-09-06 13:05:38,583 - INFO - Training LinearAttention C=90 A=6 N=3500 L=2 U=1024 D=256 run=1
2026-09-06 13:05:51,185 - INFO - LinearAttention loss=0.0305 acc=0.994 DL=0.010 JW=0.006
2026-09-06 13:05:51,210 - INFO - Generating seeds for alphabet size 8
2026-09-06 13:05:51,264 - INFO - Training GRU C=10 A=8 N=3500 L=2 U=128 D=256 run=1
2026-09-06 13:06:05,192 - INFO - GRU loss=0.0423 acc=1.000 DL=0.000 JW=0.000
2026-09-06 13:06:05,279 - INFO - Training LinearAttention C=10 A=8 N=3500 L=2 U=1024 D=256 run=1
2026-09-06 13:06:10,483 - INFO - LinearAttention loss=0.0035 acc=1.000 DL=0.000 JW=0.000
2026-09-06 13:06:10,533 - INFO - Training GRU C=10 A=8 N=3500 L=2 U=128 D=256 run=1
2026-09-06 13:06:25,654 - INFO - GRU loss=0.0476 acc=1.000 DL=0.000 JW=0.000
2026-09-06 13:06:25,740 - INFO - Training LinearAttention C=10 A=8 N=3500 L=2 U=1024 D=256 run=1
2026-09-06 13:06:30,941 - INFO - LinearAttention loss=0.0052 acc=1.000 DL=0.000 JW=0.000
2026-09-06 13:06:31,001 - INFO - Training GRU C=30 A=8 N=3500 L=2 U=128 D=256 run=1
2026-09-06 13:06:54,659 - INFO - GRU loss=0.0451 acc=1.000 DL=0.000 JW=0.000
2026-09-06 13:06:54,744 - INFO - Training LinearAttention C=30 A=8 N=3500 L=2 U=1024 D=256 run=1
2026-09-06 13:07:01,115 - INFO - LinearAttention loss=0.0210 acc=1.000 DL=0.000 JW=0.000
2026-09-06 13:07:01,164 - INFO - Training GRU C=30 A=8 N=3500 L=2 U=128 D=256 run=1
2026-09-06 13:07:28,426 - INFO - GRU loss=0.0455 acc=1.000 DL=0.000 JW=0.000
2026-09-06 13:07:28,517 - INFO - Training LinearAttention C=30 A=8 N=3500 L=2 U=1024 D=256 run=1
2026-09-06 13:07:34,886 - INFO - LinearAttention loss=0.0070 acc=1.000 DL=0.000 JW=0.000
2026-09-06 13:07:34,943 - INFO - Training GRU C=50 A=8 N=3500 L=2 U=128 D=256 run=1
2026-09-06 13:08:27,459 - INFO - GRU loss=0.0474 acc=1.000 DL=0.000 JW=0.000
2026-09-06 13:08:27,550 - INFO - Training LinearAttention C=50 A=8 N=3500 L=2 U=1024 D=256 run=1
2026-09-06 13:08:35,164 - INFO - LinearAttention loss=0.0447 acc=1.000 DL=0.000 JW=0.000
2026-09-06 13:08:35,221 - INFO - Training GRU C=50 A=8 N=3500 L=2 U=128 D=256 run=1
2026-09-06 13:09:14,530 - INFO - GRU loss=0.0454 acc=1.000 DL=0.000 JW=0.000
2026-09-06 13:09:14,618 - INFO - Training LinearAttention C=50 A=8 N=3500 L=2 U=1024 D=256 run=1
2026-09-06 13:09:22,294 - INFO - LinearAttention loss=0.0179 acc=1.000 DL=0.000 JW=0.000
2026-09-06 13:09:22,346 - INFO - Training GRU C=70 A=8 N=3500 L=2 U=128 D=256 run=1
2026-09-06 13:10:09,449 - INFO - GRU loss=0.0489 acc=1.000 DL=0.000 JW=0.000
2026-09-06 13:10:09,535 - INFO - Training LinearAttention C=70 A=8 N=3500 L=2 U=1024 D=256 run=1
2026-09-06 13:10:19,693 - INFO - LinearAttention loss=0.0281 acc=1.000 DL=0.000 JW=0.000
2026-09-06 13:10:19,746 - INFO - Training GRU C=70 A=8 N=3500 L=2 U=128 D=256 run=1
2026-09-06 13:11:05,601 - INFO - GRU loss=0.0479 acc=1.000 DL=0.000 JW=0.000
2026-09-06 13:11:05,692 - INFO - Training LinearAttention C=70 A=8 N=3500 L=2 U=1024 D=256 run=1
2026-09-06 13:11:12,116 - INFO - LinearAttention loss=0.0047 acc=1.000 DL=0.000 JW=0.000
2026-09-06 13:11:12,171 - INFO - Training GRU C=90 A=8 N=3500 L=2 U=128 D=256 run=1
2026-09-06 13:12:14,577 - INFO - GRU loss=0.0513 acc=1.000 DL=0.000 JW=0.000
2026-09-06 13:12:14,662 - INFO - Training LinearAttention C=90 A=8 N=3500 L=2 U=1024 D=256 run=1
2026-09-06 13:12:26,060 - INFO - LinearAttention loss=0.0259 acc=1.000 DL=0.000 JW=0.000
2026-09-06 13:12:26,114 - INFO - Training GRU C=90 A=8 N=3500 L=2 U=128 D=256 run=1
2026-09-06 13:13:33,963 - INFO - GRU loss=0.0457 acc=1.000 DL=0.000 JW=0.000
2026-09-06 13:13:34,053 - INFO - Training LinearAttention C=90 A=8 N=3500 L=2 U=1024 D=256 run=1
2026-09-06 13:13:45,456 - INFO - LinearAttention loss=0.0119 acc=1.000 DL=0.000 JW=0.000
2026-09-06 13:13:45,482 - INFO - Selected 80/640 configurations for this task
