2026-09-04 05:42:22,349 - INFO - Generating seeds for alphabet size 2
2026-09-04 05:42:22,640 - INFO - Training minLSTM C=10 A=2 N=3500 L=2 U=128 D=256 run=0
2026-09-04 05:44:10,930 - INFO - minLSTM loss=0.0451 acc=1.000 DL=0.000 JW=0.000
2026-09-04 05:44:11,171 - INFO - Training RWKV C=10 A=2 N=3500 L=2 U=1024 D=256 run=0
2026-09-04 05:44:26,846 - INFO - RWKV loss=0.0482 acc=1.000 DL=0.000 JW=0.000
2026-09-04 05:44:26,876 - INFO - Training minLSTM C=10 A=2 N=3500 L=2 U=128 D=256 run=0
2026-09-04 05:46:49,866 - INFO - minLSTM loss=0.1248 acc=0.939 DL=0.130 JW=0.039
2026-09-04 05:46:49,981 - INFO - Training RWKV C=10 A=2 N=3500 L=2 U=1024 D=256 run=0
2026-09-04 05:47:10,189 - INFO - RWKV loss=0.0255 acc=1.000 DL=0.000 JW=0.000
2026-09-04 05:47:10,217 - INFO - Training minLSTM C=30 A=2 N=3500 L=2 U=128 D=256 run=0
2026-09-04 05:55:53,093 - INFO - minLSTM loss=0.1996 acc=0.936 DL=0.170 JW=0.052
2026-09-04 05:55:53,216 - INFO - Training RWKV C=30 A=2 N=3500 L=2 U=1024 D=256 run=0
2026-09-04 05:57:36,546 - INFO - RWKV loss=0.0472 acc=0.985 DL=0.060 JW=0.014
2026-09-04 05:57:36,585 - INFO - Training minLSTM C=30 A=2 N=3500 L=2 U=128 D=256 run=0
2026-09-04 06:06:17,132 - INFO - minLSTM loss=0.3006 acc=0.870 DL=0.220 JW=0.068
2026-09-04 06:06:17,244 - INFO - Training RWKV C=30 A=2 N=3500 L=2 U=1024 D=256 run=0
2026-09-04 06:07:16,259 - INFO - RWKV loss=0.0450 acc=0.988 DL=0.190 JW=0.080
2026-09-04 06:07:16,288 - INFO - Training minLSTM C=50 A=2 N=3500 L=2 U=128 D=256 run=0
2026-09-04 06:15:55,516 - INFO - minLSTM loss=0.4140 acc=0.827 DL=0.320 JW=0.171
2026-09-04 06:15:55,631 - INFO - Training RWKV C=50 A=2 N=3500 L=2 U=1024 D=256 run=0
2026-09-04 06:18:18,767 - INFO - RWKV loss=0.0514 acc=0.982 DL=0.320 JW=0.055
2026-09-04 06:18:18,803 - INFO - Training minLSTM C=50 A=2 N=3500 L=2 U=128 D=256 run=0
2026-09-04 06:26:58,300 - INFO - minLSTM loss=0.5694 acc=0.676 DL=0.300 JW=0.068
2026-09-04 06:26:58,445 - INFO - Training RWKV C=50 A=2 N=3500 L=2 U=1024 D=256 run=0
2026-09-04 06:29:32,774 - INFO - RWKV loss=0.0522 acc=0.985 DL=0.000 JW=0.000
2026-09-04 06:29:32,811 - INFO - Training minLSTM C=70 A=2 N=3500 L=2 U=128 D=256 run=0
2026-09-04 06:31:13,066 - INFO - minLSTM loss=0.6648 acc=0.561 DL=0.270 JW=0.103
2026-09-04 06:31:13,172 - INFO - Training RWKV C=70 A=2 N=3500 L=2 U=1024 D=256 run=0
2026-09-04 06:34:23,759 - INFO - RWKV loss=0.0597 acc=0.964 DL=0.230 JW=0.037
2026-09-04 06:34:23,787 - INFO - Training minLSTM C=70 A=2 N=3500 L=2 U=128 D=256 run=0
2026-09-04 06:34:57,028 - INFO - minLSTM loss=0.6959 acc=0.512 DL=0.410 JW=0.219
2026-09-04 06:34:57,141 - INFO - Training RWKV C=70 A=2 N=3500 L=2 U=1024 D=256 run=0
2026-09-04 06:38:17,734 - INFO - RWKV loss=0.0666 acc=0.967 DL=0.180 JW=0.064
2026-09-04 06:38:17,772 - INFO - Training minLSTM C=90 A=2 N=3500 L=2 U=128 D=256 run=0
2026-09-04 06:46:55,823 - INFO - minLSTM loss=0.6411 acc=0.585 DL=0.300 JW=0.067
2026-09-04 06:46:55,935 - INFO - Training RWKV C=90 A=2 N=3500 L=2 U=1024 D=256 run=0
2026-09-04 06:51:24,302 - INFO - RWKV loss=0.0510 acc=0.979 DL=0.200 JW=0.034
2026-09-04 06:51:24,332 - INFO - Training minLSTM C=90 A=2 N=3500 L=2 U=128 D=256 run=0
2026-09-04 07:00:01,900 - INFO - minLSTM loss=0.6435 acc=0.582 DL=0.280 JW=0.096
2026-09-04 07:00:02,006 - INFO - Training RWKV C=90 A=2 N=3500 L=2 U=1024 D=256 run=0
2026-09-04 07:01:15,637 - INFO - RWKV loss=0.6265 acc=0.618 DL=0.270 JW=0.071
2026-09-04 07:01:15,637 - INFO - Generating seeds for alphabet size 4
2026-09-04 07:01:15,700 - INFO - Training minLSTM C=10 A=4 N=3500 L=2 U=128 D=256 run=0
2026-09-04 07:01:33,547 - INFO - minLSTM loss=0.0306 acc=1.000 DL=0.000 JW=0.000
2026-09-04 07:01:33,654 - INFO - Training RWKV C=10 A=4 N=3500 L=2 U=1024 D=256 run=0
2026-09-04 07:01:37,725 - INFO - RWKV loss=0.0064 acc=1.000 DL=0.000 JW=0.000
2026-09-04 07:01:37,753 - INFO - Training minLSTM C=10 A=4 N=3500 L=2 U=128 D=256 run=0
2026-09-04 07:01:58,258 - INFO - minLSTM loss=0.0379 acc=1.000 DL=0.000 JW=0.000
2026-09-04 07:01:58,363 - INFO - Training RWKV C=10 A=4 N=3500 L=2 U=1024 D=256 run=0
2026-09-04 07:02:02,405 - INFO - RWKV loss=0.0296 acc=1.000 DL=0.000 JW=0.000
2026-09-04 07:02:02,433 - INFO - Training minLSTM C=30 A=4 N=3500 L=2 U=128 D=256 run=0
2026-09-04 07:03:34,978 - INFO - minLSTM loss=0.0441 acc=1.000 DL=0.000 JW=0.000
2026-09-04 07:03:35,086 - INFO - Training RWKV C=30 A=4 N=3500 L=2 U=1024 D=256 run=0
2026-09-04 07:03:43,508 - INFO - RWKV loss=0.0243 acc=1.000 DL=0.000 JW=0.000
2026-09-04 07:03:43,537 - INFO - Training minLSTM C=30 A=4 N=3500 L=2 U=128 D=256 run=0
2026-09-04 07:05:29,068 - INFO - minLSTM loss=0.0425 acc=1.000 DL=0.000 JW=0.000
2026-09-04 07:05:29,174 - INFO - Training RWKV C=30 A=4 N=3500 L=2 U=1024 D=256 run=0
2026-09-04 07:05:40,474 - INFO - RWKV loss=0.0395 acc=0.982 DL=0.080 JW=0.071
2026-09-04 07:05:40,504 - INFO - Training minLSTM C=50 A=4 N=3500 L=2 U=128 D=256 run=0
2026-09-04 07:08:38,053 - INFO - minLSTM loss=0.0418 acc=1.000 DL=0.000 JW=0.000
2026-09-04 07:08:38,160 - INFO - Training RWKV C=50 A=4 N=3500 L=2 U=1024 D=256 run=0
2026-09-04 07:08:56,707 - INFO - RWKV loss=0.0461 acc=0.988 DL=0.270 JW=0.058
2026-09-04 07:08:56,736 - INFO - Training minLSTM C=50 A=4 N=3500 L=2 U=128 D=256 run=0
2026-09-04 07:12:28,801 - INFO - minLSTM loss=0.0465 acc=1.000 DL=0.000 JW=0.000
2026-09-04 07:12:28,910 - INFO - Training RWKV C=50 A=4 N=3500 L=2 U=1024 D=256 run=0
2026-09-04 07:12:43,128 - INFO - RWKV loss=0.0343 acc=0.991 DL=0.360 JW=0.180
2026-09-04 07:12:43,156 - INFO - Training minLSTM C=70 A=4 N=3500 L=2 U=128 D=256 run=0
2026-09-04 07:17:14,775 - INFO - minLSTM loss=0.0491 acc=1.000 DL=0.000 JW=0.000
2026-09-04 07:17:14,883 - INFO - Training RWKV C=70 A=4 N=3500 L=2 U=1024 D=256 run=0
2026-09-04 07:17:36,386 - INFO - RWKV loss=0.0579 acc=0.985 DL=0.050 JW=0.018
2026-09-04 07:17:36,414 - INFO - Training minLSTM C=70 A=4 N=3500 L=2 U=128 D=256 run=0
2026-09-04 07:22:11,363 - INFO - minLSTM loss=0.0459 acc=1.000 DL=0.000 JW=0.000
2026-09-04 07:22:11,473 - INFO - Training RWKV C=70 A=4 N=3500 L=2 U=1024 D=256 run=0
2026-09-04 07:22:29,957 - INFO - RWKV loss=0.0405 acc=0.991 DL=0.010 JW=0.004
2026-09-04 07:22:29,985 - INFO - Training minLSTM C=90 A=4 N=3500 L=2 U=128 D=256 run=0
2026-09-04 07:29:06,025 - INFO - minLSTM loss=0.0486 acc=1.000 DL=0.000 JW=0.000
2026-09-04 07:29:06,139 - INFO - Training RWKV C=90 A=4 N=3500 L=2 U=1024 D=256 run=0
2026-09-04 07:29:33,553 - INFO - RWKV loss=0.0468 acc=0.994 DL=0.000 JW=0.000
2026-09-04 07:29:33,581 - INFO - Training minLSTM C=90 A=4 N=3500 L=2 U=128 D=256 run=0
2026-09-04 07:35:59,793 - INFO - minLSTM loss=0.0492 acc=1.000 DL=0.000 JW=0.000
2026-09-04 07:35:59,907 - INFO - Training RWKV C=90 A=4 N=3500 L=2 U=1024 D=256 run=0
2026-09-04 07:36:30,072 - INFO - RWKV loss=0.0420 acc=0.988 DL=0.510 JW=0.166
2026-09-04 07:36:30,072 - INFO - Generating seeds for alphabet size 6
2026-09-04 07:36:30,128 - INFO - Training minLSTM C=10 A=6 N=3500 L=2 U=128 D=256 run=0
2026-09-04 07:36:40,338 - INFO - minLSTM loss=0.0470 acc=1.000 DL=0.000 JW=0.000
2026-09-04 07:36:40,445 - INFO - Training RWKV C=10 A=6 N=3500 L=2 U=1024 D=256 run=0
2026-09-04 07:36:43,062 - INFO - RWKV loss=0.0064 acc=1.000 DL=0.000 JW=0.000
2026-09-04 07:36:43,091 - INFO - Training minLSTM C=10 A=6 N=3500 L=2 U=128 D=256 run=0
2026-09-04 07:36:53,140 - INFO - minLSTM loss=0.0458 acc=1.000 DL=0.000 JW=0.000
2026-09-04 07:36:53,246 - INFO - Training RWKV C=10 A=6 N=3500 L=2 U=1024 D=256 run=0
2026-09-04 07:36:55,845 - INFO - RWKV loss=0.0093 acc=1.000 DL=0.000 JW=0.000
2026-09-04 07:36:55,875 - INFO - Training minLSTM C=30 A=6 N=3500 L=2 U=128 D=256 run=0
2026-09-04 07:37:49,907 - INFO - minLSTM loss=0.0363 acc=1.000 DL=0.000 JW=0.000
2026-09-04 07:37:50,019 - INFO - Training RWKV C=30 A=6 N=3500 L=2 U=1024 D=256 run=0
2026-09-04 07:37:55,472 - INFO - RWKV loss=0.0107 acc=1.000 DL=0.000 JW=0.000
2026-09-04 07:37:55,504 - INFO - Training minLSTM C=30 A=6 N=3500 L=2 U=128 D=256 run=0
2026-09-04 07:38:54,453 - INFO - minLSTM loss=0.0486 acc=1.000 DL=0.000 JW=0.000
2026-09-04 07:38:54,634 - INFO - Training RWKV C=30 A=6 N=3500 L=2 U=1024 D=256 run=0
2026-09-04 07:39:00,128 - INFO - RWKV loss=0.0260 acc=1.000 DL=0.000 JW=0.000
2026-09-04 07:39:00,160 - INFO - Training minLSTM C=50 A=6 N=3500 L=2 U=128 D=256 run=0
2026-09-04 07:40:30,205 - INFO - minLSTM loss=0.0512 acc=1.000 DL=0.000 JW=0.000
2026-09-04 07:40:30,317 - INFO - Training RWKV C=50 A=6 N=3500 L=2 U=1024 D=256 run=0
2026-09-04 07:40:38,702 - INFO - RWKV loss=0.0459 acc=0.988 DL=0.520 JW=0.145
2026-09-04 07:40:38,734 - INFO - Training minLSTM C=50 A=6 N=3500 L=2 U=128 D=256 run=0
2026-09-04 07:42:13,711 - INFO - minLSTM loss=0.0473 acc=1.000 DL=0.000 JW=0.000
2026-09-04 07:42:13,824 - INFO - Training RWKV C=50 A=6 N=3500 L=2 U=1024 D=256 run=0
2026-09-04 07:42:22,211 - INFO - RWKV loss=0.0106 acc=1.000 DL=0.000 JW=0.000
2026-09-04 07:42:22,240 - INFO - Training minLSTM C=70 A=6 N=3500 L=2 U=128 D=256 run=0
2026-09-04 07:44:46,236 - INFO - minLSTM loss=0.0459 acc=1.000 DL=0.000 JW=0.000
2026-09-04 07:44:46,351 - INFO - Training RWKV C=70 A=6 N=3500 L=2 U=1024 D=256 run=0
2026-09-04 07:44:57,775 - INFO - RWKV loss=0.0432 acc=0.982 DL=0.430 JW=0.089
2026-09-04 07:44:57,806 - INFO - Training minLSTM C=70 A=6 N=3500 L=2 U=128 D=256 run=0
2026-09-04 07:47:06,369 - INFO - minLSTM loss=0.0467 acc=1.000 DL=0.000 JW=0.000
2026-09-04 07:47:06,477 - INFO - Training RWKV C=70 A=6 N=3500 L=2 U=1024 D=256 run=0
2026-09-04 07:47:16,205 - INFO - RWKV loss=0.0315 acc=1.000 DL=0.000 JW=0.000
2026-09-04 07:47:16,237 - INFO - Training minLSTM C=90 A=6 N=3500 L=2 U=128 D=256 run=0
2026-09-04 07:50:29,411 - INFO - minLSTM loss=0.0446 acc=1.000 DL=0.000 JW=0.000
2026-09-04 07:50:29,525 - INFO - Training RWKV C=90 A=6 N=3500 L=2 U=1024 D=256 run=0
2026-09-04 07:50:43,700 - INFO - RWKV loss=0.0152 acc=1.000 DL=0.000 JW=0.000
2026-09-04 07:50:43,727 - INFO - Training minLSTM C=90 A=6 N=3500 L=2 U=128 D=256 run=0
2026-09-04 07:53:49,388 - INFO - minLSTM loss=0.0440 acc=0.994 DL=0.020 JW=0.079
2026-09-04 07:53:49,496 - INFO - Training RWKV C=90 A=6 N=3500 L=2 U=1024 D=256 run=0
2026-09-04 07:54:03,832 - INFO - RWKV loss=0.0481 acc=0.994 DL=0.020 JW=0.079
2026-09-04 07:54:03,832 - INFO - Generating seeds for alphabet size 8
2026-09-04 07:54:03,883 - INFO - Training minLSTM C=10 A=8 N=3500 L=2 U=128 D=256 run=0
2026-09-04 07:54:13,938 - INFO - minLSTM loss=0.0470 acc=1.000 DL=0.000 JW=0.000
2026-09-04 07:54:14,045 - INFO - Training RWKV C=10 A=8 N=3500 L=2 U=1024 D=256 run=0
2026-09-04 07:54:16,679 - INFO - RWKV loss=0.0049 acc=1.000 DL=0.000 JW=0.000
2026-09-04 07:54:16,709 - INFO - Training minLSTM C=10 A=8 N=3500 L=2 U=128 D=256 run=0
2026-09-04 07:54:29,477 - INFO - minLSTM loss=0.0280 acc=1.000 DL=0.000 JW=0.000
2026-09-04 07:54:29,593 - INFO - Training RWKV C=10 A=8 N=3500 L=2 U=1024 D=256 run=0
2026-09-04 07:54:32,193 - INFO - RWKV loss=0.0061 acc=1.000 DL=0.000 JW=0.000
2026-09-04 07:54:32,222 - INFO - Training minLSTM C=30 A=8 N=3500 L=2 U=128 D=256 run=0
2026-09-04 07:55:20,971 - INFO - minLSTM loss=0.0482 acc=1.000 DL=0.000 JW=0.000
2026-09-04 07:55:21,081 - INFO - Training RWKV C=30 A=8 N=3500 L=2 U=1024 D=256 run=0
2026-09-04 07:55:25,134 - INFO - RWKV loss=0.0194 acc=1.000 DL=0.000 JW=0.000
2026-09-04 07:55:25,162 - INFO - Training minLSTM C=30 A=8 N=3500 L=2 U=128 D=256 run=0
2026-09-04 07:56:11,436 - INFO - minLSTM loss=0.0428 acc=1.000 DL=0.000 JW=0.000
2026-09-04 07:56:11,554 - INFO - Training RWKV C=30 A=8 N=3500 L=2 U=1024 D=256 run=0
2026-09-04 07:56:15,679 - INFO - RWKV loss=0.0131 acc=1.000 DL=0.000 JW=0.000
2026-09-04 07:56:15,710 - INFO - Training minLSTM C=50 A=8 N=3500 L=2 U=128 D=256 run=0
2026-09-04 07:57:43,263 - INFO - minLSTM loss=0.0494 acc=1.000 DL=0.000 JW=0.000
2026-09-04 07:57:43,376 - INFO - Training RWKV C=50 A=8 N=3500 L=2 U=1024 D=256 run=0
2026-09-04 07:57:50,542 - INFO - RWKV loss=0.0128 acc=1.000 DL=0.000 JW=0.000
2026-09-04 07:57:50,572 - INFO - Training minLSTM C=50 A=8 N=3500 L=2 U=128 D=256 run=0
2026-09-04 07:59:02,765 - INFO - minLSTM loss=0.0490 acc=1.000 DL=0.000 JW=0.000
2026-09-04 07:59:02,877 - INFO - Training RWKV C=50 A=8 N=3500 L=2 U=1024 D=256 run=0
2026-09-04 07:59:08,352 - INFO - RWKV loss=0.0407 acc=1.000 DL=0.000 JW=0.000
2026-09-04 07:59:08,383 - INFO - Training minLSTM C=70 A=8 N=3500 L=2 U=128 D=256 run=0
2026-09-04 08:00:48,268 - INFO - minLSTM loss=0.0474 acc=1.000 DL=0.000 JW=0.000
2026-09-04 08:00:48,381 - INFO - Training RWKV C=70 A=8 N=3500 L=2 U=1024 D=256 run=0
2026-09-04 08:00:56,805 - INFO - RWKV loss=0.0130 acc=1.000 DL=0.000 JW=0.000
2026-09-04 08:00:56,834 - INFO - Training minLSTM C=70 A=8 N=3500 L=2 U=128 D=256 run=0
2026-09-04 08:02:31,551 - INFO - minLSTM loss=0.0467 acc=1.000 DL=0.000 JW=0.000
2026-09-04 08:02:31,666 - INFO - Training RWKV C=70 A=8 N=3500 L=2 U=1024 D=256 run=0
2026-09-04 08:02:38,613 - INFO - RWKV loss=0.0257 acc=1.000 DL=0.000 JW=0.000
2026-09-04 08:02:38,642 - INFO - Training minLSTM C=90 A=8 N=3500 L=2 U=128 D=256 run=0
2026-09-04 08:04:41,813 - INFO - minLSTM loss=0.0463 acc=1.000 DL=0.000 JW=0.000
2026-09-04 08:04:41,926 - INFO - Training RWKV C=90 A=8 N=3500 L=2 U=1024 D=256 run=0
2026-09-04 08:04:50,294 - INFO - RWKV loss=0.0193 acc=1.000 DL=0.000 JW=0.000
2026-09-04 08:04:50,322 - INFO - Training minLSTM C=90 A=8 N=3500 L=2 U=128 D=256 run=0
2026-09-04 08:06:53,302 - INFO - minLSTM loss=0.0481 acc=1.000 DL=0.000 JW=0.000
2026-09-04 08:06:53,409 - INFO - Training RWKV C=90 A=8 N=3500 L=2 U=1024 D=256 run=0
2026-09-04 08:07:01,740 - INFO - RWKV loss=0.0160 acc=1.000 DL=0.000 JW=0.000
2026-09-04 08:07:01,740 - INFO - Selected 80/640 configurations for this task
