2026-09-04 04:38:21,179 - INFO - Generating seeds for alphabet size 2
2026-09-04 04:38:21,433 - INFO - Training LSTM C=10 A=2 N=3500 L=2 U=128 D=256 run=1
2026-09-04 04:38:44,171 - INFO - LSTM loss=0.0305 acc=1.000 DL=0.000 JW=0.000
2026-09-04 04:38:44,285 - INFO - Training Transformer C=10 A=2 N=3500 L=2 U=1024 D=256 run=1
2026-09-04 04:39:01,145 - INFO - Transformer loss=0.0116 acc=1.000 DL=0.000 JW=0.000
2026-09-04 04:39:01,381 - INFO - Training LSTM C=10 A=2 N=3500 L=2 U=128 D=256 run=1
2026-09-04 04:39:23,860 - INFO - LSTM loss=0.0394 acc=1.000 DL=0.000 JW=0.000
2026-09-04 04:39:23,980 - INFO - Training Transformer C=10 A=2 N=3500 L=2 U=1024 D=256 run=1
2026-09-04 04:40:12,441 - INFO - Transformer loss=0.0057 acc=1.000 DL=0.000 JW=0.000
2026-09-04 04:40:12,501 - INFO - Training LSTM C=30 A=2 N=3500 L=2 U=128 D=256 run=1
2026-09-04 04:41:10,539 - INFO - LSTM loss=0.0499 acc=1.000 DL=0.000 JW=0.000
2026-09-04 04:41:10,650 - INFO - Training Transformer C=30 A=2 N=3500 L=2 U=1024 D=256 run=1
2026-09-04 04:41:54,792 - INFO - Transformer loss=0.3671 acc=0.839 DL=0.210 JW=0.107
2026-09-04 04:41:54,854 - INFO - Training LSTM C=30 A=2 N=3500 L=2 U=128 D=256 run=1
2026-09-04 04:42:54,885 - INFO - LSTM loss=0.0449 acc=1.000 DL=0.000 JW=0.000
2026-09-04 04:42:54,992 - INFO - Training Transformer C=30 A=2 N=3500 L=2 U=1024 D=256 run=1
2026-09-04 04:43:20,914 - INFO - Transformer loss=0.0114 acc=1.000 DL=0.000 JW=0.000
2026-09-04 04:43:20,974 - INFO - Training LSTM C=50 A=2 N=3500 L=2 U=128 D=256 run=1
2026-09-04 04:44:25,915 - INFO - LSTM loss=0.0500 acc=0.994 DL=0.000 JW=0.000
2026-09-04 04:44:26,021 - INFO - Training Transformer C=50 A=2 N=3500 L=2 U=1024 D=256 run=1
2026-09-04 04:45:40,262 - INFO - Transformer loss=0.6658 acc=0.606 DL=0.370 JW=0.176
2026-09-04 04:45:40,322 - INFO - Training LSTM C=50 A=2 N=3500 L=2 U=128 D=256 run=1
2026-09-04 04:46:15,921 - INFO - LSTM loss=0.6271 acc=0.661 DL=0.390 JW=0.122
2026-09-04 04:46:16,030 - INFO - Training Transformer C=50 A=2 N=3500 L=2 U=1024 D=256 run=1
2026-09-04 04:46:32,955 - INFO - Transformer loss=0.6931 acc=0.491 DL=0.310 JW=0.067
2026-09-04 04:46:33,013 - INFO - Training LSTM C=70 A=2 N=3500 L=2 U=128 D=256 run=1
2026-09-04 04:48:51,978 - INFO - LSTM loss=0.0390 acc=0.997 DL=0.000 JW=0.000
2026-09-04 04:48:52,086 - INFO - Training Transformer C=70 A=2 N=3500 L=2 U=1024 D=256 run=1
2026-09-04 04:49:40,759 - INFO - Transformer loss=0.6932 acc=0.491 DL=0.600 JW=0.400
2026-09-04 04:49:40,819 - INFO - Training LSTM C=70 A=2 N=3500 L=2 U=128 D=256 run=1
2026-09-04 04:51:00,761 - INFO - LSTM loss=0.1982 acc=0.921 DL=0.000 JW=0.000
2026-09-04 04:51:00,872 - INFO - Training Transformer C=70 A=2 N=3500 L=2 U=1024 D=256 run=1
2026-09-04 04:51:22,343 - INFO - Transformer loss=0.6971 acc=0.512 DL=0.410 JW=0.219
2026-09-04 04:51:22,403 - INFO - Training LSTM C=90 A=2 N=3500 L=2 U=128 D=256 run=1
2026-09-04 04:53:08,786 - INFO - LSTM loss=0.5638 acc=0.697 DL=0.280 JW=0.087
2026-09-04 04:53:08,891 - INFO - Training Transformer C=90 A=2 N=3500 L=2 U=1024 D=256 run=1
2026-09-04 04:53:45,449 - INFO - Transformer loss=0.6917 acc=0.527 DL=0.470 JW=0.251
2026-09-04 04:53:45,690 - INFO - Training LSTM C=90 A=2 N=3500 L=2 U=128 D=256 run=1
2026-09-04 04:55:34,423 - INFO - LSTM loss=0.0510 acc=1.000 DL=0.000 JW=0.000
2026-09-04 04:55:34,533 - INFO - Training Transformer C=90 A=2 N=3500 L=2 U=1024 D=256 run=1
2026-09-04 04:56:09,610 - INFO - Transformer loss=0.6928 acc=0.515 DL=0.470 JW=0.313
2026-09-04 04:56:09,646 - INFO - Generating seeds for alphabet size 4
2026-09-04 04:56:09,704 - INFO - Training LSTM C=10 A=4 N=3500 L=2 U=128 D=256 run=1
2026-09-04 04:56:26,847 - INFO - LSTM loss=0.0474 acc=1.000 DL=0.000 JW=0.000
2026-09-04 04:56:26,952 - INFO - Training Transformer C=10 A=4 N=3500 L=2 U=1024 D=256 run=1
2026-09-04 04:56:33,259 - INFO - Transformer loss=0.0074 acc=1.000 DL=0.000 JW=0.000
2026-09-04 04:56:33,317 - INFO - Training LSTM C=10 A=4 N=3500 L=2 U=128 D=256 run=1
2026-09-04 04:56:49,366 - INFO - LSTM loss=0.0350 acc=1.000 DL=0.000 JW=0.000
2026-09-04 04:56:49,471 - INFO - Training Transformer C=10 A=4 N=3500 L=2 U=1024 D=256 run=1
2026-09-04 04:56:57,276 - INFO - Transformer loss=0.0048 acc=1.000 DL=0.000 JW=0.000
2026-09-04 04:56:57,340 - INFO - Training LSTM C=30 A=4 N=3500 L=2 U=128 D=256 run=1
2026-09-04 04:57:49,315 - INFO - LSTM loss=0.0483 acc=1.000 DL=0.000 JW=0.000
2026-09-04 04:57:49,424 - INFO - Training Transformer C=30 A=4 N=3500 L=2 U=1024 D=256 run=1
2026-09-04 04:58:06,217 - INFO - Transformer loss=0.0173 acc=1.000 DL=0.000 JW=0.000
2026-09-04 04:58:06,279 - INFO - Training LSTM C=30 A=4 N=3500 L=2 U=128 D=256 run=1
2026-09-04 04:58:59,488 - INFO - LSTM loss=0.0491 acc=1.000 DL=0.000 JW=0.000
2026-09-04 04:58:59,601 - INFO - Training Transformer C=30 A=4 N=3500 L=2 U=1024 D=256 run=1
2026-09-04 04:59:13,429 - INFO - Transformer loss=0.0482 acc=0.979 DL=0.040 JW=0.022
2026-09-04 04:59:13,491 - INFO - Training LSTM C=50 A=4 N=3500 L=2 U=128 D=256 run=1
2026-09-04 05:00:31,681 - INFO - LSTM loss=0.0506 acc=1.000 DL=0.000 JW=0.000
2026-09-04 05:00:31,792 - INFO - Training Transformer C=50 A=4 N=3500 L=2 U=1024 D=256 run=1
2026-09-04 05:00:54,606 - INFO - Transformer loss=0.0159 acc=1.000 DL=0.000 JW=0.000
2026-09-04 05:00:54,665 - INFO - Training LSTM C=50 A=4 N=3500 L=2 U=128 D=256 run=1
2026-09-04 05:02:32,509 - INFO - LSTM loss=0.0701 acc=1.000 DL=0.000 JW=0.000
2026-09-04 05:02:32,616 - INFO - Training Transformer C=50 A=4 N=3500 L=2 U=1024 D=256 run=1
2026-09-04 05:02:52,422 - INFO - Transformer loss=0.0345 acc=1.000 DL=0.000 JW=0.000
2026-09-04 05:02:52,480 - INFO - Training LSTM C=70 A=4 N=3500 L=2 U=128 D=256 run=1
2026-09-04 05:03:55,353 - INFO - LSTM loss=0.0442 acc=1.000 DL=0.000 JW=0.000
2026-09-04 05:03:55,462 - INFO - Training Transformer C=70 A=4 N=3500 L=2 U=1024 D=256 run=1
2026-09-04 05:04:34,962 - INFO - Transformer loss=0.0313 acc=0.994 DL=0.010 JW=0.006
2026-09-04 05:04:35,021 - INFO - Training LSTM C=70 A=4 N=3500 L=2 U=128 D=256 run=1
2026-09-04 05:06:05,086 - INFO - LSTM loss=0.0431 acc=1.000 DL=0.000 JW=0.000
2026-09-04 05:06:05,195 - INFO - Training Transformer C=70 A=4 N=3500 L=2 U=1024 D=256 run=1
2026-09-04 05:06:38,703 - INFO - Transformer loss=0.0495 acc=0.985 DL=0.010 JW=0.006
2026-09-04 05:06:38,766 - INFO - Training LSTM C=90 A=4 N=3500 L=2 U=128 D=256 run=1
2026-09-04 05:07:49,350 - INFO - LSTM loss=0.4239 acc=0.839 DL=0.240 JW=0.049
2026-09-04 05:07:49,456 - INFO - Training Transformer C=90 A=4 N=3500 L=2 U=1024 D=256 run=1
2026-09-04 05:08:32,084 - INFO - Transformer loss=0.0320 acc=0.991 DL=0.090 JW=0.030
2026-09-04 05:08:32,146 - INFO - Training LSTM C=90 A=4 N=3500 L=2 U=128 D=256 run=1
2026-09-04 05:10:03,692 - INFO - LSTM loss=0.0448 acc=1.000 DL=0.000 JW=0.000
2026-09-04 05:10:03,802 - INFO - Training Transformer C=90 A=4 N=3500 L=2 U=1024 D=256 run=1
2026-09-04 05:10:55,546 - INFO - Transformer loss=0.0480 acc=0.988 DL=0.000 JW=0.000
2026-09-04 05:10:55,584 - INFO - Generating seeds for alphabet size 6
2026-09-04 05:10:55,638 - INFO - Training LSTM C=10 A=6 N=3500 L=2 U=128 D=256 run=1
2026-09-04 05:11:12,736 - INFO - LSTM loss=0.0449 acc=1.000 DL=0.000 JW=0.000
2026-09-04 05:11:12,841 - INFO - Training Transformer C=10 A=6 N=3500 L=2 U=1024 D=256 run=1
2026-09-04 05:11:19,148 - INFO - Transformer loss=0.0045 acc=1.000 DL=0.000 JW=0.000
2026-09-04 05:11:19,209 - INFO - Training LSTM C=10 A=6 N=3500 L=2 U=128 D=256 run=1
2026-09-04 05:11:38,479 - INFO - LSTM loss=0.0473 acc=1.000 DL=0.000 JW=0.000
2026-09-04 05:11:38,588 - INFO - Training Transformer C=10 A=6 N=3500 L=2 U=1024 D=256 run=1
2026-09-04 05:11:47,893 - INFO - Transformer loss=0.0042 acc=1.000 DL=0.000 JW=0.000
2026-09-04 05:11:47,956 - INFO - Training LSTM C=30 A=6 N=3500 L=2 U=128 D=256 run=1
2026-09-04 05:12:43,364 - INFO - LSTM loss=0.0483 acc=1.000 DL=0.000 JW=0.000
2026-09-04 05:12:43,471 - INFO - Training Transformer C=30 A=6 N=3500 L=2 U=1024 D=256 run=1
2026-09-04 05:12:55,770 - INFO - Transformer loss=0.0079 acc=1.000 DL=0.000 JW=0.000
2026-09-04 05:12:55,831 - INFO - Training LSTM C=30 A=6 N=3500 L=2 U=128 D=256 run=1
2026-09-04 05:13:35,856 - INFO - LSTM loss=0.0501 acc=1.000 DL=0.000 JW=0.000
2026-09-04 05:13:35,962 - INFO - Training Transformer C=30 A=6 N=3500 L=2 U=1024 D=256 run=1
2026-09-04 05:13:46,828 - INFO - Transformer loss=0.0420 acc=1.000 DL=0.000 JW=0.000
2026-09-04 05:13:46,887 - INFO - Training LSTM C=50 A=6 N=3500 L=2 U=128 D=256 run=1
2026-09-04 05:15:24,490 - INFO - LSTM loss=0.0782 acc=1.000 DL=0.000 JW=0.000
2026-09-04 05:15:24,610 - INFO - Training Transformer C=50 A=6 N=3500 L=2 U=1024 D=256 run=1
2026-09-04 05:15:39,920 - INFO - Transformer loss=0.0430 acc=1.000 DL=0.000 JW=0.000
2026-09-04 05:15:39,983 - INFO - Training LSTM C=50 A=6 N=3500 L=2 U=128 D=256 run=1
2026-09-04 05:18:00,736 - INFO - LSTM loss=0.0414 acc=1.000 DL=0.000 JW=0.000
2026-09-04 05:18:00,982 - INFO - Training Transformer C=50 A=6 N=3500 L=2 U=1024 D=256 run=1
2026-09-04 05:18:17,773 - INFO - Transformer loss=0.0269 acc=1.000 DL=0.000 JW=0.000
2026-09-04 05:18:17,837 - INFO - Training LSTM C=70 A=6 N=3500 L=2 U=128 D=256 run=1
2026-09-04 05:19:25,150 - INFO - LSTM loss=0.0475 acc=1.000 DL=0.000 JW=0.000
2026-09-04 05:19:25,260 - INFO - Training Transformer C=70 A=6 N=3500 L=2 U=1024 D=256 run=1
2026-09-04 05:19:52,562 - INFO - Transformer loss=0.0432 acc=1.000 DL=0.000 JW=0.000
2026-09-04 05:19:52,622 - INFO - Training LSTM C=70 A=6 N=3500 L=2 U=128 D=256 run=1
2026-09-04 05:21:09,576 - INFO - LSTM loss=0.0482 acc=1.000 DL=0.000 JW=0.000
2026-09-04 05:21:09,685 - INFO - Training Transformer C=70 A=6 N=3500 L=2 U=1024 D=256 run=1
2026-09-04 05:21:33,980 - INFO - Transformer loss=0.0262 acc=0.991 DL=0.010 JW=0.007
2026-09-04 05:21:34,040 - INFO - Training LSTM C=90 A=6 N=3500 L=2 U=128 D=256 run=1
2026-09-04 05:23:01,084 - INFO - LSTM loss=0.2980 acc=0.958 DL=0.130 JW=0.077
2026-09-04 05:23:01,191 - INFO - Training Transformer C=90 A=6 N=3500 L=2 U=1024 D=256 run=1
2026-09-04 05:23:28,485 - INFO - Transformer loss=0.0276 acc=1.000 DL=0.000 JW=0.000
2026-09-04 05:23:28,548 - INFO - Training LSTM C=90 A=6 N=3500 L=2 U=128 D=256 run=1
2026-09-04 05:25:03,825 - INFO - LSTM loss=0.0464 acc=1.000 DL=0.000 JW=0.000
2026-09-04 05:25:03,932 - INFO - Training Transformer C=90 A=6 N=3500 L=2 U=1024 D=256 run=1
2026-09-04 05:25:29,910 - INFO - Transformer loss=0.0240 acc=1.000 DL=0.000 JW=0.000
2026-09-04 05:25:29,945 - INFO - Generating seeds for alphabet size 8
2026-09-04 05:25:29,993 - INFO - Training LSTM C=10 A=8 N=3500 L=2 U=128 D=256 run=1
2026-09-04 05:25:48,229 - INFO - LSTM loss=0.0442 acc=1.000 DL=0.000 JW=0.000
2026-09-04 05:25:48,335 - INFO - Training Transformer C=10 A=8 N=3500 L=2 U=1024 D=256 run=1
2026-09-04 05:25:54,647 - INFO - Transformer loss=0.0082 acc=1.000 DL=0.000 JW=0.000
2026-09-04 05:25:54,709 - INFO - Training LSTM C=10 A=8 N=3500 L=2 U=128 D=256 run=1
2026-09-04 05:26:16,147 - INFO - LSTM loss=0.0467 acc=1.000 DL=0.000 JW=0.000
2026-09-04 05:26:16,253 - INFO - Training Transformer C=10 A=8 N=3500 L=2 U=1024 D=256 run=1
2026-09-04 05:26:22,559 - INFO - Transformer loss=0.0077 acc=1.000 DL=0.000 JW=0.000
2026-09-04 05:26:22,625 - INFO - Training LSTM C=30 A=8 N=3500 L=2 U=128 D=256 run=1
2026-09-04 05:26:52,845 - INFO - LSTM loss=1.2701 acc=0.530 DL=0.600 JW=0.307
2026-09-04 05:26:52,955 - INFO - Training Transformer C=30 A=8 N=3500 L=2 U=1024 D=256 run=1
2026-09-04 05:27:05,353 - INFO - Transformer loss=0.0126 acc=1.000 DL=0.000 JW=0.000
2026-09-04 05:27:05,415 - INFO - Training LSTM C=30 A=8 N=3500 L=2 U=128 D=256 run=1
2026-09-04 05:27:52,075 - INFO - LSTM loss=0.0471 acc=1.000 DL=0.000 JW=0.000
2026-09-04 05:27:52,184 - INFO - Training Transformer C=30 A=8 N=3500 L=2 U=1024 D=256 run=1
2026-09-04 05:28:04,495 - INFO - Transformer loss=0.0294 acc=1.000 DL=0.000 JW=0.000
2026-09-04 05:28:04,559 - INFO - Training LSTM C=50 A=8 N=3500 L=2 U=128 D=256 run=1
2026-09-04 05:29:40,491 - INFO - LSTM loss=0.0490 acc=1.000 DL=0.000 JW=0.000
2026-09-04 05:29:40,643 - INFO - Training Transformer C=50 A=8 N=3500 L=2 U=1024 D=256 run=1
2026-09-04 05:29:54,465 - INFO - Transformer loss=0.0362 acc=0.985 DL=0.060 JW=0.024
2026-09-04 05:29:54,533 - INFO - Training LSTM C=50 A=8 N=3500 L=2 U=128 D=256 run=1
2026-09-04 05:32:36,414 - INFO - LSTM loss=0.0490 acc=1.000 DL=0.000 JW=0.000
2026-09-04 05:32:36,523 - INFO - Training Transformer C=50 A=8 N=3500 L=2 U=1024 D=256 run=1
2026-09-04 05:32:48,982 - INFO - Transformer loss=0.0396 acc=0.985 DL=0.070 JW=0.024
2026-09-04 05:32:49,043 - INFO - Training LSTM C=70 A=8 N=3500 L=2 U=128 D=256 run=1
2026-09-04 05:36:27,621 - INFO - LSTM loss=0.0522 acc=1.000 DL=0.000 JW=0.000
2026-09-04 05:36:27,729 - INFO - Training Transformer C=70 A=8 N=3500 L=2 U=1024 D=256 run=1
2026-09-04 05:36:44,702 - INFO - Transformer loss=0.0361 acc=0.982 DL=0.070 JW=0.039
2026-09-04 05:36:44,761 - INFO - Training LSTM C=70 A=8 N=3500 L=2 U=128 D=256 run=1
2026-09-04 05:37:46,571 - INFO - LSTM loss=0.4739 acc=0.921 DL=0.420 JW=0.087
2026-09-04 05:37:46,718 - INFO - Training Transformer C=70 A=8 N=3500 L=2 U=1024 D=256 run=1
2026-09-04 05:38:02,037 - INFO - Transformer loss=0.0353 acc=1.000 DL=0.000 JW=0.000
2026-09-04 05:38:02,099 - INFO - Training LSTM C=90 A=8 N=3500 L=2 U=128 D=256 run=1
2026-09-04 05:39:41,075 - INFO - LSTM loss=0.1622 acc=1.000 DL=0.000 JW=0.000
2026-09-04 05:39:41,184 - INFO - Training Transformer C=90 A=8 N=3500 L=2 U=1024 D=256 run=1
2026-09-04 05:40:05,520 - INFO - Transformer loss=0.0286 acc=0.994 DL=0.050 JW=0.031
2026-09-04 05:40:05,585 - INFO - Training LSTM C=90 A=8 N=3500 L=2 U=128 D=256 run=1
2026-09-04 05:41:55,179 - INFO - LSTM loss=0.0909 acc=1.000 DL=0.000 JW=0.000
2026-09-04 05:41:55,289 - INFO - Training Transformer C=90 A=8 N=3500 L=2 U=1024 D=256 run=1
2026-09-04 05:42:15,153 - INFO - Transformer loss=0.0424 acc=1.000 DL=0.000 JW=0.000
2026-09-04 05:42:15,190 - INFO - Selected 80/640 configurations for this task
